Archive member included to satisfy reference by file (symbol)

peripherals/ds3231/libpico_ds3231.a(ds3231.c.obj)
                              CMakeFiles/days2bin.dir/days2bin.c.obj (ds3231_init)
/Applications/ArmGNUToolchain/13.2.Rel1/arm-none-eabi/bin/../lib/gcc/arm-none-eabi/13.2.1/thumb/v6-m/nofp/libgcc.a(_dvmd_tls.o)
                              CMakeFiles/days2bin.dir/Users/john/pico/pico-sdk/src/rp2_common/pico_divider/divider.S.obj (__aeabi_idiv0)
/Applications/ArmGNUToolchain/13.2.Rel1/arm-none-eabi/bin/../lib/gcc/arm-none-eabi/13.2.1/../../../../arm-none-eabi/lib/thumb/v6-m/nofp/libg.a(libc_a-atoi.o)
                              CMakeFiles/days2bin.dir/Users/john/pico/pico-sdk/lib/lwip/src/core/netif.c.obj (atoi)
/Applications/ArmGNUToolchain/13.2.Rel1/arm-none-eabi/bin/../lib/gcc/arm-none-eabi/13.2.1/../../../../arm-none-eabi/lib/thumb/v6-m/nofp/libg.a(libc_a-calloc.o)
                              CMakeFiles/days2bin.dir/Users/john/pico/pico-sdk/src/rp2_common/pico_malloc/pico_malloc.c.obj (calloc)
/Applications/ArmGNUToolchain/13.2.Rel1/arm-none-eabi/bin/../lib/gcc/arm-none-eabi/13.2.1/../../../../arm-none-eabi/lib/thumb/v6-m/nofp/libg.a(libc_a-callocr.o)
                              /Applications/ArmGNUToolchain/13.2.Rel1/arm-none-eabi/bin/../lib/gcc/arm-none-eabi/13.2.1/../../../../arm-none-eabi/lib/thumb/v6-m/nofp/libg.a(libc_a-calloc.o) (_calloc_r)
/Applications/ArmGNUToolchain/13.2.Rel1/arm-none-eabi/bin/../lib/gcc/arm-none-eabi/13.2.1/../../../../arm-none-eabi/lib/thumb/v6-m/nofp/libg.a(libc_a-malloc.o)
                              CMakeFiles/days2bin.dir/Users/john/pico/pico-sdk/src/rp2_common/pico_malloc/pico_malloc.c.obj (malloc)
/Applications/ArmGNUToolchain/13.2.Rel1/arm-none-eabi/bin/../lib/gcc/arm-none-eabi/13.2.1/../../../../arm-none-eabi/lib/thumb/v6-m/nofp/libg.a(libc_a-mallocr.o)
                              /Applications/ArmGNUToolchain/13.2.Rel1/arm-none-eabi/bin/../lib/gcc/arm-none-eabi/13.2.1/../../../../arm-none-eabi/lib/thumb/v6-m/nofp/libg.a(libc_a-callocr.o) (_malloc_r)
/Applications/ArmGNUToolchain/13.2.Rel1/arm-none-eabi/bin/../lib/gcc/arm-none-eabi/13.2.1/../../../../arm-none-eabi/lib/thumb/v6-m/nofp/libg.a(libc_a-mlock.o)
                              /Applications/ArmGNUToolchain/13.2.Rel1/arm-none-eabi/bin/../lib/gcc/arm-none-eabi/13.2.1/../../../../arm-none-eabi/lib/thumb/v6-m/nofp/libg.a(libc_a-mallocr.o) (__malloc_lock)
/Applications/ArmGNUToolchain/13.2.Rel1/arm-none-eabi/bin/../lib/gcc/arm-none-eabi/13.2.1/../../../../arm-none-eabi/lib/thumb/v6-m/nofp/libg.a(libc_a-realloc.o)
                              CMakeFiles/days2bin.dir/Users/john/pico/pico-sdk/src/rp2_common/pico_malloc/pico_malloc.c.obj (realloc)
/Applications/ArmGNUToolchain/13.2.Rel1/arm-none-eabi/bin/../lib/gcc/arm-none-eabi/13.2.1/../../../../arm-none-eabi/lib/thumb/v6-m/nofp/libg.a(libc_a-reallocr.o)
                              /Applications/ArmGNUToolchain/13.2.Rel1/arm-none-eabi/bin/../lib/gcc/arm-none-eabi/13.2.1/../../../../arm-none-eabi/lib/thumb/v6-m/nofp/libg.a(libc_a-realloc.o) (_realloc_r)
/Applications/ArmGNUToolchain/13.2.Rel1/arm-none-eabi/bin/../lib/gcc/arm-none-eabi/13.2.1/../../../../arm-none-eabi/lib/thumb/v6-m/nofp/libg.a(libc_a-strtol.o)
                              /Applications/ArmGNUToolchain/13.2.Rel1/arm-none-eabi/bin/../lib/gcc/arm-none-eabi/13.2.1/../../../../arm-none-eabi/lib/thumb/v6-m/nofp/libg.a(libc_a-atoi.o) (_strtol_r)
/Applications/ArmGNUToolchain/13.2.Rel1/arm-none-eabi/bin/../lib/gcc/arm-none-eabi/13.2.1/../../../../arm-none-eabi/lib/thumb/v6-m/nofp/libg.a(libc_a-memcmp.o)
                              CMakeFiles/days2bin.dir/access_point/dhcpserver/dhcpserver.c.obj (memcmp)
/Applications/ArmGNUToolchain/13.2.Rel1/arm-none-eabi/bin/../lib/gcc/arm-none-eabi/13.2.1/../../../../arm-none-eabi/lib/thumb/v6-m/nofp/libg.a(libc_a-memmove.o)
                              CMakeFiles/days2bin.dir/Users/john/pico/pico-sdk/lib/lwip/src/core/def.c.obj (memmove)
/Applications/ArmGNUToolchain/13.2.Rel1/arm-none-eabi/bin/../lib/gcc/arm-none-eabi/13.2.1/../../../../arm-none-eabi/lib/thumb/v6-m/nofp/libg.a(libc_a-strchr.o)
                              CMakeFiles/days2bin.dir/Users/john/pico/pico-sdk/lib/lwip/src/apps/http/httpd.c.obj (strchr)
/Applications/ArmGNUToolchain/13.2.Rel1/arm-none-eabi/bin/../lib/gcc/arm-none-eabi/13.2.1/../../../../arm-none-eabi/lib/thumb/v6-m/nofp/libg.a(libc_a-strncmp.o)
                              CMakeFiles/days2bin.dir/Users/john/pico/pico-sdk/lib/lwip/src/core/def.c.obj (strncmp)
/Applications/ArmGNUToolchain/13.2.Rel1/arm-none-eabi/bin/../lib/gcc/arm-none-eabi/13.2.1/../../../../arm-none-eabi/lib/thumb/v6-m/nofp/libg.a(libc_a-strncpy.o)
                              CMakeFiles/days2bin.dir/access_point/ssi.c.obj (strncpy)
/Applications/ArmGNUToolchain/13.2.Rel1/arm-none-eabi/bin/../lib/gcc/arm-none-eabi/13.2.1/../../../../arm-none-eabi/lib/thumb/v6-m/nofp/libg.a(libc_a-difftime.o)
[...]
Memory Configuration

Name             Origin             Length             Attributes
FLASH            0x10000000         0x001ff000         xr
FLASH_PERSISTENT 0x101ff000         0x00001000         rw
RAM              0x20000000         0x00040000         xrw
SCRATCH_X        0x20040000         0x00001000         xrw
SCRATCH_Y        0x20041000         0x00001000         xrw
*default*        0x00000000         0xffffffff

Linker script and memory map

LOAD /Applications/ArmGNUToolchain/13.2.Rel1/arm-none-eabi/bin/../lib/gcc/arm-none-eabi/13.2.1/thumb/v6-m/nofp/crti.o
LOAD /Applications/ArmGNUToolchain/13.2.Rel1/arm-none-eabi/bin/../lib/gcc/arm-none-eabi/13.2.1/thumb/v6-m/nofp/crtbegin.o
LOAD /Applications/ArmGNUToolchain/13.2.Rel1/arm-none-eabi/bin/../lib/gcc/arm-none-eabi/13.2.1/../../../../arm-none-eabi/lib/thumb/v6-m/nofp/crt0.o
                0x00001000                        __PERSISTENT_STORAGE_LEN = 0x1000

.flash_begin    0x10000000        0x0
                0x10000000                        __flash_binary_start = .

.boot2          0x10000000      0x100
                0x10000000                        __boot2_start__ = .
 *(.boot2)
 .boot2         0x10000000      0x100 /var/folders/qf/h_b7xcj51mzgr47kq7lfb_7w0000gp/T//cc1r2sfP.o
                0x10000100                        __boot2_end__ = .
                0x00000001                        ASSERT (((__boot2_end__ - __boot2_start__) == 0x100), ERROR: Pico second stage bootloader must be 256 bytes in size)

.text           0x10000100    0x27f60
                0x10000100                        __logical_binary_start = .
 *(.vectors)
 .vectors       0x10000100       0xd4 CMakeFiles/days2bin.dir/Users/john/pico/pico-sdk/src/rp2_common/pico_standard_link/crt0.S.obj
                0x10000100                __VECTOR_TABLE
                0x10000100                __vectors
                0x100001c0                __default_isrs_start
                0x100001c0                isr_invalid
                0x100001c2                isr_nmi
                0x100001c4                isr_hardfault
                0x100001c6                isr_svcall
                0x100001c8                isr_pendsv
                0x100001ca                isr_systick
                0x100001cc                isr_irq28
                0x100001cc                isr_irq19
                0x100001cc                isr_irq0
                0x100001cc                isr_irq6
                0x100001cc                isr_irq22
                0x100001cc                isr_irq17
                0x100001cc                isr_irq14
                0x100001cc                isr_irq2
                0x100001cc                isr_irq10
                0x100001cc                isr_irq8
                0x100001cc                isr_irq24
                0x100001cc                isr_irq1
                0x100001cc                isr_irq7
                0x100001cc                isr_irq21
                0x100001cc                isr_irq20
                0x100001cc                isr_irq15
                0x100001cc                isr_irq25
                0x100001cc                isr_irq4
                0x100001cc                isr_irq16
                0x100001cc                isr_irq29
                0x100001cc                isr_irq26
                0x100001cc                __default_isrs_end
                0x100001cc                isr_irq3
                0x100001cc                isr_irq9
                0x100001cc                __unhandled_user_irq
                0x100001cc                isr_irq13
                0x100001cc                isr_irq27
                0x100001cc                isr_irq31
                0x100001cc                isr_irq5
                0x100001cc                isr_irq11
                0x100001cc                isr_irq23
                0x100001cc                isr_irq18
                0x100001cc                isr_irq30
                0x100001cc                isr_irq12
                0x100001d2                unhandled_user_irq_num_in_r0
 *(.binary_info_header)
 .binary_info_header
                0x100001d4       0x14 CMakeFiles/days2bin.dir/Users/john/pico/pico-sdk/src/rp2_common/pico_standard_link/crt0.S.obj
                0x100001e8                        __binary_info_header_end = .
 *(.reset)
 .reset         0x100001e8       0xa0 CMakeFiles/days2bin.dir/Users/john/pico/pico-sdk/src/rp2_common/pico_standard_link/crt0.S.obj
                0x100001e8                _entry_point
 .reset         0x10000288       0x30 CMakeFiles/days2bin.dir/Users/john/pico/pico-sdk/src/rp2_common/pico_standard_link/binary_info.c.obj
 *(.init)
 .init          0x100002b8        0x4 /Applications/ArmGNUToolchain/13.2.Rel1/arm-none-eabi/bin/../lib/gcc/arm-none-eabi/13.2.1/thumb/v6-m/nofp/crti.o
                0x100002b8                _init
 *(EXCLUDE_FILE(*libm.a: *libc.a:*lib_a-mem*.o *libgcc.a:) .text*)
 .text.register_tm_clones
                0x100002bc       0x28 /Applications/ArmGNUToolchain/13.2.Rel1/arm-none-eabi/bin/../lib/gcc/arm-none-eabi/13.2.1/thumb/v6-m/nofp/crtbegin.o
 .text.frame_dummy
                0x100002e4       0x24 /Applications/ArmGNUToolchain/13.2.Rel1/arm-none-eabi/bin/../lib/gcc/arm-none-eabi/13.2.1/thumb/v6-m/nofp/crtbegin.o
 .text.gpio_pull_up
                0x10000308       0x1c CMakeFiles/days2bin.dir/days2bin.c.obj
 .text.gpio_set_mask
                0x10000324       0x18 CMakeFiles/days2bin.dir/days2bin.c.obj
 .text.gpio_clr_mask
                0x1000033c       0x18 CMakeFiles/days2bin.dir/days2bin.c.obj
 .text.gpio_put
                0x10000354       0x3a CMakeFiles/days2bin.dir/days2bin.c.obj
 .text.gpio_set_dir_out_masked
                0x1000038e       0x18 CMakeFiles/days2bin.dir/days2bin.c.obj
 .text.gpio_set_dir_in_masked
                0x100003a6       0x18 CMakeFiles/days2bin.dir/days2bin.c.obj
 .text.gpio_set_dir
                0x100003be       0x3a CMakeFiles/days2bin.dir/days2bin.c.obj
 .text.main     0x100003f8      0x264 CMakeFiles/days2bin.dir/days2bin.c.obj
                0x100003f8                main
 .text.write_flash
                0x1000065c      0x240 CMakeFiles/days2bin.dir/flash/flash_utils.c.obj
                0x1000065c                write_flash
 .text.read_flash
                0x1000089c       0x18 CMakeFiles/days2bin.dir/flash/flash_utils.c.obj
                0x1000089c                read_flash
 .text.getDaysToCollection
                0x100008b4      0x1f0 CMakeFiles/days2bin.dir/flash/flash_utils.c.obj
                0x100008b4                getDaysToCollection
 .text.check_sm_param
                0x10000aa4       0x10 CMakeFiles/days2bin.dir/peripherals/glowbit.c.obj
 .text.check_pio_param
                0x10000ab4       0x10 CMakeFiles/days2bin.dir/peripherals/glowbit.c.obj
 .text.sm_config_set_sideset_pins
                0x10000ac4       0x28 CMakeFiles/days2bin.dir/peripherals/glowbit.c.obj
 .text.sm_config_set_sideset
                0x10000aec       0x64 CMakeFiles/days2bin.dir/peripherals/glowbit.c.obj
 .text.sm_config_set_clkdiv_int_frac
                0x10000b50       0x32 CMakeFiles/days2bin.dir/peripherals/glowbit.c.obj
 .text.pio_calculate_clkdiv_from_float
                0x10000b82       0x62 CMakeFiles/days2bin.dir/peripherals/glowbit.c.obj
 .text.sm_config_set_clkdiv
                0x10000be4       0x32 CMakeFiles/days2bin.dir/peripherals/glowbit.c.obj
 *fill*         0x10000c16        0x2 
 .text.sm_config_set_wrap
                0x10000c18       0x30 CMakeFiles/days2bin.dir/peripherals/glowbit.c.obj
 .text.sm_config_set_in_shift
                0x10000c48       0x68 CMakeFiles/days2bin.dir/peripherals/glowbit.c.obj
 .text.sm_config_set_out_shift
                0x10000cb0       0x68 CMakeFiles/days2bin.dir/peripherals/glowbit.c.obj
 .text.sm_config_set_fifo_join
                0x10000d18       0x2a CMakeFiles/days2bin.dir/peripherals/glowbit.c.obj
 .text.pio_get_default_sm_config
                0x10000d42       0x5c CMakeFiles/days2bin.dir/peripherals/glowbit.c.obj
 *fill*         0x10000d9e        0x2 
 .text.pio_gpio_init
                0x10000da0       0x38 CMakeFiles/days2bin.dir/peripherals/glowbit.c.obj
 .text.pio_sm_set_enabled
                0x10000dd8       0x48 CMakeFiles/days2bin.dir/peripherals/glowbit.c.obj
 .text.pio_sm_put
                0x10000e20       0x30 CMakeFiles/days2bin.dir/peripherals/glowbit.c.obj
 .text.pio_sm_is_tx_fifo_full
                0x10000e50       0x38 CMakeFiles/days2bin.dir/peripherals/glowbit.c.obj
 .text.pio_sm_put_blocking
                0x10000e88       0x44 CMakeFiles/days2bin.dir/peripherals/glowbit.c.obj
 .text.ws2812_program_get_default_config
                0x10000ecc       0x42 CMakeFiles/days2bin.dir/peripherals/glowbit.c.obj
 .text.ws2812_program_init
                0x10000f0e       0xc8 CMakeFiles/days2bin.dir/peripherals/glowbit.c.obj
 *fill*         0x10000fd6        0x2 
 .text.put_pixel
                0x10000fd8       0x24 CMakeFiles/days2bin.dir/peripherals/glowbit.c.obj
 .text.urgb_u32
                0x10000ffc       0x3a CMakeFiles/days2bin.dir/peripherals/glowbit.c.obj
 *fill*         0x10001036        0x2 
 .text.glowbit_init
                0x10001038       0x48 CMakeFiles/days2bin.dir/peripherals/glowbit.c.obj
                0x10001038                glowbit_init
 .text.show     0x10001080       0x4c CMakeFiles/days2bin.dir/peripherals/glowbit.c.obj
                0x10001080                show
 .text.scrollText
                0x100010cc      0x17c CMakeFiles/days2bin.dir/peripherals/glowbit.c.obj
                0x100010cc                scrollText
 .text.to_us_since_boot
                0x10001248       0x18 CMakeFiles/days2bin.dir/access_point/picow_access_point.c.obj
 .text.update_us_since_boot
                0x10001260       0x40 CMakeFiles/days2bin.dir/access_point/picow_access_point.c.obj
 .text.get_absolute_time
                0x100012a0       0x2c CMakeFiles/days2bin.dir/access_point/picow_access_point.c.obj
 .text.delayed_by_ms
                0x100012cc       0x80 CMakeFiles/days2bin.dir/access_point/picow_access_point.c.obj
 .text.make_timeout_time_ms
                0x1000134c       0x2a CMakeFiles/days2bin.dir/access_point/picow_access_point.c.obj
 *fill*         0x10001376        0x2 
 .text.access_point
                0x10001378       0xa0 CMakeFiles/days2bin.dir/access_point/picow_access_point.c.obj
                0x10001378                access_point
 .text.to_us_since_boot
                0x10001418       0x18 CMakeFiles/days2bin.dir/access_point/dhcpserver/dhcpserver.c.obj
 .text.update_us_since_boot
                0x10001430       0x40 CMakeFiles/days2bin.dir/access_point/dhcpserver/dhcpserver.c.obj
 .text.get_absolute_time
                0x10001470       0x2c CMakeFiles/days2bin.dir/access_point/dhcpserver/dhcpserver.c.obj
 .text.us_to_ms
                0x1000149c       0x44 CMakeFiles/days2bin.dir/access_point/dhcpserver/dhcpserver.c.obj
 .text.to_ms_since_boot
                0x100014e0       0x34 CMakeFiles/days2bin.dir/access_point/dhcpserver/dhcpserver.c.obj
 .text.cyw43_hal_ticks_ms
                0x10001514       0x24 CMakeFiles/days2bin.dir/access_point/dhcpserver/dhcpserver.c.obj
 .text.dhcp_socket_new_dgram
                0x10001538       0x3c CMakeFiles/days2bin.dir/access_point/dhcpserver/dhcpserver.c.obj
 .text.dhcp_socket_bind
                0x10001574       0x2c CMakeFiles/days2bin.dir/access_point/dhcpserver/dhcpserver.c.obj
 .text.dhcp_socket_sendto
                0x100015a0       0xe0 CMakeFiles/days2bin.dir/access_point/dhcpserver/dhcpserver.c.obj
 .text.opt_find
                0x10001680       0x5e CMakeFiles/days2bin.dir/access_point/dhcpserver/dhcpserver.c.obj
 .text.opt_write_n
                0x100016de       0x50 CMakeFiles/days2bin.dir/access_point/dhcpserver/dhcpserver.c.obj
 .text.opt_write_u8
                0x1000172e       0x4e CMakeFiles/days2bin.dir/access_point/dhcpserver/dhcpserver.c.obj
 .text.opt_write_u32
                0x1000177c       0x72 CMakeFiles/days2bin.dir/access_point/dhcpserver/dhcpserver.c.obj
 *fill*         0x100017ee        0x2 
 .text.dhcp_server_process
                0x100017f0      0x450 CMakeFiles/days2bin.dir/access_point/dhcpserver/dhcpserver.c.obj
 .text.dhcp_server_init
                0x10001c40       0x58 CMakeFiles/days2bin.dir/access_point/dhcpserver/dhcpserver.c.obj
                0x10001c40                dhcp_server_init
 .text.dns_socket_new_dgram
                0x10001c98       0x3c CMakeFiles/days2bin.dir/access_point/dnsserver/dnsserver.c.obj
 .text.dns_socket_bind
                0x10001cd4       0x94 CMakeFiles/days2bin.dir/access_point/dnsserver/dnsserver.c.obj
 .text.dns_socket_sendto
                0x10001d68       0xac CMakeFiles/days2bin.dir/access_point/dnsserver/dnsserver.c.obj
 .text.dns_server_process
                0x10001e14      0x2d4 CMakeFiles/days2bin.dir/access_point/dnsserver/dnsserver.c.obj
 .text.dns_server_init
                0x100020e8       0x44 CMakeFiles/days2bin.dir/access_point/dnsserver/dnsserver.c.obj
                0x100020e8                dns_server_init
 .text.ssi_init
                0x1000212c       0x54 CMakeFiles/days2bin.dir/access_point/ssi.c.obj
                0x1000212c                ssi_init
 .text.fs_open_custom
                0x10002180       0x90 CMakeFiles/days2bin.dir/access_point/ssi.c.obj
                0x10002180                fs_open_custom
 .text.fs_close_custom
                0x10002210       0x2e CMakeFiles/days2bin.dir/access_point/ssi.c.obj
                0x10002210                fs_close_custom
 .text.char2ToByte
                0x1000223e       0x4e CMakeFiles/days2bin.dir/access_point/cgi.c.obj
                0x1000223e                char2ToByte
 .text.cgi_settings_handler
                0x1000228c      0x1b8 CMakeFiles/days2bin.dir/access_point/cgi.c.obj
                0x1000228c                cgi_settings_handler
 .text.cgi_init
                0x10002444       0x18 CMakeFiles/days2bin.dir/access_point/cgi.c.obj
                0x10002444                cgi_init
 .text.check_gpio_param
                0x1000245c       0x10 CMakeFiles/days2bin.dir/Users/john/pico/pico-sdk/src/rp2_common/hardware_gpio/gpio.c.obj
 .text.gpio_set_mask
                0x1000246c       0x18 CMakeFiles/days2bin.dir/Users/john/pico/pico-sdk/src/rp2_common/hardware_gpio/gpio.c.obj
 .text.gpio_clr_mask
                0x10002484       0x18 CMakeFiles/days2bin.dir/Users/john/pico/pico-sdk/src/rp2_common/hardware_gpio/gpio.c.obj
 .text.gpio_put
                0x1000249c       0x3a CMakeFiles/days2bin.dir/Users/john/pico/pico-sdk/src/rp2_common/hardware_gpio/gpio.c.obj
 .text.gpio_set_dir_out_masked
                0x100024d6       0x18 CMakeFiles/days2bin.dir/Users/john/pico/pico-sdk/src/rp2_common/hardware_gpio/gpio.c.obj
 .text.gpio_set_dir_in_masked
                0x100024ee       0x18 CMakeFiles/days2bin.dir/Users/john/pico/pico-sdk/src/rp2_common/hardware_gpio/gpio.c.obj
 .text.gpio_set_dir
                0x10002506       0x3a CMakeFiles/days2bin.dir/Users/john/pico/pico-sdk/src/rp2_common/hardware_gpio/gpio.c.obj
 .text.gpio_set_function
                0x10002540       0x6c CMakeFiles/days2bin.dir/Users/john/pico/pico-sdk/src/rp2_common/hardware_gpio/gpio.c.obj
                0x10002540                gpio_set_function
 .text.gpio_set_pulls
                0x100025ac       0x7c CMakeFiles/days2bin.dir/Users/john/pico/pico-sdk/src/rp2_common/hardware_gpio/gpio.c.obj
                0x100025ac                gpio_set_pulls
 .text.gpio_set_input_hysteresis_enabled
                0x10002628       0x68 CMakeFiles/days2bin.dir/Users/john/pico/pico-sdk/src/rp2_common/hardware_gpio/gpio.c.obj
                0x10002628                gpio_set_input_hysteresis_enabled
 .text.gpio_default_irq_handler
                0x10002690       0xc0 CMakeFiles/days2bin.dir/Users/john/pico/pico-sdk/src/rp2_common/hardware_gpio/gpio.c.obj
 .text._gpio_set_irq_enabled
                0x10002750       0x74 CMakeFiles/days2bin.dir/Users/john/pico/pico-sdk/src/rp2_common/hardware_gpio/gpio.c.obj
 .text.gpio_set_irq_enabled
                0x100027c4       0x40 CMakeFiles/days2bin.dir/Users/john/pico/pico-sdk/src/rp2_common/hardware_gpio/gpio.c.obj
                0x100027c4                gpio_set_irq_enabled
 .text.gpio_set_irq_enabled_with_callback
                0x10002804       0x3e CMakeFiles/days2bin.dir/Users/john/pico/pico-sdk/src/rp2_common/hardware_gpio/gpio.c.obj
                0x10002804                gpio_set_irq_enabled_with_callback
 *fill*         0x10002842        0x2 
 .text.gpio_set_irq_callback
                0x10002844       0x64 CMakeFiles/days2bin.dir/Users/john/pico/pico-sdk/src/rp2_common/hardware_gpio/gpio.c.obj
                0x10002844                gpio_set_irq_callback
 .text.gpio_add_raw_irq_handler_with_order_priority_masked
                0x100028a8       0x68 CMakeFiles/days2bin.dir/Users/john/pico/pico-sdk/src/rp2_common/hardware_gpio/gpio.c.obj
                0x100028a8                gpio_add_raw_irq_handler_with_order_priority_masked
 .text.gpio_remove_raw_irq_handler_masked
                0x10002910       0x64 CMakeFiles/days2bin.dir/Users/john/pico/pico-sdk/src/rp2_common/hardware_gpio/gpio.c.obj
                0x10002910                gpio_remove_raw_irq_handler_masked
 .text.gpio_acknowledge_irq
                0x10002974       0x38 CMakeFiles/days2bin.dir/Users/john/pico/pico-sdk/src/rp2_common/hardware_gpio/gpio.c.obj
                0x10002974                gpio_acknowledge_irq
 .text.gpio_init
                0x100029ac       0x2e CMakeFiles/days2bin.dir/Users/john/pico/pico-sdk/src/rp2_common/hardware_gpio/gpio.c.obj
                0x100029ac                gpio_init
 *fill*         0x100029da        0x2 
 .text.running_on_fpga
                0x100029dc       0x1c CMakeFiles/days2bin.dir/Users/john/pico/pico-sdk/src/rp2_common/pico_platform/platform.c.obj
                0x100029dc                running_on_fpga
 .text.hw_claim_lock
                0x100029f8       0x50 CMakeFiles/days2bin.dir/Users/john/pico/pico-sdk/src/rp2_common/hardware_claim/claim.c.obj
                0x100029f8                hw_claim_lock
 .text.hw_claim_unlock
                0x10002a48       0x4c CMakeFiles/days2bin.dir/Users/john/pico/pico-sdk/src/rp2_common/hardware_claim/claim.c.obj
                0x10002a48                hw_claim_unlock
 .text.hw_is_claimed
                0x10002a94       0x32 CMakeFiles/days2bin.dir/Users/john/pico/pico-sdk/src/rp2_common/hardware_claim/claim.c.obj
                0x10002a94                hw_is_claimed
 .text.hw_claim_or_assert
                0x10002ac6       0x66 CMakeFiles/days2bin.dir/Users/john/pico/pico-sdk/src/rp2_common/hardware_claim/claim.c.obj
                0x10002ac6                hw_claim_or_assert
 .text.hw_claim_unused_from_range
                0x10002b2c       0xa6 CMakeFiles/days2bin.dir/Users/john/pico/pico-sdk/src/rp2_common/hardware_claim/claim.c.obj
                0x10002b2c                hw_claim_unused_from_range
 *fill*         0x10002bd2        0x2 
 .text.hw_claim_clear
                0x10002bd4       0x74 CMakeFiles/days2bin.dir/Users/john/pico/pico-sdk/src/rp2_common/hardware_claim/claim.c.obj
                0x10002bd4                hw_claim_clear
 .text.spin_locks_reset
                0x10002c48       0x48 CMakeFiles/days2bin.dir/Users/john/pico/pico-sdk/src/rp2_common/hardware_sync/sync.c.obj
                0x10002c48                spin_locks_reset
 .text.next_striped_spin_lock_num
                0x10002c90       0x30 CMakeFiles/days2bin.dir/Users/john/pico/pico-sdk/src/rp2_common/hardware_sync/sync.c.obj
                0x10002c90                next_striped_spin_lock_num
 .text.check_irq_param
                0x10002cc0       0x10 CMakeFiles/days2bin.dir/Users/john/pico/pico-sdk/src/rp2_common/hardware_irq/irq.c.obj
 .text.get_vtable
                0x10002cd0       0x14 CMakeFiles/days2bin.dir/Users/john/pico/pico-sdk/src/rp2_common/hardware_irq/irq.c.obj
 .text.add_thumb_bit
                0x10002ce4       0x16 CMakeFiles/days2bin.dir/Users/john/pico/pico-sdk/src/rp2_common/hardware_irq/irq.c.obj
 .text.remove_thumb_bit
                0x10002cfa       0x16 CMakeFiles/days2bin.dir/Users/john/pico/pico-sdk/src/rp2_common/hardware_irq/irq.c.obj
 .text.set_raw_irq_handler_and_unlock
                0x10002d10       0x68 CMakeFiles/days2bin.dir/Users/john/pico/pico-sdk/src/rp2_common/hardware_irq/irq.c.obj
 .text.irq_set_enabled
                0x10002d78       0x30 CMakeFiles/days2bin.dir/Users/john/pico/pico-sdk/src/rp2_common/hardware_irq/irq.c.obj
                0x10002d78                irq_set_enabled
 .text.irq_is_enabled
                0x10002da8       0x30 CMakeFiles/days2bin.dir/Users/john/pico/pico-sdk/src/rp2_common/hardware_irq/irq.c.obj
                0x10002da8                irq_is_enabled
 .text.irq_set_mask_enabled
                0x10002dd8       0x40 CMakeFiles/days2bin.dir/Users/john/pico/pico-sdk/src/rp2_common/hardware_irq/irq.c.obj
                0x10002dd8                irq_set_mask_enabled
 .text.is_shared_irq_raw_handler
                0x10002e18       0x24 CMakeFiles/days2bin.dir/Users/john/pico/pico-sdk/src/rp2_common/hardware_irq/irq.c.obj
 .text.irq_get_vtable_handler
                0x10002e3c       0x28 CMakeFiles/days2bin.dir/Users/john/pico/pico-sdk/src/rp2_common/hardware_irq/irq.c.obj
                0x10002e3c                irq_get_vtable_handler
 .text.irq_set_exclusive_handler
                0x10002e64       0xa4 CMakeFiles/days2bin.dir/Users/john/pico/pico-sdk/src/rp2_common/hardware_irq/irq.c.obj
                0x10002e64                irq_set_exclusive_handler
 .text.make_branch
                0x10002f08       0x74 CMakeFiles/days2bin.dir/Users/john/pico/pico-sdk/src/rp2_common/hardware_irq/irq.c.obj
 .text.insert_branch_and_link
                0x10002f7c       0x74 CMakeFiles/days2bin.dir/Users/john/pico/pico-sdk/src/rp2_common/hardware_irq/irq.c.obj
 .text.resolve_branch
                0x10002ff0       0x5c CMakeFiles/days2bin.dir/Users/john/pico/pico-sdk/src/rp2_common/hardware_irq/irq.c.obj
 .text.slot_diff
                0x1000304c       0x30 CMakeFiles/days2bin.dir/Users/john/pico/pico-sdk/src/rp2_common/hardware_irq/irq.c.obj
 .text.get_slot_index
                0x1000307c       0x24 CMakeFiles/days2bin.dir/Users/john/pico/pico-sdk/src/rp2_common/hardware_irq/irq.c.obj
 .text.irq_add_shared_handler
                0x100030a0      0x2d8 CMakeFiles/days2bin.dir/Users/john/pico/pico-sdk/src/rp2_common/hardware_irq/irq.c.obj
                0x100030a0                irq_add_shared_handler
 .text.irq_remove_handler
                0x10003378      0x250 CMakeFiles/days2bin.dir/Users/john/pico/pico-sdk/src/rp2_common/hardware_irq/irq.c.obj
                0x10003378                irq_remove_handler
 .text.irq_add_tail_to_free_list
                0x100035c8      0x1b8 CMakeFiles/days2bin.dir/Users/john/pico/pico-sdk/src/rp2_common/hardware_irq/irq.c.obj
                0x100035c8                irq_add_tail_to_free_list
 .text.irq_init_priorities
                0x10003780       0x3c CMakeFiles/days2bin.dir/Users/john/pico/pico-sdk/src/rp2_common/hardware_irq/irq.c.obj
                0x10003780                irq_init_priorities
 .text.sem_init
                0x100037bc       0x48 CMakeFiles/days2bin.dir/Users/john/pico/pico-sdk/src/common/pico_sync/sem.c.obj
                0x100037bc                sem_init
 .text.lock_init
                0x10003804       0x2c CMakeFiles/days2bin.dir/Users/john/pico/pico-sdk/src/common/pico_sync/lock_core.c.obj
                0x10003804                lock_init
 .text.mutex_init
                0x10003830       0x2e CMakeFiles/days2bin.dir/Users/john/pico/pico-sdk/src/common/pico_sync/mutex.c.obj
                0x10003830                mutex_init
 .text.recursive_mutex_init
                0x1000385e       0x34 CMakeFiles/days2bin.dir/Users/john/pico/pico-sdk/src/common/pico_sync/mutex.c.obj
                0x1000385e                recursive_mutex_init
 .text.to_us_since_boot
                0x10003892       0x18 CMakeFiles/days2bin.dir/Users/john/pico/pico-sdk/src/common/pico_time/time.c.obj
 *fill*         0x100038aa        0x2 
 .text.update_us_since_boot
                0x100038ac       0x40 CMakeFiles/days2bin.dir/Users/john/pico/pico-sdk/src/common/pico_time/time.c.obj
 .text.time_reached
                0x100038ec       0x64 CMakeFiles/days2bin.dir/Users/john/pico/pico-sdk/src/common/pico_time/time.c.obj
 .text.get_absolute_time
                0x10003950       0x2c CMakeFiles/days2bin.dir/Users/john/pico/pico-sdk/src/common/pico_time/time.c.obj
 .text.delayed_by_us
                0x1000397c       0x68 CMakeFiles/days2bin.dir/Users/john/pico/pico-sdk/src/common/pico_time/time.c.obj
 .text.make_timeout_time_us
                0x100039e4       0x36 CMakeFiles/days2bin.dir/Users/john/pico/pico-sdk/src/common/pico_time/time.c.obj
 .text.absolute_time_diff_us
                0x10003a1a       0x40 CMakeFiles/days2bin.dir/Users/john/pico/pico-sdk/src/common/pico_time/time.c.obj
 .text.add_alarm_at
                0x10003a5a       0x34 CMakeFiles/days2bin.dir/Users/john/pico/pico-sdk/src/common/pico_time/time.c.obj
 .text.cancel_alarm
                0x10003a8e       0x22 CMakeFiles/days2bin.dir/Users/john/pico/pico-sdk/src/common/pico_time/time.c.obj
 .text.ph_get_node
                0x10003ab0       0x54 CMakeFiles/days2bin.dir/Users/john/pico/pico-sdk/src/common/pico_time/time.c.obj
 .text.ph_add_child_node
                0x10003b04       0xc4 CMakeFiles/days2bin.dir/Users/john/pico/pico-sdk/src/common/pico_time/time.c.obj
 .text.ph_merge_nodes
                0x10003bc8       0x7e CMakeFiles/days2bin.dir/Users/john/pico/pico-sdk/src/common/pico_time/time.c.obj
 .text.ph_new_node
                0x10003c46       0x6a CMakeFiles/days2bin.dir/Users/john/pico/pico-sdk/src/common/pico_time/time.c.obj
 .text.ph_insert_node
                0x10003cb0       0x7c CMakeFiles/days2bin.dir/Users/john/pico/pico-sdk/src/common/pico_time/time.c.obj
 .text.ph_peek_head
                0x10003d2c       0x14 CMakeFiles/days2bin.dir/Users/john/pico/pico-sdk/src/common/pico_time/time.c.obj
 .text.ph_contains_node
                0x10003d40       0x46 CMakeFiles/days2bin.dir/Users/john/pico/pico-sdk/src/common/pico_time/time.c.obj
 *fill*         0x10003d86        0x2 
 .text.ph_free_node
                0x10003d88       0x98 CMakeFiles/days2bin.dir/Users/john/pico/pico-sdk/src/common/pico_time/time.c.obj
 .text.default_alarm_pool_initialized
                0x10003e20       0x18 CMakeFiles/days2bin.dir/Users/john/pico/pico-sdk/src/common/pico_time/time.c.obj
 .text.get_entry
                0x10003e38       0x5c CMakeFiles/days2bin.dir/Users/john/pico/pico-sdk/src/common/pico_time/time.c.obj
 .text.get_entry_id_high
                0x10003e94       0x50 CMakeFiles/days2bin.dir/Users/john/pico/pico-sdk/src/common/pico_time/time.c.obj
 .text.timer_pool_entry_comparator
                0x10003ee4       0x76 CMakeFiles/days2bin.dir/Users/john/pico/pico-sdk/src/common/pico_time/time.c.obj
                0x10003ee4                timer_pool_entry_comparator
 .text.make_public_id
                0x10003f5a       0x26 CMakeFiles/days2bin.dir/Users/john/pico/pico-sdk/src/common/pico_time/time.c.obj
 .text.alarm_pool_init_default
                0x10003f80       0x50 CMakeFiles/days2bin.dir/Users/john/pico/pico-sdk/src/common/pico_time/time.c.obj
                0x10003f80                alarm_pool_init_default
 .text.alarm_pool_get_default
                0x10003fd0       0x30 CMakeFiles/days2bin.dir/Users/john/pico/pico-sdk/src/common/pico_time/time.c.obj
                0x10003fd0                alarm_pool_get_default
 .text.add_alarm_under_lock
                0x10004000      0x128 CMakeFiles/days2bin.dir/Users/john/pico/pico-sdk/src/common/pico_time/time.c.obj
 .text.alarm_pool_alarm_callback
                0x10004128      0x414 CMakeFiles/days2bin.dir/Users/john/pico/pico-sdk/src/common/pico_time/time.c.obj
 .text.alarm_pool_post_alloc_init
                0x1000453c       0x68 CMakeFiles/days2bin.dir/Users/john/pico/pico-sdk/src/common/pico_time/time.c.obj
 .text.alarm_pool_add_alarm_at
                0x100045a4      0x192 CMakeFiles/days2bin.dir/Users/john/pico/pico-sdk/src/common/pico_time/time.c.obj
                0x100045a4                alarm_pool_add_alarm_at
 *fill*         0x10004736        0x2 
 .text.alarm_pool_cancel_alarm
                0x10004738      0x134 CMakeFiles/days2bin.dir/Users/john/pico/pico-sdk/src/common/pico_time/time.c.obj
                0x10004738                alarm_pool_cancel_alarm
 .text.sleep_until_callback
                0x1000486c       0x80 CMakeFiles/days2bin.dir/Users/john/pico/pico-sdk/src/common/pico_time/time.c.obj
 .text.sleep_until
                0x100048ec      0x14c CMakeFiles/days2bin.dir/Users/john/pico/pico-sdk/src/common/pico_time/time.c.obj
                0x100048ec                sleep_until
 .text.sleep_us
                0x10004a38       0x2c CMakeFiles/days2bin.dir/Users/john/pico/pico-sdk/src/common/pico_time/time.c.obj
                0x10004a38                sleep_us
 .text.sleep_ms
                0x10004a64       0x32 CMakeFiles/days2bin.dir/Users/john/pico/pico-sdk/src/common/pico_time/time.c.obj
                0x10004a64                sleep_ms
 *fill*         0x10004a96        0x2 
 .text.best_effort_wfe_or_timeout
                0x10004a98       0x7c CMakeFiles/days2bin.dir/Users/john/pico/pico-sdk/src/common/pico_time/time.c.obj
                0x10004a98                best_effort_wfe_or_timeout
 .text.to_us_since_boot
                0x10004b14       0x18 CMakeFiles/days2bin.dir/Users/john/pico/pico-sdk/src/rp2_common/hardware_timer/timer.c.obj
 .text.update_us_since_boot
                0x10004b2c       0x40 CMakeFiles/days2bin.dir/Users/john/pico/pico-sdk/src/rp2_common/hardware_timer/timer.c.obj
 .text.check_hardware_alarm_num_param
                0x10004b6c       0x10 CMakeFiles/days2bin.dir/Users/john/pico/pico-sdk/src/rp2_common/hardware_timer/timer.c.obj
 .text.irq_clear
                0x10004b7c       0x24 CMakeFiles/days2bin.dir/Users/john/pico/pico-sdk/src/rp2_common/hardware_timer/timer.c.obj
 .text.hardware_alarm_claim
                0x10004ba0       0x2c CMakeFiles/days2bin.dir/Users/john/pico/pico-sdk/src/rp2_common/hardware_timer/timer.c.obj
                0x10004ba0                hardware_alarm_claim
 .text.time_us_64
                0x10004bcc       0x60 CMakeFiles/days2bin.dir/Users/john/pico/pico-sdk/src/rp2_common/hardware_timer/timer.c.obj
                0x10004bcc                time_us_64
 .text.busy_wait_us
                0x10004c2c       0x6a CMakeFiles/days2bin.dir/Users/john/pico/pico-sdk/src/rp2_common/hardware_timer/timer.c.obj
                0x10004c2c                busy_wait_us
 *fill*         0x10004c96        0x2 
 .text.busy_wait_until
                0x10004c98       0x6c CMakeFiles/days2bin.dir/Users/john/pico/pico-sdk/src/rp2_common/hardware_timer/timer.c.obj
                0x10004c98                busy_wait_until
 .text.harware_alarm_irq_number
                0x10004d04       0x12 CMakeFiles/days2bin.dir/Users/john/pico/pico-sdk/src/rp2_common/hardware_timer/timer.c.obj
 *fill*         0x10004d16        0x2 
 .text.hardware_alarm_irq_handler
                0x10004d18      0x13c CMakeFiles/days2bin.dir/Users/john/pico/pico-sdk/src/rp2_common/hardware_timer/timer.c.obj
 .text.hardware_alarm_set_callback
                0x10004e54      0x134 CMakeFiles/days2bin.dir/Users/john/pico/pico-sdk/src/rp2_common/hardware_timer/timer.c.obj
                0x10004e54                hardware_alarm_set_callback
 .text.hardware_alarm_set_target
                0x10004f88      0x1c4 CMakeFiles/days2bin.dir/Users/john/pico/pico-sdk/src/rp2_common/hardware_timer/timer.c.obj
                0x10004f88                hardware_alarm_set_target
 .text.hardware_alarm_cancel
                0x1000514c       0xb8 CMakeFiles/days2bin.dir/Users/john/pico/pico-sdk/src/rp2_common/hardware_timer/timer.c.obj
                0x1000514c                hardware_alarm_cancel
 .text.ph_get_node
                0x10005204       0x54 CMakeFiles/days2bin.dir/Users/john/pico/pico-sdk/src/common/pico_util/pheap.c.obj
 .text.ph_add_child_node
                0x10005258       0xc4 CMakeFiles/days2bin.dir/Users/john/pico/pico-sdk/src/common/pico_util/pheap.c.obj
 .text.ph_merge_nodes
                0x1000531c       0x7e CMakeFiles/days2bin.dir/Users/john/pico/pico-sdk/src/common/pico_util/pheap.c.obj
 .text.ph_peek_head
                0x1000539a       0x14 CMakeFiles/days2bin.dir/Users/john/pico/pico-sdk/src/common/pico_util/pheap.c.obj
 .text.ph_remove_and_free_head
                0x100053ae       0x1c CMakeFiles/days2bin.dir/Users/john/pico/pico-sdk/src/common/pico_util/pheap.c.obj
 .text.ph_post_alloc_init
                0x100053ca       0x32 CMakeFiles/days2bin.dir/Users/john/pico/pico-sdk/src/common/pico_util/pheap.c.obj
                0x100053ca                ph_post_alloc_init
 .text.ph_clear
                0x100053fc       0x78 CMakeFiles/days2bin.dir/Users/john/pico/pico-sdk/src/common/pico_util/pheap.c.obj
                0x100053fc                ph_clear
 .text.ph_merge_two_pass
                0x10005474       0xd0 CMakeFiles/days2bin.dir/Users/john/pico/pico-sdk/src/common/pico_util/pheap.c.obj
                0x10005474                ph_merge_two_pass
 .text.ph_remove_any_head
                0x10005544      0x140 CMakeFiles/days2bin.dir/Users/john/pico/pico-sdk/src/common/pico_util/pheap.c.obj
 .text.ph_remove_head
                0x10005684       0x44 CMakeFiles/days2bin.dir/Users/john/pico/pico-sdk/src/common/pico_util/pheap.c.obj
                0x10005684                ph_remove_head
 .text.ph_remove_and_free_node
                0x100056c8      0x154 CMakeFiles/days2bin.dir/Users/john/pico/pico-sdk/src/common/pico_util/pheap.c.obj
                0x100056c8                ph_remove_and_free_node
 .text.uart_get_index
                0x1000581c       0x24 CMakeFiles/days2bin.dir/Users/john/pico/pico-sdk/src/rp2_common/hardware_uart/uart.c.obj
 .text.uart_get_hw
                0x10005840       0x1a CMakeFiles/days2bin.dir/Users/john/pico/pico-sdk/src/rp2_common/hardware_uart/uart.c.obj
 *fill*         0x1000585a        0x2 
 .text.reset_block
                0x1000585c       0x2c CMakeFiles/days2bin.dir/Users/john/pico/pico-sdk/src/rp2_common/hardware_uart/uart.c.obj
 .text.unreset_block_wait
                0x10005888       0x3c CMakeFiles/days2bin.dir/Users/john/pico/pico-sdk/src/rp2_common/hardware_uart/uart.c.obj
 .text.uart_reset
                0x100058c4       0x2c CMakeFiles/days2bin.dir/Users/john/pico/pico-sdk/src/rp2_common/hardware_uart/uart.c.obj
 .text.uart_unreset
                0x100058f0       0x2c CMakeFiles/days2bin.dir/Users/john/pico/pico-sdk/src/rp2_common/hardware_uart/uart.c.obj
 .text.uart_init
                0x1000591c       0x98 CMakeFiles/days2bin.dir/Users/john/pico/pico-sdk/src/rp2_common/hardware_uart/uart.c.obj
                0x1000591c                uart_init
 .text.uart_disable_before_lcr_write
                0x100059b4       0xac CMakeFiles/days2bin.dir/Users/john/pico/pico-sdk/src/rp2_common/hardware_uart/uart.c.obj
 .text.uart_write_lcr_bits_masked
                0x10005a60       0x66 CMakeFiles/days2bin.dir/Users/john/pico/pico-sdk/src/rp2_common/hardware_uart/uart.c.obj
 *fill*         0x10005ac6        0x2 
 .text.uart_set_baudrate
                0x10005ac8       0xa8 CMakeFiles/days2bin.dir/Users/john/pico/pico-sdk/src/rp2_common/hardware_uart/uart.c.obj
                0x10005ac8                uart_set_baudrate
 .text.uart_set_format
                0x10005b70       0x54 CMakeFiles/days2bin.dir/Users/john/pico/pico-sdk/src/rp2_common/hardware_uart/uart.c.obj
                0x10005b70                uart_set_format
 .text.uart_set_translate_crlf
                0x10005bc4       0x3c CMakeFiles/days2bin.dir/Users/john/pico/pico-sdk/src/rp2_common/hardware_uart/uart.c.obj
                0x10005bc4                uart_set_translate_crlf
 .text.busy_wait_at_least_cycles
                0x10005c00       0x18 CMakeFiles/days2bin.dir/Users/john/pico/pico-sdk/src/rp2_common/hardware_clocks/clocks.c.obj
 .text.has_glitchless_mux
                0x10005c18       0x32 CMakeFiles/days2bin.dir/Users/john/pico/pico-sdk/src/rp2_common/hardware_clocks/clocks.c.obj
 *fill*         0x10005c4a        0x2 
 .text.clock_configure
                0x10005c4c      0x27c CMakeFiles/days2bin.dir/Users/john/pico/pico-sdk/src/rp2_common/hardware_clocks/clocks.c.obj
                0x10005c4c                clock_configure
 .text.clocks_init
                0x10005ec8      0x148 CMakeFiles/days2bin.dir/Users/john/pico/pico-sdk/src/rp2_common/hardware_clocks/clocks.c.obj
                0x10005ec8                clocks_init
 .text.clock_get_hz
                0x10006010       0x24 CMakeFiles/days2bin.dir/Users/john/pico/pico-sdk/src/rp2_common/hardware_clocks/clocks.c.obj
                0x10006010                clock_get_hz
 .text.reset_block
                0x10006034       0x2c CMakeFiles/days2bin.dir/Users/john/pico/pico-sdk/src/rp2_common/hardware_pll/pll.c.obj
 .text.unreset_block_wait
                0x10006060       0x3c CMakeFiles/days2bin.dir/Users/john/pico/pico-sdk/src/rp2_common/hardware_pll/pll.c.obj
 .text.pll_init
                0x1000609c      0x180 CMakeFiles/days2bin.dir/Users/john/pico/pico-sdk/src/rp2_common/hardware_pll/pll.c.obj
                0x1000609c                pll_init
 .text.watchdog_start_tick
                0x1000621c       0x20 CMakeFiles/days2bin.dir/Users/john/pico/pico-sdk/src/rp2_common/hardware_watchdog/watchdog.c.obj
                0x1000621c                watchdog_start_tick
 .text.xosc_init
                0x1000623c       0x48 CMakeFiles/days2bin.dir/Users/john/pico/pico-sdk/src/rp2_common/hardware_xosc/xosc.c.obj
                0x1000623c                xosc_init
 .text.__breakpoint
                0x10006284        0xc CMakeFiles/days2bin.dir/Users/john/pico/pico-sdk/src/rp2_common/pico_runtime/runtime.c.obj
 .text.reset_block
                0x10006290       0x2c CMakeFiles/days2bin.dir/Users/john/pico/pico-sdk/src/rp2_common/pico_runtime/runtime.c.obj
 .text.unreset_block_wait
                0x100062bc       0x3c CMakeFiles/days2bin.dir/Users/john/pico/pico-sdk/src/rp2_common/pico_runtime/runtime.c.obj
 .text.runtime_init
                0x100062f8      0x138 CMakeFiles/days2bin.dir/Users/john/pico/pico-sdk/src/rp2_common/pico_runtime/runtime.c.obj
                0x100062f8                runtime_init
 .text._exit    0x10006430        0xe CMakeFiles/days2bin.dir/Users/john/pico/pico-sdk/src/rp2_common/pico_runtime/runtime.c.obj
                0x10006430                _exit
 *fill*         0x1000643e        0x2 
 .text._sbrk    0x10006440       0x58 CMakeFiles/days2bin.dir/Users/john/pico/pico-sdk/src/rp2_common/pico_runtime/runtime.c.obj
                0x10006440                _sbrk
 .text.exit     0x10006498       0x10 CMakeFiles/days2bin.dir/Users/john/pico/pico-sdk/src/rp2_common/pico_runtime/runtime.c.obj
                0x10006498                exit
 .text.__assert_func
                0x100064a8       0x4c CMakeFiles/days2bin.dir/Users/john/pico/pico-sdk/src/rp2_common/pico_runtime/runtime.c.obj
                0x100064a8                __assert_func
 .text.panic_unsupported
                0x100064f4       0x10 CMakeFiles/days2bin.dir/Users/john/pico/pico-sdk/src/rp2_common/pico_runtime/runtime.c.obj
                0x100064f4                panic_unsupported
 .text.panic    0x10006504       0x40 CMakeFiles/days2bin.dir/Users/john/pico/pico-sdk/src/rp2_common/pico_runtime/runtime.c.obj
                0x10006504                panic
 .text._out_buffer
                0x10006544       0x30 CMakeFiles/days2bin.dir/Users/john/pico/pico-sdk/src/rp2_common/pico_printf/printf.c.obj
 .text._out_null
                0x10006574       0x1c CMakeFiles/days2bin.dir/Users/john/pico/pico-sdk/src/rp2_common/pico_printf/printf.c.obj
 .text._out_fct
                0x10006590       0x36 CMakeFiles/days2bin.dir/Users/john/pico/pico-sdk/src/rp2_common/pico_printf/printf.c.obj
 .text._strnlen_s
                0x100065c6       0x36 CMakeFiles/days2bin.dir/Users/john/pico/pico-sdk/src/rp2_common/pico_printf/printf.c.obj
 .text._is_digit
                0x100065fc       0x32 CMakeFiles/days2bin.dir/Users/john/pico/pico-sdk/src/rp2_common/pico_printf/printf.c.obj
 .text._atoi    0x1000662e       0x46 CMakeFiles/days2bin.dir/Users/john/pico/pico-sdk/src/rp2_common/pico_printf/printf.c.obj
 .text._out_rev
                0x10006674       0x9a CMakeFiles/days2bin.dir/Users/john/pico/pico-sdk/src/rp2_common/pico_printf/printf.c.obj
 .text._ntoa_format
                0x1000670e      0x1ac CMakeFiles/days2bin.dir/Users/john/pico/pico-sdk/src/rp2_common/pico_printf/printf.c.obj
 .text._ntoa_long
                0x100068ba       0xd2 CMakeFiles/days2bin.dir/Users/john/pico/pico-sdk/src/rp2_common/pico_printf/printf.c.obj
 .text._ntoa_long_long
                0x1000698c       0xe6 CMakeFiles/days2bin.dir/Users/john/pico/pico-sdk/src/rp2_common/pico_printf/printf.c.obj
 *fill*         0x10006a72        0x2 
 .text._ftoa    0x10006a74      0x494 CMakeFiles/days2bin.dir/Users/john/pico/pico-sdk/src/rp2_common/pico_printf/printf.c.obj
 .text._etoa    0x10006f08      0x594 CMakeFiles/days2bin.dir/Users/john/pico/pico-sdk/src/rp2_common/pico_printf/printf.c.obj
 .text._vsnprintf
                0x1000749c      0x8fc CMakeFiles/days2bin.dir/Users/john/pico/pico-sdk/src/rp2_common/pico_printf/printf.c.obj
 .text.__wrap_sprintf
                0x10007d98       0x3c CMakeFiles/days2bin.dir/Users/john/pico/pico-sdk/src/rp2_common/pico_printf/printf.c.obj
                0x10007d98                __wrap_sprintf
 .text.__wrap_snprintf
                0x10007dd4       0x3c CMakeFiles/days2bin.dir/Users/john/pico/pico-sdk/src/rp2_common/pico_printf/printf.c.obj
                0x10007dd4                __wrap_snprintf
 .text.vfctprintf
                0x10007e10       0x40 CMakeFiles/days2bin.dir/Users/john/pico/pico-sdk/src/rp2_common/pico_printf/printf.c.obj
                0x10007e10                vfctprintf
 .text          0x10007e50       0x10 CMakeFiles/days2bin.dir/Users/john/pico/pico-sdk/src/rp2_common/pico_bit_ops/bit_ops_aeabi.S.obj
 .text.ctzsi    0x10007e60        0xc CMakeFiles/days2bin.dir/Users/john/pico/pico-sdk/src/rp2_common/pico_bit_ops/bit_ops_aeabi.S.obj
                0x10007e60                __wrap___ctzsi2
 .text.rom_hword_as_ptr
                0x10007e6c       0x1a CMakeFiles/days2bin.dir/Users/john/pico/pico-sdk/src/rp2_common/pico_bootrom/bootrom.c.obj
 .text.rom_func_lookup
                0x10007e86       0x34 CMakeFiles/days2bin.dir/Users/john/pico/pico-sdk/src/rp2_common/pico_bootrom/bootrom.c.obj
                0x10007e86                rom_func_lookup
 .text.rom_data_lookup
                0x10007eba       0x30 CMakeFiles/days2bin.dir/Users/john/pico/pico-sdk/src/rp2_common/pico_bootrom/bootrom.c.obj
                0x10007eba                rom_data_lookup
 .text.rom_funcs_lookup
                0x10007eea       0x68 CMakeFiles/days2bin.dir/Users/john/pico/pico-sdk/src/rp2_common/pico_bootrom/bootrom.c.obj
                0x10007eea                rom_funcs_lookup
 *fill*         0x10007f52        0x2 
 .text.__wrap___aeabi_idiv
                0x10007f54       0x50 CMakeFiles/days2bin.dir/Users/john/pico/pico-sdk/src/rp2_common/pico_divider/divider.S.obj
                0x10007f54                __wrap___aeabi_idivmod
                0x10007f54                divmod_s32s32
                0x10007f54                div_s32s32
                0x10007f54                __wrap___aeabi_idiv
                0x10007f5c                divmod_s32s32_unsafe
                0x10007f88                divmod_s32s32_savestate
 .text.__wrap___aeabi_uidiv
                0x10007fa4       0x4c CMakeFiles/days2bin.dir/Users/john/pico/pico-sdk/src/rp2_common/pico_divider/divider.S.obj
                0x10007fa4                __wrap___aeabi_uidiv
                0x10007fa4                __wrap___aeabi_uidivmod
                0x10007fa4                div_u32u32
                0x10007fa4                divmod_u32u32
                0x10007fac                divmod_u32u32_unsafe
                0x10007fd4                divmod_u32u32_savestate
 .text.__wrap___aeabi_ldiv
                0x10007ff0      0x424 CMakeFiles/days2bin.dir/Users/john/pico/pico-sdk/src/rp2_common/pico_divider/divider.S.obj
                0x10007ff0                __wrap___aeabi_ldivmod
                0x10007ff0                div_s64s64
                0x10007ff0                divmod_s64s64
                0x10008020                divmod_u64u64
                0x10008020                div_u64u64
                0x10008020                __wrap___aeabi_uldivmod
                0x10008030                divmod_u64u64_savestate
                0x10008050                divmod_s64s64_unsafe
                0x100080d8                divmod_u64u64_unsafe
 .text.__wrap___aeabi_darithmetic
                0x10008414       0x60 CMakeFiles/days2bin.dir/Users/john/pico/pico-sdk/src/rp2_common/pico_double/double_aeabi.S.obj
                0x10008414                __wrap___aeabi_drsub
                0x1000841a                __wrap___aeabi_dsub
                0x10008424                __wrap___aeabi_dadd
                0x1000842e                __wrap___aeabi_ddiv
                0x10008462                __wrap___aeabi_dmul
 .text.__wrap___aeabi_cdcmple
                0x10008474       0x6c CMakeFiles/days2bin.dir/Users/john/pico/pico-sdk/src/rp2_common/pico_double/double_aeabi.S.obj
                0x10008474                __wrap___aeabi_cdrcmple
                0x10008484                __wrap___aeabi_cdcmple
                0x10008484                __wrap___aeabi_cdcmpeq
 .text.__wrap___aeabi_dcmplt
                0x100084e0        0xc CMakeFiles/days2bin.dir/Users/john/pico/pico-sdk/src/rp2_common/pico_double/double_aeabi.S.obj
                0x100084e0                __wrap___aeabi_dcmplt
 .text.__wrap___aeabi_dcmpge
                0x100084ec       0x10 CMakeFiles/days2bin.dir/Users/john/pico/pico-sdk/src/rp2_common/pico_double/double_aeabi.S.obj
                0x100084ec                __wrap___aeabi_dcmpge
 .text.__wrap___aeabi_dcmpgt
                0x100084fc        0xa CMakeFiles/days2bin.dir/Users/john/pico/pico-sdk/src/rp2_common/pico_double/double_aeabi.S.obj
                0x100084fc                __wrap___aeabi_dcmpgt
 .text.__wrap___aeabi_dcmpun
                0x10008506       0x1c CMakeFiles/days2bin.dir/Users/john/pico/pico-sdk/src/rp2_common/pico_double/double_aeabi.S.obj
                0x10008506                __wrap___aeabi_dcmpun
 *fill*         0x10008522        0x2 
 .text.__wrap___aeabi_i2d
                0x10008524       0x38 CMakeFiles/days2bin.dir/Users/john/pico/pico-sdk/src/rp2_common/pico_double/double_aeabi.S.obj
                0x10008524                __wrap___aeabi_ui2d
                0x1000852c                __wrap___aeabi_i2d
 .text.__wrap___aeabi_d2iz
                0x1000855c       0x48 CMakeFiles/days2bin.dir/Users/john/pico/pico-sdk/src/rp2_common/pico_double/double_aeabi.S.obj
                0x1000855c                __wrap___aeabi_d2iz
                0x1000855c                double2int_z
 .text.__wrap___aeabi_d2uiz
                0x100085a4       0x10 CMakeFiles/days2bin.dir/Users/john/pico/pico-sdk/src/rp2_common/pico_double/double_aeabi.S.obj
                0x100085a4                double2uint
                0x100085a4                __wrap___aeabi_d2uiz
 .text.__wrap___aeabi_l2d
                0x100085b4       0x10 CMakeFiles/days2bin.dir/Users/john/pico/pico-sdk/src/rp2_common/pico_double/double_aeabi.S.obj
                0x100085b4                __wrap___aeabi_l2d
 .text.rp2040_rom_version
                0x100085c4        0xe CMakeFiles/days2bin.dir/Users/john/pico/pico-sdk/src/rp2_common/pico_double/double_init_rom.c.obj
 .text.rom_table_code
                0x100085d2       0x26 CMakeFiles/days2bin.dir/Users/john/pico/pico-sdk/src/rp2_common/pico_double/double_init_rom.c.obj
 .text.missing_double_func_shim
                0x100085f8       0x10 CMakeFiles/days2bin.dir/Users/john/pico/pico-sdk/src/rp2_common/pico_double/double_init_rom.c.obj
 .text.__aeabi_double_init
                0x10008608      0x100 CMakeFiles/days2bin.dir/Users/john/pico/pico-sdk/src/rp2_common/pico_double/double_init_rom.c.obj
                0x10008608                __aeabi_double_init
 .text.ui642double
                0x10008708       0x20 CMakeFiles/days2bin.dir/Users/john/pico/pico-sdk/src/rp2_common/pico_double/double_math.c.obj
 .text.double2ui64
                0x10008728       0x20 CMakeFiles/days2bin.dir/Users/john/pico/pico-sdk/src/rp2_common/pico_double/double_math.c.obj
 .text.dgetexp  0x10008748       0x34 CMakeFiles/days2bin.dir/Users/john/pico/pico-sdk/src/rp2_common/pico_double/double_math.c.obj
 .text.__wrap_round
                0x1000877c      0x164 CMakeFiles/days2bin.dir/Users/john/pico/pico-sdk/src/rp2_common/pico_double/double_math.c.obj
                0x1000877c                __wrap_round
 .text.double_table_shim_on_use_helper
                0x100088e0       0x34 CMakeFiles/days2bin.dir/Users/john/pico/pico-sdk/src/rp2_common/pico_double/double_v1_rom_shim.S.obj
                0x100088e0                double_table_shim_on_use_helper
 .text.__aeabi_lmul
                0x10008914       0x32 CMakeFiles/days2bin.dir/Users/john/pico/pico-sdk/src/rp2_common/pico_int64_ops/pico_int64_ops_aeabi.S.obj
                0x10008914                __wrap___aeabi_lmul
 *fill*         0x10008946        0x2 
 .text.__wrap___aeabi_farithmetic
                0x10008948       0x48 CMakeFiles/days2bin.dir/Users/john/pico/pico-sdk/src/rp2_common/pico_float/float_aeabi.S.obj
                0x10008948                __wrap___aeabi_frsub
                0x1000894e                __wrap___aeabi_fsub
                0x10008954                __wrap___aeabi_fadd
                0x1000895a                __wrap___aeabi_fdiv
                0x10008982                __wrap___aeabi_fmul
 .text.__wrap___aeabi_ui2f
                0x10008990        0xa CMakeFiles/days2bin.dir/Users/john/pico/pico-sdk/src/rp2_common/pico_float/float_aeabi.S.obj
                0x10008990                __wrap___aeabi_ui2f
 *fill*         0x1000899a        0x2 
 .text.__wrap___aeabi_i2f
                0x1000899c       0x44 CMakeFiles/days2bin.dir/Users/john/pico/pico-sdk/src/rp2_common/pico_float/float_aeabi.S.obj
                0x1000899c                __wrap___aeabi_i2f
 .text.__wrap___aeabi_f2uiz
                0x100089e0        0xc CMakeFiles/days2bin.dir/Users/john/pico/pico-sdk/src/rp2_common/pico_float/float_aeabi.S.obj
                0x100089e0                __wrap___aeabi_f2uiz
 .text.rp2040_rom_version
                0x100089ec        0xe CMakeFiles/days2bin.dir/Users/john/pico/pico-sdk/src/rp2_common/pico_float/float_init_rom.c.obj
 .text.rom_table_code
                0x100089fa       0x26 CMakeFiles/days2bin.dir/Users/john/pico/pico-sdk/src/rp2_common/pico_float/float_init_rom.c.obj
 .text.missing_float_func_shim
                0x10008a20       0x10 CMakeFiles/days2bin.dir/Users/john/pico/pico-sdk/src/rp2_common/pico_float/float_init_rom.c.obj
 .text.__aeabi_float_init
                0x10008a30       0xb8 CMakeFiles/days2bin.dir/Users/john/pico/pico-sdk/src/rp2_common/pico_float/float_init_rom.c.obj
                0x10008a30                __aeabi_float_init
 .text.check_alloc
                0x10008ae8       0x34 CMakeFiles/days2bin.dir/Users/john/pico/pico-sdk/src/rp2_common/pico_malloc/pico_malloc.c.obj
 .text.__wrap_malloc
                0x10008b1c       0x2a CMakeFiles/days2bin.dir/Users/john/pico/pico-sdk/src/rp2_common/pico_malloc/pico_malloc.c.obj
                0x10008b1c                __wrap_malloc
 .text.__wrap_realloc
                0x10008b46       0x30 CMakeFiles/days2bin.dir/Users/john/pico/pico-sdk/src/rp2_common/pico_malloc/pico_malloc.c.obj
                0x10008b46                __wrap_realloc
 .text.__wrap_free
                0x10008b76       0x18 CMakeFiles/days2bin.dir/Users/john/pico/pico-sdk/src/rp2_common/pico_malloc/pico_malloc.c.obj
                0x10008b76                __wrap_free
 *fill*         0x10008b8e        0x2 
 .text          0x10008b90       0x10 CMakeFiles/days2bin.dir/Users/john/pico/pico-sdk/src/rp2_common/pico_mem_ops/mem_ops_aeabi.S.obj
                0x10008b90                __aeabi_mem_init
 .text.memset   0x10008ba0        0xc CMakeFiles/days2bin.dir/Users/john/pico/pico-sdk/src/rp2_common/pico_mem_ops/mem_ops_aeabi.S.obj
                0x10008ba0                __wrap_memset
 .text.memcpy   0x10008bac        0xc CMakeFiles/days2bin.dir/Users/john/pico/pico-sdk/src/rp2_common/pico_mem_ops/mem_ops_aeabi.S.obj
                0x10008bac                __wrap___aeabi_memcpy
                0x10008bac                __wrap_memcpy
 .text.to_us_since_boot
                0x10008bb8       0x18 CMakeFiles/days2bin.dir/Users/john/pico/pico-sdk/src/rp2_common/pico_stdio/stdio.c.obj
 .text.update_us_since_boot
                0x10008bd0       0x40 CMakeFiles/days2bin.dir/Users/john/pico/pico-sdk/src/rp2_common/pico_stdio/stdio.c.obj
 .text.get_absolute_time
                0x10008c10       0x2c CMakeFiles/days2bin.dir/Users/john/pico/pico-sdk/src/rp2_common/pico_stdio/stdio.c.obj
 .text.delayed_by_ms
                0x10008c3c       0x80 CMakeFiles/days2bin.dir/Users/john/pico/pico-sdk/src/rp2_common/pico_stdio/stdio.c.obj
 .text.make_timeout_time_ms
                0x10008cbc       0x2a CMakeFiles/days2bin.dir/Users/john/pico/pico-sdk/src/rp2_common/pico_stdio/stdio.c.obj
 *fill*         0x10008ce6        0x2 
 .text.stdout_serialize_begin
                0x10008ce8       0x30 CMakeFiles/days2bin.dir/Users/john/pico/pico-sdk/src/rp2_common/pico_stdio/stdio.c.obj
                0x10008ce8                stdout_serialize_begin
 .text.stdout_serialize_end
                0x10008d18       0x18 CMakeFiles/days2bin.dir/Users/john/pico/pico-sdk/src/rp2_common/pico_stdio/stdio.c.obj
                0x10008d18                stdout_serialize_end
 .text.stdio_out_chars_no_crlf
                0x10008d30       0x20 CMakeFiles/days2bin.dir/Users/john/pico/pico-sdk/src/rp2_common/pico_stdio/stdio.c.obj
 .text.stdio_out_chars_crlf
                0x10008d50       0xf4 CMakeFiles/days2bin.dir/Users/john/pico/pico-sdk/src/rp2_common/pico_stdio/stdio.c.obj
 .text.stdio_put_string
                0x10008e44       0xcc CMakeFiles/days2bin.dir/Users/john/pico/pico-sdk/src/rp2_common/pico_stdio/stdio.c.obj
 .text.__wrap_putchar
                0x10008f10       0x28 CMakeFiles/days2bin.dir/Users/john/pico/pico-sdk/src/rp2_common/pico_stdio/stdio.c.obj
                0x10008f10                __wrap_putchar
 .text.__wrap_puts
                0x10008f38       0x2e CMakeFiles/days2bin.dir/Users/john/pico/pico-sdk/src/rp2_common/pico_stdio/stdio.c.obj
                0x10008f38                __wrap_puts
 *fill*         0x10008f66        0x2 
 .text.stdio_set_driver_enabled
                0x10008f68       0x68 CMakeFiles/days2bin.dir/Users/john/pico/pico-sdk/src/rp2_common/pico_stdio/stdio.c.obj
                0x10008f68                stdio_set_driver_enabled
 .text.stdio_flush
                0x10008fd0       0x38 CMakeFiles/days2bin.dir/Users/john/pico/pico-sdk/src/rp2_common/pico_stdio/stdio.c.obj
                0x10008fd0                stdio_flush
 .text.stdio_stack_buffer_flush
                0x10009008       0x6c CMakeFiles/days2bin.dir/Users/john/pico/pico-sdk/src/rp2_common/pico_stdio/stdio.c.obj
 .text.stdio_buffered_printer
                0x10009074       0x3e CMakeFiles/days2bin.dir/Users/john/pico/pico-sdk/src/rp2_common/pico_stdio/stdio.c.obj
 *fill*         0x100090b2        0x2 
 .text.__wrap_vprintf
                0x100090b4       0x5c CMakeFiles/days2bin.dir/Users/john/pico/pico-sdk/src/rp2_common/pico_stdio/stdio.c.obj
                0x100090b4                __wrap_vprintf
 .text.__wrap_printf
                0x10009110       0x2e CMakeFiles/days2bin.dir/Users/john/pico/pico-sdk/src/rp2_common/pico_stdio/stdio.c.obj
                0x10009110                __wrap_printf
 .text.stdio_init_all
                0x1000913e       0x22 CMakeFiles/days2bin.dir/Users/john/pico/pico-sdk/src/rp2_common/pico_stdio/stdio.c.obj
                0x1000913e                stdio_init_all
 .text.uart_get_index
                0x10009160       0x24 CMakeFiles/days2bin.dir/Users/john/pico/pico-sdk/src/rp2_common/pico_stdio_uart/stdio_uart.c.obj
 .text.uart_get_hw
                0x10009184       0x1a CMakeFiles/days2bin.dir/Users/john/pico/pico-sdk/src/rp2_common/pico_stdio_uart/stdio_uart.c.obj
 .text.uart_set_irq_enables
                0x1000919e       0xde CMakeFiles/days2bin.dir/Users/john/pico/pico-sdk/src/rp2_common/pico_stdio_uart/stdio_uart.c.obj
 .text.uart_is_writable
                0x1000927c       0x26 CMakeFiles/days2bin.dir/Users/john/pico/pico-sdk/src/rp2_common/pico_stdio_uart/stdio_uart.c.obj
 .text.uart_is_readable
                0x100092a2       0x26 CMakeFiles/days2bin.dir/Users/john/pico/pico-sdk/src/rp2_common/pico_stdio_uart/stdio_uart.c.obj
 .text.uart_write_blocking
                0x100092c8       0x58 CMakeFiles/days2bin.dir/Users/john/pico/pico-sdk/src/rp2_common/pico_stdio_uart/stdio_uart.c.obj
 .text.uart_read_blocking
                0x10009320       0x58 CMakeFiles/days2bin.dir/Users/john/pico/pico-sdk/src/rp2_common/pico_stdio_uart/stdio_uart.c.obj
 .text.uart_putc_raw
                0x10009378       0x22 CMakeFiles/days2bin.dir/Users/john/pico/pico-sdk/src/rp2_common/pico_stdio_uart/stdio_uart.c.obj
 *fill*         0x1000939a        0x2 
 .text.uart_putc
                0x1000939c       0x4c CMakeFiles/days2bin.dir/Users/john/pico/pico-sdk/src/rp2_common/pico_stdio_uart/stdio_uart.c.obj
 .text.uart_getc
                0x100093e8       0x22 CMakeFiles/days2bin.dir/Users/john/pico/pico-sdk/src/rp2_common/pico_stdio_uart/stdio_uart.c.obj
 *fill*         0x1000940a        0x2 
 .text.stdio_uart_init
                0x1000940c       0x44 CMakeFiles/days2bin.dir/Users/john/pico/pico-sdk/src/rp2_common/pico_stdio_uart/stdio_uart.c.obj
                0x1000940c                stdio_uart_init
 .text.stdio_uart_init_full
                0x10009450       0x5c CMakeFiles/days2bin.dir/Users/john/pico/pico-sdk/src/rp2_common/pico_stdio_uart/stdio_uart.c.obj
                0x10009450                stdio_uart_init_full
 .text.stdio_uart_out_chars
                0x100094ac       0x40 CMakeFiles/days2bin.dir/Users/john/pico/pico-sdk/src/rp2_common/pico_stdio_uart/stdio_uart.c.obj
 .text.stdio_uart_in_chars
                0x100094ec       0x74 CMakeFiles/days2bin.dir/Users/john/pico/pico-sdk/src/rp2_common/pico_stdio_uart/stdio_uart.c.obj
                0x100094ec                stdio_uart_in_chars
 .text.on_uart_rx
                0x10009560       0x38 CMakeFiles/days2bin.dir/Users/john/pico/pico-sdk/src/rp2_common/pico_stdio_uart/stdio_uart.c.obj
 .text.stdio_uart_set_chars_available_callback
                0x10009598       0xa4 CMakeFiles/days2bin.dir/Users/john/pico/pico-sdk/src/rp2_common/pico_stdio_uart/stdio_uart.c.obj
 .text.i2c_hw_index
                0x1000963c       0x20 CMakeFiles/days2bin.dir/Users/john/pico/pico-sdk/src/rp2_common/hardware_i2c/i2c.c.obj
 .text.i2c_get_hw
                0x1000965c       0x1c CMakeFiles/days2bin.dir/Users/john/pico/pico-sdk/src/rp2_common/hardware_i2c/i2c.c.obj
 .text.i2c_get_write_available
                0x10009678       0x24 CMakeFiles/days2bin.dir/Users/john/pico/pico-sdk/src/rp2_common/hardware_i2c/i2c.c.obj
 .text.i2c_get_read_available
                0x1000969c       0x1c CMakeFiles/days2bin.dir/Users/john/pico/pico-sdk/src/rp2_common/hardware_i2c/i2c.c.obj
 .text.reset_block
                0x100096b8       0x2c CMakeFiles/days2bin.dir/Users/john/pico/pico-sdk/src/rp2_common/hardware_i2c/i2c.c.obj
 .text.unreset_block_wait
                0x100096e4       0x3c CMakeFiles/days2bin.dir/Users/john/pico/pico-sdk/src/rp2_common/hardware_i2c/i2c.c.obj
 .text.i2c_reset
                0x10009720       0x28 CMakeFiles/days2bin.dir/Users/john/pico/pico-sdk/src/rp2_common/hardware_i2c/i2c.c.obj
 .text.i2c_unreset
                0x10009748       0x28 CMakeFiles/days2bin.dir/Users/john/pico/pico-sdk/src/rp2_common/hardware_i2c/i2c.c.obj
 .text.i2c_init
                0x10009770       0x62 CMakeFiles/days2bin.dir/Users/john/pico/pico-sdk/src/rp2_common/hardware_i2c/i2c.c.obj
                0x10009770                i2c_init
 *fill*         0x100097d2        0x2 
 .text.i2c_set_baudrate
                0x100097d4      0x158 CMakeFiles/days2bin.dir/Users/john/pico/pico-sdk/src/rp2_common/hardware_i2c/i2c.c.obj
                0x100097d4                i2c_set_baudrate
 .text.i2c_write_blocking_internal
                0x1000992c      0x238 CMakeFiles/days2bin.dir/Users/john/pico/pico-sdk/src/rp2_common/hardware_i2c/i2c.c.obj
 .text.i2c_write_blocking
                0x10009b64       0x3e CMakeFiles/days2bin.dir/Users/john/pico/pico-sdk/src/rp2_common/hardware_i2c/i2c.c.obj
                0x10009b64                i2c_write_blocking
 .text.i2c_read_blocking_internal
                0x10009ba2      0x1aa CMakeFiles/days2bin.dir/Users/john/pico/pico-sdk/src/rp2_common/hardware_i2c/i2c.c.obj
 .text.i2c_read_blocking
                0x10009d4c       0x3e CMakeFiles/days2bin.dir/Users/john/pico/pico-sdk/src/rp2_common/hardware_i2c/i2c.c.obj
                0x10009d4c                i2c_read_blocking
 .text.to_us_since_boot
                0x10009d8a       0x18 CMakeFiles/days2bin.dir/Users/john/pico/pico-sdk/src/rp2_common/pico_lwip/lwip_nosys.c.obj
 *fill*         0x10009da2        0x2 
 .text.update_us_since_boot
                0x10009da4       0x40 CMakeFiles/days2bin.dir/Users/john/pico/pico-sdk/src/rp2_common/pico_lwip/lwip_nosys.c.obj
 .text.get_absolute_time
                0x10009de4       0x2c CMakeFiles/days2bin.dir/Users/john/pico/pico-sdk/src/rp2_common/pico_lwip/lwip_nosys.c.obj
 .text.us_to_ms
                0x10009e10       0x44 CMakeFiles/days2bin.dir/Users/john/pico/pico-sdk/src/rp2_common/pico_lwip/lwip_nosys.c.obj
 .text.to_ms_since_boot
                0x10009e54       0x34 CMakeFiles/days2bin.dir/Users/john/pico/pico-sdk/src/rp2_common/pico_lwip/lwip_nosys.c.obj
 .text.delayed_by_ms
                0x10009e88       0x80 CMakeFiles/days2bin.dir/Users/john/pico/pico-sdk/src/rp2_common/pico_lwip/lwip_nosys.c.obj
 .text.make_timeout_time_ms
                0x10009f08       0x2a CMakeFiles/days2bin.dir/Users/john/pico/pico-sdk/src/rp2_common/pico_lwip/lwip_nosys.c.obj
 .text.async_context_add_at_time_worker
                0x10009f32       0x22 CMakeFiles/days2bin.dir/Users/john/pico/pico-sdk/src/rp2_common/pico_lwip/lwip_nosys.c.obj
 .text.async_context_remove_at_time_worker
                0x10009f54       0x22 CMakeFiles/days2bin.dir/Users/john/pico/pico-sdk/src/rp2_common/pico_lwip/lwip_nosys.c.obj
 .text.async_context_add_when_pending_worker
                0x10009f76       0x22 CMakeFiles/days2bin.dir/Users/john/pico/pico-sdk/src/rp2_common/pico_lwip/lwip_nosys.c.obj
 .text.async_context_remove_when_pending_worker
                0x10009f98       0x22 CMakeFiles/days2bin.dir/Users/john/pico/pico-sdk/src/rp2_common/pico_lwip/lwip_nosys.c.obj
 *fill*         0x10009fba        0x2 
 .text.lwip_timeout_reached
                0x10009fbc       0x3c CMakeFiles/days2bin.dir/Users/john/pico/pico-sdk/src/rp2_common/pico_lwip/lwip_nosys.c.obj
 .text.update_next_timeout
                0x10009ff8       0x84 CMakeFiles/days2bin.dir/Users/john/pico/pico-sdk/src/rp2_common/pico_lwip/lwip_nosys.c.obj
 .text.lwip_nosys_init
                0x1000a07c       0x44 CMakeFiles/days2bin.dir/Users/john/pico/pico-sdk/src/rp2_common/pico_lwip/lwip_nosys.c.obj
                0x1000a07c                lwip_nosys_init
 .text.lwip_nosys_deinit
                0x1000a0c0       0x30 CMakeFiles/days2bin.dir/Users/john/pico/pico-sdk/src/rp2_common/pico_lwip/lwip_nosys.c.obj
                0x1000a0c0                lwip_nosys_deinit
 .text.sys_arch_protect
                0x1000a0f0        0xc CMakeFiles/days2bin.dir/Users/john/pico/pico-sdk/src/rp2_common/pico_lwip/lwip_nosys.c.obj
                0x1000a0f0                sys_arch_protect
 .text.sys_arch_unprotect
                0x1000a0fc       0x10 CMakeFiles/days2bin.dir/Users/john/pico/pico-sdk/src/rp2_common/pico_lwip/lwip_nosys.c.obj
                0x1000a0fc                sys_arch_unprotect
 .text.sys_now  0x1000a10c       0x24 CMakeFiles/days2bin.dir/Users/john/pico/pico-sdk/src/rp2_common/pico_lwip/lwip_nosys.c.obj
                0x1000a10c                sys_now
 .text.to_us_since_boot
                0x1000a130       0x18 CMakeFiles/days2bin.dir/Users/john/pico/pico-sdk/src/rp2_common/pico_async_context/async_context_base.c.obj
 .text.update_us_since_boot
                0x1000a148       0x40 CMakeFiles/days2bin.dir/Users/john/pico/pico-sdk/src/rp2_common/pico_async_context/async_context_base.c.obj
 .text.get_absolute_time
                0x1000a188       0x2c CMakeFiles/days2bin.dir/Users/john/pico/pico-sdk/src/rp2_common/pico_async_context/async_context_base.c.obj
 .text.absolute_time_diff_us
                0x1000a1b4       0x40 CMakeFiles/days2bin.dir/Users/john/pico/pico-sdk/src/rp2_common/pico_async_context/async_context_base.c.obj
 .text.is_at_the_end_of_time
                0x1000a1f4       0x48 CMakeFiles/days2bin.dir/Users/john/pico/pico-sdk/src/rp2_common/pico_async_context/async_context_base.c.obj
 .text.async_context_base_add_at_time_worker
                0x1000a23c       0x44 CMakeFiles/days2bin.dir/Users/john/pico/pico-sdk/src/rp2_common/pico_async_context/async_context_base.c.obj
                0x1000a23c                async_context_base_add_at_time_worker
 .text.async_context_base_remove_at_time_worker
                0x1000a280       0x40 CMakeFiles/days2bin.dir/Users/john/pico/pico-sdk/src/rp2_common/pico_async_context/async_context_base.c.obj
                0x1000a280                async_context_base_remove_at_time_worker
 .text.async_context_base_add_when_pending_worker
                0x1000a2c0       0x44 CMakeFiles/days2bin.dir/Users/john/pico/pico-sdk/src/rp2_common/pico_async_context/async_context_base.c.obj
                0x1000a2c0                async_context_base_add_when_pending_worker
 .text.async_context_base_remove_when_pending_worker
                0x1000a304       0x40 CMakeFiles/days2bin.dir/Users/john/pico/pico-sdk/src/rp2_common/pico_async_context/async_context_base.c.obj
                0x1000a304                async_context_base_remove_when_pending_worker
 .text.async_context_base_remove_ready_at_time_worker
                0x1000a344       0xb4 CMakeFiles/days2bin.dir/Users/john/pico/pico-sdk/src/rp2_common/pico_async_context/async_context_base.c.obj
                0x1000a344                async_context_base_remove_ready_at_time_worker
 .text.async_context_base_refresh_next_timeout
                0x1000a3f8       0x68 CMakeFiles/days2bin.dir/Users/john/pico/pico-sdk/src/rp2_common/pico_async_context/async_context_base.c.obj
                0x1000a3f8                async_context_base_refresh_next_timeout
 .text.async_context_base_execute_once
                0x1000a460       0x74 CMakeFiles/days2bin.dir/Users/john/pico/pico-sdk/src/rp2_common/pico_async_context/async_context_base.c.obj
                0x1000a460                async_context_base_execute_once
 .text.to_us_since_boot
                0x1000a4d4       0x18 CMakeFiles/days2bin.dir/Users/john/pico/pico-sdk/src/rp2_common/pico_rand/rand.c.obj
 .text.update_us_since_boot
                0x1000a4ec       0x40 CMakeFiles/days2bin.dir/Users/john/pico/pico-sdk/src/rp2_common/pico_rand/rand.c.obj
 .text.get_absolute_time
                0x1000a52c       0x2c CMakeFiles/days2bin.dir/Users/john/pico/pico-sdk/src/rp2_common/pico_rand/rand.c.obj
 .text.delayed_by_us
                0x1000a558       0x68 CMakeFiles/days2bin.dir/Users/john/pico/pico-sdk/src/rp2_common/pico_rand/rand.c.obj
 .text.make_timeout_time_us
                0x1000a5c0       0x36 CMakeFiles/days2bin.dir/Users/john/pico/pico-sdk/src/rp2_common/pico_rand/rand.c.obj
 .text.absolute_time_diff_us
                0x1000a5f6       0x40 CMakeFiles/days2bin.dir/Users/john/pico/pico-sdk/src/rp2_common/pico_rand/rand.c.obj
 *fill*         0x1000a636        0x2 
 .text.splitmix64
                0x1000a638       0xd4 CMakeFiles/days2bin.dir/Users/john/pico/pico-sdk/src/rp2_common/pico_rand/rand.c.obj
 .text.rotl     0x1000a70c       0xa4 CMakeFiles/days2bin.dir/Users/john/pico/pico-sdk/src/rp2_common/pico_rand/rand.c.obj
 .text.xoroshiro128ss
                0x1000a7b0       0xfe CMakeFiles/days2bin.dir/Users/john/pico/pico-sdk/src/rp2_common/pico_rand/rand.c.obj
 *fill*         0x1000a8ae        0x2 
 .text.sdbm_hash64_sram
                0x1000a8b0       0x90 CMakeFiles/days2bin.dir/Users/john/pico/pico-sdk/src/rp2_common/pico_rand/rand.c.obj
 .text.capture_additional_rosc_samples
                0x1000a940      0x238 CMakeFiles/days2bin.dir/Users/john/pico/pico-sdk/src/rp2_common/pico_rand/rand.c.obj
 .text.initialise_rand
                0x1000ab78      0x26c CMakeFiles/days2bin.dir/Users/john/pico/pico-sdk/src/rp2_common/pico_rand/rand.c.obj
 .text.get_rand_64
                0x1000ade4      0x234 CMakeFiles/days2bin.dir/Users/john/pico/pico-sdk/src/rp2_common/pico_rand/rand.c.obj
                0x1000ade4                get_rand_64
 .text.get_rand_32
                0x1000b018       0x14 CMakeFiles/days2bin.dir/Users/john/pico/pico-sdk/src/rp2_common/pico_rand/rand.c.obj
                0x1000b018                get_rand_32
 .text._retrieve_unique_id_on_boot
                0x1000b02c       0x18 CMakeFiles/days2bin.dir/Users/john/pico/pico-sdk/src/rp2_common/pico_unique_id/unique_id.c.obj
 .text.pico_get_unique_board_id
                0x1000b044       0x24 CMakeFiles/days2bin.dir/Users/john/pico/pico-sdk/src/rp2_common/pico_unique_id/unique_id.c.obj
                0x1000b044                pico_get_unique_board_id
 .text.rom_hword_as_ptr
                0x1000b068       0x1a CMakeFiles/days2bin.dir/Users/john/pico/pico-sdk/src/rp2_common/hardware_flash/flash.c.obj
 .text.flash_get_unique_id
                0x1000b082       0x68 CMakeFiles/days2bin.dir/Users/john/pico/pico-sdk/src/rp2_common/hardware_flash/flash.c.obj
                0x1000b082                flash_get_unique_id
 .text.lwip_init
                0x1000b0ea       0x32 CMakeFiles/days2bin.dir/Users/john/pico/pico-sdk/lib/lwip/src/core/init.c.obj
                0x1000b0ea                lwip_init
 .text.lwip_htons
                0x1000b11c       0x2e CMakeFiles/days2bin.dir/Users/john/pico/pico-sdk/lib/lwip/src/core/def.c.obj
                0x1000b11c                lwip_htons
 .text.lwip_htonl
                0x1000b14a       0x32 CMakeFiles/days2bin.dir/Users/john/pico/pico-sdk/lib/lwip/src/core/def.c.obj
                0x1000b14a                lwip_htonl
 .text.lwip_strnstr
                0x1000b17c       0x70 CMakeFiles/days2bin.dir/Users/john/pico/pico-sdk/lib/lwip/src/core/def.c.obj
                0x1000b17c                lwip_strnstr
 .text.lwip_stricmp
                0x1000b1ec       0x88 CMakeFiles/days2bin.dir/Users/john/pico/pico-sdk/lib/lwip/src/core/def.c.obj
                0x1000b1ec                lwip_stricmp
 .text.dns_init
                0x1000b274        0xa CMakeFiles/days2bin.dir/Users/john/pico/pico-sdk/lib/lwip/src/core/dns.c.obj
                0x1000b274                dns_init
 *fill*         0x1000b27e        0x2 
 .text.dns_setserver
                0x1000b280       0x4c CMakeFiles/days2bin.dir/Users/john/pico/pico-sdk/lib/lwip/src/core/dns.c.obj
                0x1000b280                dns_setserver
 .text.dns_tmr  0x1000b2cc        0xe CMakeFiles/days2bin.dir/Users/john/pico/pico-sdk/lib/lwip/src/core/dns.c.obj
                0x1000b2cc                dns_tmr
 *fill*         0x1000b2da        0x2 
 .text.dns_send
                0x1000b2dc      0x224 CMakeFiles/days2bin.dir/Users/john/pico/pico-sdk/lib/lwip/src/core/dns.c.obj
 .text.dns_call_found
                0x1000b500      0x1bc CMakeFiles/days2bin.dir/Users/john/pico/pico-sdk/lib/lwip/src/core/dns.c.obj
 .text.dns_create_txid
                0x1000b6bc       0x70 CMakeFiles/days2bin.dir/Users/john/pico/pico-sdk/lib/lwip/src/core/dns.c.obj
 .text.dns_backupserver_available
                0x1000b72c       0x48 CMakeFiles/days2bin.dir/Users/john/pico/pico-sdk/lib/lwip/src/core/dns.c.obj
 .text.dns_check_entry
                0x1000b774      0x14c CMakeFiles/days2bin.dir/Users/john/pico/pico-sdk/lib/lwip/src/core/dns.c.obj
 .text.dns_check_entries
                0x1000b8c0       0x34 CMakeFiles/days2bin.dir/Users/john/pico/pico-sdk/lib/lwip/src/core/dns.c.obj
 .text.lwip_standard_chksum
                0x1000b8f4      0x144 CMakeFiles/days2bin.dir/Users/john/pico/pico-sdk/lib/lwip/src/core/inet_chksum.c.obj
                0x1000b8f4                lwip_standard_chksum
 .text.inet_cksum_pseudo_base
                0x1000ba38       0xfc CMakeFiles/days2bin.dir/Users/john/pico/pico-sdk/lib/lwip/src/core/inet_chksum.c.obj
 .text.inet_chksum_pseudo
                0x1000bb34       0x8a CMakeFiles/days2bin.dir/Users/john/pico/pico-sdk/lib/lwip/src/core/inet_chksum.c.obj
                0x1000bb34                inet_chksum_pseudo
 .text.ip_chksum_pseudo
                0x1000bbbe       0x3e CMakeFiles/days2bin.dir/Users/john/pico/pico-sdk/lib/lwip/src/core/inet_chksum.c.obj
                0x1000bbbe                ip_chksum_pseudo
 .text.inet_chksum
                0x1000bbfc       0x2a CMakeFiles/days2bin.dir/Users/john/pico/pico-sdk/lib/lwip/src/core/inet_chksum.c.obj
                0x1000bbfc                inet_chksum
 .text.inet_chksum_pbuf
                0x1000bc26       0xa0 CMakeFiles/days2bin.dir/Users/john/pico/pico-sdk/lib/lwip/src/core/inet_chksum.c.obj
                0x1000bc26                inet_chksum_pbuf
 .text.mem_init
                0x1000bcc6        0xa CMakeFiles/days2bin.dir/Users/john/pico/pico-sdk/lib/lwip/src/core/mem.c.obj
                0x1000bcc6                mem_init
 .text.mem_trim
                0x1000bcd0       0x14 CMakeFiles/days2bin.dir/Users/john/pico/pico-sdk/lib/lwip/src/core/mem.c.obj
                0x1000bcd0                mem_trim
 .text.mem_malloc
                0x1000bce4       0x54 CMakeFiles/days2bin.dir/Users/john/pico/pico-sdk/lib/lwip/src/core/mem.c.obj
                0x1000bce4                mem_malloc
 .text.mem_free
                0x1000bd38       0x48 CMakeFiles/days2bin.dir/Users/john/pico/pico-sdk/lib/lwip/src/core/mem.c.obj
                0x1000bd38                mem_free
 .text.memp_init_pool
                0x1000bd80       0x5c CMakeFiles/days2bin.dir/Users/john/pico/pico-sdk/lib/lwip/src/core/memp.c.obj
                0x1000bd80                memp_init_pool
 .text.memp_init
                0x1000bddc       0x40 CMakeFiles/days2bin.dir/Users/john/pico/pico-sdk/lib/lwip/src/core/memp.c.obj
                0x1000bddc                memp_init
 .text.do_memp_malloc_pool
                0x1000be1c       0x5c CMakeFiles/days2bin.dir/Users/john/pico/pico-sdk/lib/lwip/src/core/memp.c.obj
 .text.memp_malloc
                0x1000be78       0x48 CMakeFiles/days2bin.dir/Users/john/pico/pico-sdk/lib/lwip/src/core/memp.c.obj
                0x1000be78                memp_malloc
 .text.do_memp_free_pool
                0x1000bec0       0x4c CMakeFiles/days2bin.dir/Users/john/pico/pico-sdk/lib/lwip/src/core/memp.c.obj
 .text.memp_free
                0x1000bf0c       0x4c CMakeFiles/days2bin.dir/Users/john/pico/pico-sdk/lib/lwip/src/core/memp.c.obj
                0x1000bf0c                memp_free
 .text.netif_init
                0x1000bf58        0xa CMakeFiles/days2bin.dir/Users/john/pico/pico-sdk/lib/lwip/src/core/netif.c.obj
                0x1000bf58                netif_init
 *fill*         0x1000bf62        0x2 
 .text.netif_add
                0x1000bf64      0x190 CMakeFiles/days2bin.dir/Users/john/pico/pico-sdk/lib/lwip/src/core/netif.c.obj
                0x1000bf64                netif_add
 .text.netif_do_ip_addr_changed
                0x1000c0f4       0x36 CMakeFiles/days2bin.dir/Users/john/pico/pico-sdk/lib/lwip/src/core/netif.c.obj
 *fill*         0x1000c12a        0x2 
 .text.netif_do_set_ipaddr
                0x1000c12c       0x94 CMakeFiles/days2bin.dir/Users/john/pico/pico-sdk/lib/lwip/src/core/netif.c.obj
 .text.netif_do_set_netmask
                0x1000c1c0       0x3a CMakeFiles/days2bin.dir/Users/john/pico/pico-sdk/lib/lwip/src/core/netif.c.obj
 .text.netif_do_set_gw
                0x1000c1fa       0x3a CMakeFiles/days2bin.dir/Users/john/pico/pico-sdk/lib/lwip/src/core/netif.c.obj
 .text.netif_set_addr
                0x1000c234       0x98 CMakeFiles/days2bin.dir/Users/john/pico/pico-sdk/lib/lwip/src/core/netif.c.obj
                0x1000c234                netif_set_addr
 .text.netif_remove
                0x1000c2cc       0x9c CMakeFiles/days2bin.dir/Users/john/pico/pico-sdk/lib/lwip/src/core/netif.c.obj
                0x1000c2cc                netif_remove
 .text.netif_set_default
                0x1000c368       0x1c CMakeFiles/days2bin.dir/Users/john/pico/pico-sdk/lib/lwip/src/core/netif.c.obj
                0x1000c368                netif_set_default
 .text.netif_set_up
                0x1000c384       0x60 CMakeFiles/days2bin.dir/Users/john/pico/pico-sdk/lib/lwip/src/core/netif.c.obj
                0x1000c384                netif_set_up
 .text.netif_issue_reports
                0x1000c3e4       0x78 CMakeFiles/days2bin.dir/Users/john/pico/pico-sdk/lib/lwip/src/core/netif.c.obj
 .text.netif_set_down
                0x1000c45c       0x6c CMakeFiles/days2bin.dir/Users/john/pico/pico-sdk/lib/lwip/src/core/netif.c.obj
                0x1000c45c                netif_set_down
 .text.netif_set_link_up
                0x1000c4c8       0x68 CMakeFiles/days2bin.dir/Users/john/pico/pico-sdk/lib/lwip/src/core/netif.c.obj
                0x1000c4c8                netif_set_link_up
 .text.netif_set_link_down
                0x1000c530       0x54 CMakeFiles/days2bin.dir/Users/john/pico/pico-sdk/lib/lwip/src/core/netif.c.obj
                0x1000c530                netif_set_link_down
 .text.netif_null_output_ip4
                0x1000c584       0x18 CMakeFiles/days2bin.dir/Users/john/pico/pico-sdk/lib/lwip/src/core/netif.c.obj
 .text.netif_get_by_index
                0x1000c59c       0x4c CMakeFiles/days2bin.dir/Users/john/pico/pico-sdk/lib/lwip/src/core/netif.c.obj
                0x1000c59c                netif_get_by_index
 .text.pbuf_free_ooseq
                0x1000c5e8       0x50 CMakeFiles/days2bin.dir/Users/john/pico/pico-sdk/lib/lwip/src/core/pbuf.c.obj
                0x1000c5e8                pbuf_free_ooseq
 .text.pbuf_pool_is_empty
                0x1000c638       0x28 CMakeFiles/days2bin.dir/Users/john/pico/pico-sdk/lib/lwip/src/core/pbuf.c.obj
 .text.pbuf_init_alloced_pbuf
                0x1000c660       0x5c CMakeFiles/days2bin.dir/Users/john/pico/pico-sdk/lib/lwip/src/core/pbuf.c.obj
 .text.pbuf_alloc
                0x1000c6bc      0x240 CMakeFiles/days2bin.dir/Users/john/pico/pico-sdk/lib/lwip/src/core/pbuf.c.obj
                0x1000c6bc                pbuf_alloc
 .text.pbuf_alloc_reference
                0x1000c8fc       0x70 CMakeFiles/days2bin.dir/Users/john/pico/pico-sdk/lib/lwip/src/core/pbuf.c.obj
                0x1000c8fc                pbuf_alloc_reference
 .text.pbuf_realloc
                0x1000c96c      0x128 CMakeFiles/days2bin.dir/Users/john/pico/pico-sdk/lib/lwip/src/core/pbuf.c.obj
                0x1000c96c                pbuf_realloc
 .text.pbuf_add_header_impl
                0x1000ca94       0xd8 CMakeFiles/days2bin.dir/Users/john/pico/pico-sdk/lib/lwip/src/core/pbuf.c.obj
 .text.pbuf_add_header
                0x1000cb6c       0x20 CMakeFiles/days2bin.dir/Users/john/pico/pico-sdk/lib/lwip/src/core/pbuf.c.obj
                0x1000cb6c                pbuf_add_header
 .text.pbuf_remove_header
                0x1000cb8c       0x9c CMakeFiles/days2bin.dir/Users/john/pico/pico-sdk/lib/lwip/src/core/pbuf.c.obj
                0x1000cb8c                pbuf_remove_header
 .text.pbuf_header_impl
                0x1000cc28       0x56 CMakeFiles/days2bin.dir/Users/john/pico/pico-sdk/lib/lwip/src/core/pbuf.c.obj
 .text.pbuf_header_force
                0x1000cc7e       0x28 CMakeFiles/days2bin.dir/Users/john/pico/pico-sdk/lib/lwip/src/core/pbuf.c.obj
                0x1000cc7e                pbuf_header_force
 *fill*         0x1000cca6        0x2 
 .text.pbuf_free
                0x1000cca8       0xf8 CMakeFiles/days2bin.dir/Users/john/pico/pico-sdk/lib/lwip/src/core/pbuf.c.obj
                0x1000cca8                pbuf_free
 .text.pbuf_clen
                0x1000cda0       0x38 CMakeFiles/days2bin.dir/Users/john/pico/pico-sdk/lib/lwip/src/core/pbuf.c.obj
                0x1000cda0                pbuf_clen
 .text.pbuf_ref
                0x1000cdd8       0x48 CMakeFiles/days2bin.dir/Users/john/pico/pico-sdk/lib/lwip/src/core/pbuf.c.obj
                0x1000cdd8                pbuf_ref
 .text.pbuf_cat
                0x1000ce20       0x90 CMakeFiles/days2bin.dir/Users/john/pico/pico-sdk/lib/lwip/src/core/pbuf.c.obj
                0x1000ce20                pbuf_cat
 .text.pbuf_chain
                0x1000ceb0       0x26 CMakeFiles/days2bin.dir/Users/john/pico/pico-sdk/lib/lwip/src/core/pbuf.c.obj
                0x1000ceb0                pbuf_chain
 *fill*         0x1000ced6        0x2 
 .text.pbuf_copy
                0x1000ced8       0x3c CMakeFiles/days2bin.dir/Users/john/pico/pico-sdk/lib/lwip/src/core/pbuf.c.obj
                0x1000ced8                pbuf_copy
 .text.pbuf_copy_partial_pbuf
                0x1000cf14      0x1ec CMakeFiles/days2bin.dir/Users/john/pico/pico-sdk/lib/lwip/src/core/pbuf.c.obj
                0x1000cf14                pbuf_copy_partial_pbuf
 .text.pbuf_copy_partial
                0x1000d100      0x118 CMakeFiles/days2bin.dir/Users/john/pico/pico-sdk/lib/lwip/src/core/pbuf.c.obj
                0x1000d100                pbuf_copy_partial
 .text.pbuf_skip_const
                0x1000d218       0x66 CMakeFiles/days2bin.dir/Users/john/pico/pico-sdk/lib/lwip/src/core/pbuf.c.obj
 .text.pbuf_skip
                0x1000d27e       0x2e CMakeFiles/days2bin.dir/Users/john/pico/pico-sdk/lib/lwip/src/core/pbuf.c.obj
                0x1000d27e                pbuf_skip
 .text.pbuf_take
                0x1000d2ac      0x108 CMakeFiles/days2bin.dir/Users/john/pico/pico-sdk/lib/lwip/src/core/pbuf.c.obj
                0x1000d2ac                pbuf_take
 .text.pbuf_take_at
                0x1000d3b4      0x100 CMakeFiles/days2bin.dir/Users/john/pico/pico-sdk/lib/lwip/src/core/pbuf.c.obj
                0x1000d3b4                pbuf_take_at
 .text.pbuf_clone
                0x1000d4b4       0x68 CMakeFiles/days2bin.dir/Users/john/pico/pico-sdk/lib/lwip/src/core/pbuf.c.obj
                0x1000d4b4                pbuf_clone
 .text.pbuf_put_at
                0x1000d51c       0x56 CMakeFiles/days2bin.dir/Users/john/pico/pico-sdk/lib/lwip/src/core/pbuf.c.obj
                0x1000d51c                pbuf_put_at
 *fill*         0x1000d572        0x2 
 .text.raw_input_local_match
                0x1000d574       0x74 CMakeFiles/days2bin.dir/Users/john/pico/pico-sdk/lib/lwip/src/core/raw.c.obj
 .text.raw_input
                0x1000d5e8      0x11c CMakeFiles/days2bin.dir/Users/john/pico/pico-sdk/lib/lwip/src/core/raw.c.obj
                0x1000d5e8                raw_input
 .text.raw_netif_ip_addr_changed
                0x1000d704       0x5c CMakeFiles/days2bin.dir/Users/john/pico/pico-sdk/lib/lwip/src/core/raw.c.obj
                0x1000d704                raw_netif_ip_addr_changed
 .text.stats_init
                0x1000d760        0xa CMakeFiles/days2bin.dir/Users/john/pico/pico-sdk/lib/lwip/src/core/stats.c.obj
                0x1000d760                stats_init
 *fill*         0x1000d76a        0x2 
 .text.tcp_init
                0x1000d76c       0x2c CMakeFiles/days2bin.dir/Users/john/pico/pico-sdk/lib/lwip/src/core/tcp.c.obj
                0x1000d76c                tcp_init
 .text.tcp_free
                0x1000d798       0x30 CMakeFiles/days2bin.dir/Users/john/pico/pico-sdk/lib/lwip/src/core/tcp.c.obj
                0x1000d798                tcp_free
 .text.tcp_free_listen
                0x1000d7c8       0x30 CMakeFiles/days2bin.dir/Users/john/pico/pico-sdk/lib/lwip/src/core/tcp.c.obj
 .text.tcp_tmr  0x1000d7f8       0x30 CMakeFiles/days2bin.dir/Users/john/pico/pico-sdk/lib/lwip/src/core/tcp.c.obj
                0x1000d7f8                tcp_tmr
 .text.tcp_remove_listener
                0x1000d828       0x48 CMakeFiles/days2bin.dir/Users/john/pico/pico-sdk/lib/lwip/src/core/tcp.c.obj
 .text.tcp_listen_closed
                0x1000d870       0x64 CMakeFiles/days2bin.dir/Users/john/pico/pico-sdk/lib/lwip/src/core/tcp.c.obj
 .text.tcp_close_shutdown
                0x1000d8d4      0x1cc CMakeFiles/days2bin.dir/Users/john/pico/pico-sdk/lib/lwip/src/core/tcp.c.obj
 .text.tcp_close_shutdown_fin
                0x1000daa0       0xe8 CMakeFiles/days2bin.dir/Users/john/pico/pico-sdk/lib/lwip/src/core/tcp.c.obj
 .text.tcp_close
                0x1000db88       0x4c CMakeFiles/days2bin.dir/Users/john/pico/pico-sdk/lib/lwip/src/core/tcp.c.obj
                0x1000db88                tcp_close
 .text.tcp_abandon
                0x1000dbd4      0x188 CMakeFiles/days2bin.dir/Users/john/pico/pico-sdk/lib/lwip/src/core/tcp.c.obj
                0x1000dbd4                tcp_abandon
 .text.tcp_abort
                0x1000dd5c       0x1a CMakeFiles/days2bin.dir/Users/john/pico/pico-sdk/lib/lwip/src/core/tcp.c.obj
                0x1000dd5c                tcp_abort
 *fill*         0x1000dd76        0x2 
 .text.tcp_bind
                0x1000dd78      0x128 CMakeFiles/days2bin.dir/Users/john/pico/pico-sdk/lib/lwip/src/core/tcp.c.obj
                0x1000dd78                tcp_bind
 .text.tcp_accept_null
                0x1000dea0       0x34 CMakeFiles/days2bin.dir/Users/john/pico/pico-sdk/lib/lwip/src/core/tcp.c.obj
 .text.tcp_listen_with_backlog
                0x1000ded4       0x26 CMakeFiles/days2bin.dir/Users/john/pico/pico-sdk/lib/lwip/src/core/tcp.c.obj
                0x1000ded4                tcp_listen_with_backlog
 *fill*         0x1000defa        0x2 
 .text.tcp_listen_with_backlog_and_err
                0x1000defc      0x160 CMakeFiles/days2bin.dir/Users/john/pico/pico-sdk/lib/lwip/src/core/tcp.c.obj
                0x1000defc                tcp_listen_with_backlog_and_err
 .text.tcp_update_rcv_ann_wnd
                0x1000e05c       0xa4 CMakeFiles/days2bin.dir/Users/john/pico/pico-sdk/lib/lwip/src/core/tcp.c.obj
                0x1000e05c                tcp_update_rcv_ann_wnd
 .text.tcp_recved
                0x1000e100       0xa8 CMakeFiles/days2bin.dir/Users/john/pico/pico-sdk/lib/lwip/src/core/tcp.c.obj
                0x1000e100                tcp_recved
 .text.tcp_new_port
                0x1000e1a8       0xa0 CMakeFiles/days2bin.dir/Users/john/pico/pico-sdk/lib/lwip/src/core/tcp.c.obj
 .text.tcp_slowtmr
                0x1000e248      0x6a0 CMakeFiles/days2bin.dir/Users/john/pico/pico-sdk/lib/lwip/src/core/tcp.c.obj
                0x1000e248                tcp_slowtmr
 .text.tcp_fasttmr
                0x1000e8e8       0xd0 CMakeFiles/days2bin.dir/Users/john/pico/pico-sdk/lib/lwip/src/core/tcp.c.obj
                0x1000e8e8                tcp_fasttmr
 .text.tcp_process_refused_data
                0x1000e9b8      0x10c CMakeFiles/days2bin.dir/Users/john/pico/pico-sdk/lib/lwip/src/core/tcp.c.obj
                0x1000e9b8                tcp_process_refused_data
 .text.tcp_segs_free
                0x1000eac4       0x2c CMakeFiles/days2bin.dir/Users/john/pico/pico-sdk/lib/lwip/src/core/tcp.c.obj
                0x1000eac4                tcp_segs_free
 .text.tcp_seg_free
                0x1000eaf0       0x32 CMakeFiles/days2bin.dir/Users/john/pico/pico-sdk/lib/lwip/src/core/tcp.c.obj
                0x1000eaf0                tcp_seg_free
 *fill*         0x1000eb22        0x2 
 .text.tcp_setprio
                0x1000eb24       0x30 CMakeFiles/days2bin.dir/Users/john/pico/pico-sdk/lib/lwip/src/core/tcp.c.obj
                0x1000eb24                tcp_setprio
 .text.tcp_seg_copy
                0x1000eb54       0x50 CMakeFiles/days2bin.dir/Users/john/pico/pico-sdk/lib/lwip/src/core/tcp.c.obj
                0x1000eb54                tcp_seg_copy
 .text.tcp_recv_null
                0x1000eba4       0x68 CMakeFiles/days2bin.dir/Users/john/pico/pico-sdk/lib/lwip/src/core/tcp.c.obj
                0x1000eba4                tcp_recv_null
 .text.tcp_kill_prio
                0x1000ec0c       0xb8 CMakeFiles/days2bin.dir/Users/john/pico/pico-sdk/lib/lwip/src/core/tcp.c.obj
 .text.tcp_kill_state
                0x1000ecc4       0x90 CMakeFiles/days2bin.dir/Users/john/pico/pico-sdk/lib/lwip/src/core/tcp.c.obj
 .text.tcp_kill_timewait
                0x1000ed54       0x60 CMakeFiles/days2bin.dir/Users/john/pico/pico-sdk/lib/lwip/src/core/tcp.c.obj
 .text.tcp_handle_closepend
                0x1000edb4       0x50 CMakeFiles/days2bin.dir/Users/john/pico/pico-sdk/lib/lwip/src/core/tcp.c.obj
 .text.tcp_alloc
                0x1000ee04      0x12c CMakeFiles/days2bin.dir/Users/john/pico/pico-sdk/lib/lwip/src/core/tcp.c.obj
                0x1000ee04                tcp_alloc
 .text.tcp_new_ip_type
                0x1000ef30       0x20 CMakeFiles/days2bin.dir/Users/john/pico/pico-sdk/lib/lwip/src/core/tcp.c.obj
                0x1000ef30                tcp_new_ip_type
 .text.tcp_arg  0x1000ef50       0x1e CMakeFiles/days2bin.dir/Users/john/pico/pico-sdk/lib/lwip/src/core/tcp.c.obj
                0x1000ef50                tcp_arg
 *fill*         0x1000ef6e        0x2 
 .text.tcp_recv
                0x1000ef70       0x34 CMakeFiles/days2bin.dir/Users/john/pico/pico-sdk/lib/lwip/src/core/tcp.c.obj
                0x1000ef70                tcp_recv
 .text.tcp_sent
                0x1000efa4       0x34 CMakeFiles/days2bin.dir/Users/john/pico/pico-sdk/lib/lwip/src/core/tcp.c.obj
                0x1000efa4                tcp_sent
 .text.tcp_err  0x1000efd8       0x34 CMakeFiles/days2bin.dir/Users/john/pico/pico-sdk/lib/lwip/src/core/tcp.c.obj
                0x1000efd8                tcp_err
 .text.tcp_accept
                0x1000f00c       0x2a CMakeFiles/days2bin.dir/Users/john/pico/pico-sdk/lib/lwip/src/core/tcp.c.obj
                0x1000f00c                tcp_accept
 *fill*         0x1000f036        0x2 
 .text.tcp_poll
                0x1000f038       0x4c CMakeFiles/days2bin.dir/Users/john/pico/pico-sdk/lib/lwip/src/core/tcp.c.obj
                0x1000f038                tcp_poll
 .text.tcp_pcb_purge
                0x1000f084       0x94 CMakeFiles/days2bin.dir/Users/john/pico/pico-sdk/lib/lwip/src/core/tcp.c.obj
                0x1000f084                tcp_pcb_purge
 .text.tcp_pcb_remove
                0x1000f118      0x104 CMakeFiles/days2bin.dir/Users/john/pico/pico-sdk/lib/lwip/src/core/tcp.c.obj
                0x1000f118                tcp_pcb_remove
 .text.tcp_next_iss
                0x1000f21c       0x3c CMakeFiles/days2bin.dir/Users/john/pico/pico-sdk/lib/lwip/src/core/tcp.c.obj
                0x1000f21c                tcp_next_iss
 .text.tcp_eff_send_mss_netif
                0x1000f258       0x94 CMakeFiles/days2bin.dir/Users/john/pico/pico-sdk/lib/lwip/src/core/tcp.c.obj
                0x1000f258                tcp_eff_send_mss_netif
 .text.tcp_netif_ip_addr_changed_pcblist
                0x1000f2ec       0x58 CMakeFiles/days2bin.dir/Users/john/pico/pico-sdk/lib/lwip/src/core/tcp.c.obj
 .text.tcp_netif_ip_addr_changed
                0x1000f344       0x80 CMakeFiles/days2bin.dir/Users/john/pico/pico-sdk/lib/lwip/src/core/tcp.c.obj
                0x1000f344                tcp_netif_ip_addr_changed
 .text.tcp_debug_state_str
                0x1000f3c4       0x24 CMakeFiles/days2bin.dir/Users/john/pico/pico-sdk/lib/lwip/src/core/tcp.c.obj
                0x1000f3c4                tcp_debug_state_str
 .text.tcp_free_ooseq
                0x1000f3e8       0x28 CMakeFiles/days2bin.dir/Users/john/pico/pico-sdk/lib/lwip/src/core/tcp.c.obj
                0x1000f3e8                tcp_free_ooseq
 .text.tcp_input
                0x1000f410      0xae4 CMakeFiles/days2bin.dir/Users/john/pico/pico-sdk/lib/lwip/src/core/tcp_in.c.obj
                0x1000f410                tcp_input
 .text.tcp_input_delayed_close
                0x1000fef4       0x78 CMakeFiles/days2bin.dir/Users/john/pico/pico-sdk/lib/lwip/src/core/tcp_in.c.obj
 .text.tcp_listen_input
                0x1000ff6c      0x23c CMakeFiles/days2bin.dir/Users/john/pico/pico-sdk/lib/lwip/src/core/tcp_in.c.obj
 .text.tcp_timewait_input
                0x100101a8       0xf4 CMakeFiles/days2bin.dir/Users/john/pico/pico-sdk/lib/lwip/src/core/tcp_in.c.obj
 .text.tcp_process
                0x1001029c      0x838 CMakeFiles/days2bin.dir/Users/john/pico/pico-sdk/lib/lwip/src/core/tcp_in.c.obj
 .text.tcp_oos_insert_segment
                0x10010ad4      0x174 CMakeFiles/days2bin.dir/Users/john/pico/pico-sdk/lib/lwip/src/core/tcp_in.c.obj
 .text.tcp_free_acked_segments
                0x10010c48      0x108 CMakeFiles/days2bin.dir/Users/john/pico/pico-sdk/lib/lwip/src/core/tcp_in.c.obj
 .text.tcp_receive
                0x10010d50     0x11b4 CMakeFiles/days2bin.dir/Users/john/pico/pico-sdk/lib/lwip/src/core/tcp_in.c.obj
 .text.tcp_get_next_optbyte
                0x10011f04       0x74 CMakeFiles/days2bin.dir/Users/john/pico/pico-sdk/lib/lwip/src/core/tcp_in.c.obj
 .text.tcp_parseopt
                0x10011f78       0xfc CMakeFiles/days2bin.dir/Users/john/pico/pico-sdk/lib/lwip/src/core/tcp_in.c.obj
 .text.tcp_trigger_input_pcb_close
                0x10012074       0x1c CMakeFiles/days2bin.dir/Users/john/pico/pico-sdk/lib/lwip/src/core/tcp_in.c.obj
                0x10012074                tcp_trigger_input_pcb_close
 .text.tcp_route