Archive member included to satisfy reference by file (symbol)

/usr/lib/gcc/arm-none-eabi/12.2.1/thumb/v6-m/nofp/libgcc.a(_dvmd_tls.o)
                              CMakeFiles/glowbit.dir/home/john/pico/pico-sdk/src/rp2_common/pico_divider/divider.S.obj (__aeabi_idiv0)
/usr/lib/gcc/arm-none-eabi/12.2.1/../../../arm-none-eabi/lib/thumb/v6-m/nofp/libg.a(lib_a-atexit.o)
                              /usr/lib/gcc/arm-none-eabi/12.2.1/../../../arm-none-eabi/lib/thumb/v6-m/nofp/crt0.o (atexit)
/usr/lib/gcc/arm-none-eabi/12.2.1/../../../arm-none-eabi/lib/thumb/v6-m/nofp/libg.a(lib_a-calloc.o)
                              CMakeFiles/glowbit.dir/home/john/pico/pico-sdk/src/rp2_common/pico_malloc/pico_malloc.c.obj (calloc)
/usr/lib/gcc/arm-none-eabi/12.2.1/../../../arm-none-eabi/lib/thumb/v6-m/nofp/libg.a(lib_a-callocr.o)
                              /usr/lib/gcc/arm-none-eabi/12.2.1/../../../arm-none-eabi/lib/thumb/v6-m/nofp/libg.a(lib_a-calloc.o) (_calloc_r)
/usr/lib/gcc/arm-none-eabi/12.2.1/../../../arm-none-eabi/lib/thumb/v6-m/nofp/libg.a(lib_a-fini.o)
                              /usr/lib/gcc/arm-none-eabi/12.2.1/../../../arm-none-eabi/lib/thumb/v6-m/nofp/crt0.o (__libc_fini_array)
/usr/lib/gcc/arm-none-eabi/12.2.1/../../../arm-none-eabi/lib/thumb/v6-m/nofp/libg.a(lib_a-impure.o)
                              /usr/lib/gcc/arm-none-eabi/12.2.1/../../../arm-none-eabi/lib/thumb/v6-m/nofp/libg.a(lib_a-calloc.o) (_impure_ptr)
/usr/lib/gcc/arm-none-eabi/12.2.1/../../../arm-none-eabi/lib/thumb/v6-m/nofp/libg.a(lib_a-init.o)
                              /usr/lib/gcc/arm-none-eabi/12.2.1/../../../arm-none-eabi/lib/thumb/v6-m/nofp/crt0.o (__libc_init_array)
/usr/lib/gcc/arm-none-eabi/12.2.1/../../../arm-none-eabi/lib/thumb/v6-m/nofp/libg.a(lib_a-malloc.o)
                              CMakeFiles/glowbit.dir/home/john/pico/pico-sdk/src/rp2_common/pico_malloc/pico_malloc.c.obj (malloc)
/usr/lib/gcc/arm-none-eabi/12.2.1/../../../arm-none-eabi/lib/thumb/v6-m/nofp/libg.a(lib_a-mallocr.o)
                              /usr/lib/gcc/arm-none-eabi/12.2.1/../../../arm-none-eabi/lib/thumb/v6-m/nofp/libg.a(lib_a-callocr.o) (_malloc_r)
/usr/lib/gcc/arm-none-eabi/12.2.1/../../../arm-none-eabi/lib/thumb/v6-m/nofp/libg.a(lib_a-memcmp.o)
                              CMakeFiles/glowbit.dir/home/john/pico/pico-sdk/lib/cyw43-driver/src/cyw43_ll.c.obj (memcmp)
/usr/lib/gcc/arm-none-eabi/12.2.1/../../../arm-none-eabi/lib/thumb/v6-m/nofp/libg.a(lib_a-memmove.o)
                              CMakeFiles/glowbit.dir/home/john/pico/pico-sdk/lib/cyw43-driver/src/cyw43_ll.c.obj (memmove)
/usr/lib/gcc/arm-none-eabi/12.2.1/../../../arm-none-eabi/lib/thumb/v6-m/nofp/libg.a(lib_a-mlock.o)
                              /usr/lib/gcc/arm-none-eabi/12.2.1/../../../arm-none-eabi/lib/thumb/v6-m/nofp/libg.a(lib_a-mallocr.o) (__malloc_lock)
/usr/lib/gcc/arm-none-eabi/12.2.1/../../../arm-none-eabi/lib/thumb/v6-m/nofp/libg.a(lib_a-rand.o)
                              CMakeFiles/glowbit.dir/glowbit.c.obj (rand)
/usr/lib/gcc/arm-none-eabi/12.2.1/../../../arm-none-eabi/lib/thumb/v6-m/nofp/libg.a(lib_a-realloc.o)
                              CMakeFiles/glowbit.dir/home/john/pico/pico-sdk/src/rp2_common/pico_malloc/pico_malloc.c.obj (realloc)
/usr/lib/gcc/arm-none-eabi/12.2.1/../../../arm-none-eabi/lib/thumb/v6-m/nofp/libg.a(lib_a-reallocr.o)
                              /usr/lib/gcc/arm-none-eabi/12.2.1/../../../arm-none-eabi/lib/thumb/v6-m/nofp/libg.a(lib_a-realloc.o) (_realloc_r)
/usr/lib/gcc/arm-none-eabi/12.2.1/../../../arm-none-eabi/lib/thumb/v6-m/nofp/libg.a(lib_a-sbrkr.o)
                              /usr/lib/gcc/arm-none-eabi/12.2.1/../../../arm-none-eabi/lib/thumb/v6-m/nofp/libg.a(lib_a-mallocr.o) (_sbrk_r)
/usr/lib/gcc/arm-none-eabi/12.2.1/../../../arm-none-eabi/lib/thumb/v6-m/nofp/libg.a(lib_a-strlen-stub.o)
                              CMakeFiles/glowbit.dir/home/john/pico/pico-sdk/src/rp2_common/pico_stdio/stdio.c.obj (strlen)
/usr/lib/gcc/arm-none-eabi/12.2.1/../../../arm-none-eabi/lib/thumb/v6-m/nofp/libg.a(lib_a-strncmp.o)
                              CMakeFiles/glowbit.dir/home/john/pico/pico-sdk/lib/cyw43-driver/src/cyw43_ll.c.obj (strncmp)
/usr/lib/gcc/arm-none-eabi/12.2.1/../../../arm-none-eabi/lib/thumb/v6-m/nofp/libg.a(lib_a-__atexit.o)
                              /usr/lib/gcc/arm-none-eabi/12.2.1/../../../arm-none-eabi/lib/thumb/v6-m/nofp/libg.a(lib_a-atexit.o) (__register_exitproc)
/usr/lib/gcc/arm-none-eabi/12.2.1/../../../arm-none-eabi/lib/thumb/v6-m/nofp/libg.a(lib_a-freer.o)
                              /usr/lib/gcc/arm-none-eabi/12.2.1/../../../arm-none-eabi/lib/thumb/v6-m/nofp/libg.a(lib_a-malloc.o) (_free_r)
/usr/lib/gcc/arm-none-eabi/12.2.1/../../../arm-none-eabi/lib/thumb/v6-m/nofp/libg.a(lib_a-reent.o)
                              /usr/lib/gcc/arm-none-eabi/12.2.1/../../../arm-none-eabi/lib/thumb/v6-m/nofp/libg.a(lib_a-sbrkr.o) (errno)

Discarded input sections

[...]
Memory Configuration

Name             Origin             Length             Attributes
FLASH            0x10000000         0x00200000         xr
RAM              0x20000000         0x00040000         xrw
SCRATCH_X        0x20040000         0x00001000         xrw
SCRATCH_Y        0x20041000         0x00001000         xrw
*default*        0x00000000         0xffffffff

Linker script and memory map

LOAD /usr/lib/gcc/arm-none-eabi/12.2.1/thumb/v6-m/nofp/crti.o
LOAD /usr/lib/gcc/arm-none-eabi/12.2.1/thumb/v6-m/nofp/crtbegin.o
LOAD /usr/lib/gcc/arm-none-eabi/12.2.1/../../../arm-none-eabi/lib/thumb/v6-m/nofp/crt0.o

.flash_begin    0x10000000        0x0
                0x10000000                        __flash_binary_start = .

.boot2          0x10000000      0x100
                0x10000000                        __boot2_start__ = .
 *(.boot2)
 .boot2         0x10000000      0x100 /tmp/ccwC1bkL.o
                0x10000100                        __boot2_end__ = .
                0x00000001                        ASSERT (((__boot2_end__ - __boot2_start__) == 0x100), ERROR: Pico second stage bootloader must be 256 bytes in size)

.text           0x10000100     0x45c8
                0x10000100                        __logical_binary_start = .
 *(.vectors)
 .vectors       0x10000100       0xd4 CMakeFiles/glowbit.dir/home/john/pico/pico-sdk/src/rp2_common/pico_standard_link/crt0.S.obj
                0x10000100                __vectors
                0x10000100                __VECTOR_TABLE
                0x100001c0                isr_invalid
                0x100001c0                __default_isrs_start
                0x100001c2                isr_nmi
                0x100001c4                isr_hardfault
                0x100001c6                isr_svcall
                0x100001c8                isr_pendsv
                0x100001ca                isr_systick
                0x100001cc                isr_irq30
                0x100001cc                __unhandled_user_irq
                0x100001cc                isr_irq13
                0x100001cc                isr_irq27
                0x100001cc                isr_irq31
                0x100001cc                isr_irq5
                0x100001cc                isr_irq11
                0x100001cc                isr_irq23
                0x100001cc                isr_irq18
                0x100001cc                isr_irq28
                0x100001cc                isr_irq19
                0x100001cc                isr_irq0
                0x100001cc                isr_irq6
                0x100001cc                isr_irq22
                0x100001cc                isr_irq17
                0x100001cc                isr_irq14
                0x100001cc                isr_irq2
                0x100001cc                isr_irq10
                0x100001cc                isr_irq8
                0x100001cc                isr_irq24
                0x100001cc                isr_irq1
                0x100001cc                isr_irq7
                0x100001cc                isr_irq21
                0x100001cc                isr_irq20
                0x100001cc                isr_irq15
                0x100001cc                isr_irq25
                0x100001cc                isr_irq4
                0x100001cc                isr_irq16
                0x100001cc                isr_irq29
                0x100001cc                isr_irq26
                0x100001cc                __default_isrs_end
                0x100001cc                isr_irq3
                0x100001cc                isr_irq12
                0x100001cc                isr_irq9
                0x100001d2                unhandled_user_irq_num_in_r0
 *(.binary_info_header)
 .binary_info_header
                0x100001d4       0x14 CMakeFiles/glowbit.dir/home/john/pico/pico-sdk/src/rp2_common/pico_standard_link/crt0.S.obj
                0x100001e8                        __binary_info_header_end = .
 *(.reset)
 .reset         0x100001e8       0xa0 CMakeFiles/glowbit.dir/home/john/pico/pico-sdk/src/rp2_common/pico_standard_link/crt0.S.obj
                0x100001e8                _entry_point
 .reset         0x10000288       0x30 CMakeFiles/glowbit.dir/home/john/pico/pico-sdk/src/rp2_common/pico_standard_link/binary_info.c.obj
 *(.init)
 .init          0x100002b8        0x4 /usr/lib/gcc/arm-none-eabi/12.2.1/thumb/v6-m/nofp/crti.o
                0x100002b8                _init
 *(EXCLUDE_FILE(*libm.a: *libc.a:*lib_a-mem*.o *libgcc.a:) .text*)
 .text          0x100002bc       0x98 /usr/lib/gcc/arm-none-eabi/12.2.1/thumb/v6-m/nofp/crtbegin.o
 .text.sm_config_set_clkdiv
                0x10000354       0x3c CMakeFiles/glowbit.dir/glowbit.c.obj
 .text.pio_get_default_sm_config
                0x10000390       0x28 CMakeFiles/glowbit.dir/glowbit.c.obj
 .text.ws2812_program_get_default_config
                0x100003b8       0x3c CMakeFiles/glowbit.dir/glowbit.c.obj
 .text.pattern_snakes
                0x100003f4       0x70 CMakeFiles/glowbit.dir/glowbit.c.obj
                0x100003f4                pattern_snakes
 .text.pattern_greys
                0x10000464       0x48 CMakeFiles/glowbit.dir/glowbit.c.obj
                0x10000464                pattern_greys
 .text.pattern_red
                0x100004ac       0x24 CMakeFiles/glowbit.dir/glowbit.c.obj
                0x100004ac                pattern_red
 .text.pattern_random
                0x100004d0       0x2c CMakeFiles/glowbit.dir/glowbit.c.obj
                0x100004d0                pattern_random
 .text.pattern_sparkle
                0x100004fc       0x3c CMakeFiles/glowbit.dir/glowbit.c.obj
                0x100004fc                pattern_sparkle
 .text.ws2812_program_init
                0x10000538       0xd4 CMakeFiles/glowbit.dir/glowbit.c.obj
 .text.main     0x1000060c       0xa8 CMakeFiles/glowbit.dir/glowbit.c.obj
                0x1000060c                main
 .text.gpio_set_function
                0x100006b4       0x30 CMakeFiles/glowbit.dir/home/john/pico/pico-sdk/src/rp2_common/hardware_gpio/gpio.c.obj
                0x100006b4                gpio_set_function
 .text.running_on_fpga
                0x100006e4       0x14 CMakeFiles/glowbit.dir/home/john/pico/pico-sdk/src/rp2_common/pico_platform/platform.c.obj
                0x100006e4                running_on_fpga
 .text.hw_claim_lock
                0x100006f8       0x18 CMakeFiles/glowbit.dir/home/john/pico/pico-sdk/src/rp2_common/hardware_claim/claim.c.obj
                0x100006f8                hw_claim_lock
 .text.hw_claim_unlock
                0x10000710       0x14 CMakeFiles/glowbit.dir/home/john/pico/pico-sdk/src/rp2_common/hardware_claim/claim.c.obj
                0x10000710                hw_claim_unlock
 .text.hw_claim_or_assert
                0x10000724       0x32 CMakeFiles/glowbit.dir/home/john/pico/pico-sdk/src/rp2_common/hardware_claim/claim.c.obj
                0x10000724                hw_claim_or_assert
 *fill*         0x10000756        0x2 
 .text.spin_locks_reset
                0x10000758       0x20 CMakeFiles/glowbit.dir/home/john/pico/pico-sdk/src/rp2_common/hardware_sync/sync.c.obj
                0x10000758                spin_locks_reset
 .text.next_striped_spin_lock_num
                0x10000778       0x1c CMakeFiles/glowbit.dir/home/john/pico/pico-sdk/src/rp2_common/hardware_sync/sync.c.obj
                0x10000778                next_striped_spin_lock_num
 .text.set_raw_irq_handler_and_unlock
                0x10000794       0x28 CMakeFiles/glowbit.dir/home/john/pico/pico-sdk/src/rp2_common/hardware_irq/irq.c.obj
 .text.resolve_branch
                0x100007bc       0x30 CMakeFiles/glowbit.dir/home/john/pico/pico-sdk/src/rp2_common/hardware_irq/irq.c.obj
 .text.make_branch
                0x100007ec       0x48 CMakeFiles/glowbit.dir/home/john/pico/pico-sdk/src/rp2_common/hardware_irq/irq.c.obj
 .text.insert_branch_and_link
                0x10000834       0x40 CMakeFiles/glowbit.dir/home/john/pico/pico-sdk/src/rp2_common/hardware_irq/irq.c.obj
 .text.irq_is_enabled
                0x10000874       0x18 CMakeFiles/glowbit.dir/home/john/pico/pico-sdk/src/rp2_common/hardware_irq/irq.c.obj
                0x10000874                irq_is_enabled
 .text.irq_set_mask_enabled
                0x1000088c       0x20 CMakeFiles/glowbit.dir/home/john/pico/pico-sdk/src/rp2_common/hardware_irq/irq.c.obj
                0x1000088c                irq_set_mask_enabled
 .text.irq_set_enabled
                0x100008ac        0xe CMakeFiles/glowbit.dir/home/john/pico/pico-sdk/src/rp2_common/hardware_irq/irq.c.obj
                0x100008ac                irq_set_enabled
 *fill*         0x100008ba        0x2 
 .text.irq_get_vtable_handler
                0x100008bc       0x10 CMakeFiles/glowbit.dir/home/john/pico/pico-sdk/src/rp2_common/hardware_irq/irq.c.obj
                0x100008bc                irq_get_vtable_handler
 .text.irq_set_exclusive_handler
                0x100008cc       0x54 CMakeFiles/glowbit.dir/home/john/pico/pico-sdk/src/rp2_common/hardware_irq/irq.c.obj
                0x100008cc                irq_set_exclusive_handler
 .text.irq_remove_handler
                0x10000920      0x188 CMakeFiles/glowbit.dir/home/john/pico/pico-sdk/src/rp2_common/hardware_irq/irq.c.obj
                0x10000920                irq_remove_handler
 .text.irq_add_tail_to_free_list
                0x10000aa8       0xf0 CMakeFiles/glowbit.dir/home/john/pico/pico-sdk/src/rp2_common/hardware_irq/irq.c.obj
                0x10000aa8                irq_add_tail_to_free_list
 .text.irq_init_priorities
                0x10000b98       0x1c CMakeFiles/glowbit.dir/home/john/pico/pico-sdk/src/rp2_common/hardware_irq/irq.c.obj
                0x10000b98                irq_init_priorities
 .text.lock_init
                0x10000bb4       0x10 CMakeFiles/glowbit.dir/home/john/pico/pico-sdk/src/common/pico_sync/lock_core.c.obj
                0x10000bb4                lock_init
 .text.mutex_init
                0x10000bc4       0x1a CMakeFiles/glowbit.dir/home/john/pico/pico-sdk/src/common/pico_sync/mutex.c.obj
                0x10000bc4                mutex_init
 .text.recursive_mutex_init
                0x10000bde       0x1e CMakeFiles/glowbit.dir/home/john/pico/pico-sdk/src/common/pico_sync/mutex.c.obj
                0x10000bde                recursive_mutex_init
 .text.time_reached
                0x10000bfc       0x28 CMakeFiles/glowbit.dir/home/john/pico/pico-sdk/src/common/pico_time/time.c.obj
 .text.get_entry
                0x10000c24       0x38 CMakeFiles/glowbit.dir/home/john/pico/pico-sdk/src/common/pico_time/time.c.obj
 .text.timer_pool_entry_comparator
                0x10000c5c       0x2e CMakeFiles/glowbit.dir/home/john/pico/pico-sdk/src/common/pico_time/time.c.obj
                0x10000c5c                timer_pool_entry_comparator
 *fill*         0x10000c8a        0x2 
 .text.update_us_since_boot
                0x10000c8c       0x24 CMakeFiles/glowbit.dir/home/john/pico/pico-sdk/src/common/pico_time/time.c.obj
 .text.delayed_by_us
                0x10000cb0       0x34 CMakeFiles/glowbit.dir/home/john/pico/pico-sdk/src/common/pico_time/time.c.obj
 .text.ph_get_node
                0x10000ce4       0x30 CMakeFiles/glowbit.dir/home/john/pico/pico-sdk/src/common/pico_time/time.c.obj
 .text.ph_contains_node
                0x10000d14       0x1e CMakeFiles/glowbit.dir/home/john/pico/pico-sdk/src/common/pico_time/time.c.obj
 .text.ph_new_node
                0x10000d32       0x28 CMakeFiles/glowbit.dir/home/john/pico/pico-sdk/src/common/pico_time/time.c.obj
 *fill*         0x10000d5a        0x2 
 .text.ph_add_child_node
                0x10000d5c       0x6c CMakeFiles/glowbit.dir/home/john/pico/pico-sdk/src/common/pico_time/time.c.obj
 .text.ph_merge_nodes
                0x10000dc8       0x3e CMakeFiles/glowbit.dir/home/john/pico/pico-sdk/src/common/pico_time/time.c.obj
 *fill*         0x10000e06        0x2 
 .text.ph_insert_node
                0x10000e08       0x3c CMakeFiles/glowbit.dir/home/john/pico/pico-sdk/src/common/pico_time/time.c.obj
 .text.ph_free_node
                0x10000e44       0x5c CMakeFiles/glowbit.dir/home/john/pico/pico-sdk/src/common/pico_time/time.c.obj
 .text.get_entry_id_high
                0x10000ea0       0x30 CMakeFiles/glowbit.dir/home/john/pico/pico-sdk/src/common/pico_time/time.c.obj
 .text.alarm_pool_post_alloc_init
                0x10000ed0       0x40 CMakeFiles/glowbit.dir/home/john/pico/pico-sdk/src/common/pico_time/time.c.obj
 .text.sleep_until_callback
                0x10000f10       0x30 CMakeFiles/glowbit.dir/home/john/pico/pico-sdk/src/common/pico_time/time.c.obj
 .text.get_absolute_time
                0x10000f40       0x22 CMakeFiles/glowbit.dir/home/john/pico/pico-sdk/src/common/pico_time/time.c.obj
 .text.make_timeout_time_us
                0x10000f62       0x24 CMakeFiles/glowbit.dir/home/john/pico/pico-sdk/src/common/pico_time/time.c.obj
 *fill*         0x10000f86        0x2 
 .text.add_alarm_under_lock
                0x10000f88       0x94 CMakeFiles/glowbit.dir/home/john/pico/pico-sdk/src/common/pico_time/time.c.obj
 .text.alarm_pool_alarm_callback
                0x1000101c      0x210 CMakeFiles/glowbit.dir/home/john/pico/pico-sdk/src/common/pico_time/time.c.obj
 .text.alarm_pool_init_default
                0x1000122c       0x40 CMakeFiles/glowbit.dir/home/john/pico/pico-sdk/src/common/pico_time/time.c.obj
                0x1000122c                alarm_pool_init_default
 .text.alarm_pool_get_default
                0x1000126c       0x2c CMakeFiles/glowbit.dir/home/john/pico/pico-sdk/src/common/pico_time/time.c.obj
                0x1000126c                alarm_pool_get_default
 .text.alarm_pool_add_alarm_at
                0x10001298      0x10e CMakeFiles/glowbit.dir/home/john/pico/pico-sdk/src/common/pico_time/time.c.obj
                0x10001298                alarm_pool_add_alarm_at
 .text.add_alarm_at
                0x100013a6       0x2e CMakeFiles/glowbit.dir/home/john/pico/pico-sdk/src/common/pico_time/time.c.obj
 .text.alarm_pool_cancel_alarm
                0x100013d4       0xa8 CMakeFiles/glowbit.dir/home/john/pico/pico-sdk/src/common/pico_time/time.c.obj
                0x100013d4                alarm_pool_cancel_alarm
 .text.cancel_alarm
                0x1000147c       0x10 CMakeFiles/glowbit.dir/home/john/pico/pico-sdk/src/common/pico_time/time.c.obj
 .text.sleep_until
                0x1000148c       0xb0 CMakeFiles/glowbit.dir/home/john/pico/pico-sdk/src/common/pico_time/time.c.obj
                0x1000148c                sleep_until
 .text.sleep_us
                0x1000153c       0x1a CMakeFiles/glowbit.dir/home/john/pico/pico-sdk/src/common/pico_time/time.c.obj
                0x1000153c                sleep_us
 .text.sleep_ms
                0x10001556       0x14 CMakeFiles/glowbit.dir/home/john/pico/pico-sdk/src/common/pico_time/time.c.obj
                0x10001556                sleep_ms
 *fill*         0x1000156a        0x2 
 .text.best_effort_wfe_or_timeout
                0x1000156c       0x44 CMakeFiles/glowbit.dir/home/john/pico/pico-sdk/src/common/pico_time/time.c.obj
                0x1000156c                best_effort_wfe_or_timeout
 .text.update_us_since_boot
                0x100015b0       0x24 CMakeFiles/glowbit.dir/home/john/pico/pico-sdk/src/rp2_common/hardware_timer/timer.c.obj
 .text.hardware_alarm_irq_handler
                0x100015d4       0x8c CMakeFiles/glowbit.dir/home/john/pico/pico-sdk/src/rp2_common/hardware_timer/timer.c.obj
 .text.hardware_alarm_claim
                0x10001660       0x18 CMakeFiles/glowbit.dir/home/john/pico/pico-sdk/src/rp2_common/hardware_timer/timer.c.obj
                0x10001660                hardware_alarm_claim
 .text.time_us_64
                0x10001678       0x18 CMakeFiles/glowbit.dir/home/john/pico/pico-sdk/src/rp2_common/hardware_timer/timer.c.obj
                0x10001678                time_us_64
 .text.busy_wait_until
                0x10001690       0x28 CMakeFiles/glowbit.dir/home/john/pico/pico-sdk/src/rp2_common/hardware_timer/timer.c.obj
                0x10001690                busy_wait_until
 .text.busy_wait_us
                0x100016b8       0x3a CMakeFiles/glowbit.dir/home/john/pico/pico-sdk/src/rp2_common/hardware_timer/timer.c.obj
                0x100016b8                busy_wait_us
 *fill*         0x100016f2        0x2 
 .text.hardware_alarm_set_callback
                0x100016f4       0x90 CMakeFiles/glowbit.dir/home/john/pico/pico-sdk/src/rp2_common/hardware_timer/timer.c.obj
                0x100016f4                hardware_alarm_set_callback
 .text.hardware_alarm_set_target
                0x10001784       0xe8 CMakeFiles/glowbit.dir/home/john/pico/pico-sdk/src/rp2_common/hardware_timer/timer.c.obj
                0x10001784                hardware_alarm_set_target
 .text.hardware_alarm_cancel
                0x1000186c       0x40 CMakeFiles/glowbit.dir/home/john/pico/pico-sdk/src/rp2_common/hardware_timer/timer.c.obj
                0x1000186c                hardware_alarm_cancel
 .text.ph_get_node
                0x100018ac       0x30 CMakeFiles/glowbit.dir/home/john/pico/pico-sdk/src/common/pico_util/pheap.c.obj
 .text.ph_add_child_node
                0x100018dc       0x6c CMakeFiles/glowbit.dir/home/john/pico/pico-sdk/src/common/pico_util/pheap.c.obj
 .text.ph_merge_nodes
                0x10001948       0x3e CMakeFiles/glowbit.dir/home/john/pico/pico-sdk/src/common/pico_util/pheap.c.obj
 .text.ph_clear
                0x10001986       0x34 CMakeFiles/glowbit.dir/home/john/pico/pico-sdk/src/common/pico_util/pheap.c.obj
                0x10001986                ph_clear
 .text.ph_post_alloc_init
                0x100019ba        0xe CMakeFiles/glowbit.dir/home/john/pico/pico-sdk/src/common/pico_util/pheap.c.obj
                0x100019ba                ph_post_alloc_init
 .text.ph_merge_two_pass
                0x100019c8       0x5c CMakeFiles/glowbit.dir/home/john/pico/pico-sdk/src/common/pico_util/pheap.c.obj
                0x100019c8                ph_merge_two_pass
 .text.ph_remove_any_head
                0x10001a24       0xc0 CMakeFiles/glowbit.dir/home/john/pico/pico-sdk/src/common/pico_util/pheap.c.obj
 .text.ph_remove_head
                0x10001ae4       0x14 CMakeFiles/glowbit.dir/home/john/pico/pico-sdk/src/common/pico_util/pheap.c.obj
                0x10001ae4                ph_remove_head
 .text.ph_remove_and_free_node
                0x10001af8       0xa0 CMakeFiles/glowbit.dir/home/john/pico/pico-sdk/src/common/pico_util/pheap.c.obj
                0x10001af8                ph_remove_and_free_node
 .text.uart_disable_before_lcr_write
                0x10001b98       0x48 CMakeFiles/glowbit.dir/home/john/pico/pico-sdk/src/rp2_common/hardware_uart/uart.c.obj
 .text.uart_write_lcr_bits_masked
                0x10001be0       0x22 CMakeFiles/glowbit.dir/home/john/pico/pico-sdk/src/rp2_common/hardware_uart/uart.c.obj
 *fill*         0x10001c02        0x2 
 .text.uart_set_baudrate
                0x10001c04       0x5c CMakeFiles/glowbit.dir/home/john/pico/pico-sdk/src/rp2_common/hardware_uart/uart.c.obj
                0x10001c04                uart_set_baudrate
 .text.uart_set_format
                0x10001c60       0x2c CMakeFiles/glowbit.dir/home/john/pico/pico-sdk/src/rp2_common/hardware_uart/uart.c.obj
                0x10001c60                uart_set_format
 .text.uart_set_translate_crlf
                0x10001c8c       0x28 CMakeFiles/glowbit.dir/home/john/pico/pico-sdk/src/rp2_common/hardware_uart/uart.c.obj
                0x10001c8c                uart_set_translate_crlf
 .text.uart_init
                0x10001cb4       0x80 CMakeFiles/glowbit.dir/home/john/pico/pico-sdk/src/rp2_common/hardware_uart/uart.c.obj
                0x10001cb4                uart_init
 .text.clock_configure
                0x10001d34      0x108 CMakeFiles/glowbit.dir/home/john/pico/pico-sdk/src/rp2_common/hardware_clocks/clocks.c.obj
                0x10001d34                clock_configure
 .text.clocks_init
                0x10001e3c      0x100 CMakeFiles/glowbit.dir/home/john/pico/pico-sdk/src/rp2_common/hardware_clocks/clocks.c.obj
                0x10001e3c                clocks_init
 .text.clock_get_hz
                0x10001f3c        0xc CMakeFiles/glowbit.dir/home/john/pico/pico-sdk/src/rp2_common/hardware_clocks/clocks.c.obj
                0x10001f3c                clock_get_hz
 .text.pll_init
                0x10001f48      0x120 CMakeFiles/glowbit.dir/home/john/pico/pico-sdk/src/rp2_common/hardware_pll/pll.c.obj
                0x10001f48                pll_init
 .text.watchdog_start_tick
                0x10002068       0x10 CMakeFiles/glowbit.dir/home/john/pico/pico-sdk/src/rp2_common/hardware_watchdog/watchdog.c.obj
                0x10002068                watchdog_start_tick
 .text.xosc_init
                0x10002078       0x28 CMakeFiles/glowbit.dir/home/john/pico/pico-sdk/src/rp2_common/hardware_xosc/xosc.c.obj
                0x10002078                xosc_init
 .text._exit    0x100020a0        0x4 CMakeFiles/glowbit.dir/home/john/pico/pico-sdk/src/rp2_common/pico_runtime/runtime.c.obj
                0x100020a0                _exit
 .text.exit     0x100020a4        0x6 CMakeFiles/glowbit.dir/home/john/pico/pico-sdk/src/rp2_common/pico_runtime/runtime.c.obj
                0x100020a4                exit
 *fill*         0x100020aa        0x2 
 .text.__assert_func
                0x100020ac       0x38 CMakeFiles/glowbit.dir/home/john/pico/pico-sdk/src/rp2_common/pico_runtime/runtime.c.obj
                0x100020ac                __assert_func
 .text.runtime_init
                0x100020e4       0xf8 CMakeFiles/glowbit.dir/home/john/pico/pico-sdk/src/rp2_common/pico_runtime/runtime.c.obj
                0x100020e4                runtime_init
 .text.panic    0x100021dc       0x30 CMakeFiles/glowbit.dir/home/john/pico/pico-sdk/src/rp2_common/pico_runtime/runtime.c.obj
                0x100021dc                panic
 .text._out_null
                0x1000220c        0x2 CMakeFiles/glowbit.dir/home/john/pico/pico-sdk/src/rp2_common/pico_printf/printf.c.obj
 .text._out_fct
                0x1000220e        0xe CMakeFiles/glowbit.dir/home/john/pico/pico-sdk/src/rp2_common/pico_printf/printf.c.obj
 .text._atoi    0x1000221c       0x24 CMakeFiles/glowbit.dir/home/john/pico/pico-sdk/src/rp2_common/pico_printf/printf.c.obj
 .text._out_rev
                0x10002240       0xae CMakeFiles/glowbit.dir/home/john/pico/pico-sdk/src/rp2_common/pico_printf/printf.c.obj
 .text._ntoa_format
                0x100022ee      0x110 CMakeFiles/glowbit.dir/home/john/pico/pico-sdk/src/rp2_common/pico_printf/printf.c.obj
 .text._ntoa_long
                0x100023fe       0xbc CMakeFiles/glowbit.dir/home/john/pico/pico-sdk/src/rp2_common/pico_printf/printf.c.obj
 .text._ntoa_long_long
                0x100024ba      0x10e CMakeFiles/glowbit.dir/home/john/pico/pico-sdk/src/rp2_common/pico_printf/printf.c.obj
 .text._etoa    0x100025c8      0x420 CMakeFiles/glowbit.dir/home/john/pico/pico-sdk/src/rp2_common/pico_printf/printf.c.obj
 .text._ftoa    0x100029e8      0x354 CMakeFiles/glowbit.dir/home/john/pico/pico-sdk/src/rp2_common/pico_printf/printf.c.obj
 .text._vsnprintf
                0x10002d3c      0x65c CMakeFiles/glowbit.dir/home/john/pico/pico-sdk/src/rp2_common/pico_printf/printf.c.obj
 .text.vfctprintf
                0x10003398       0x20 CMakeFiles/glowbit.dir/home/john/pico/pico-sdk/src/rp2_common/pico_printf/printf.c.obj
                0x10003398                vfctprintf
 .text          0x100033b8       0x10 CMakeFiles/glowbit.dir/home/john/pico/pico-sdk/src/rp2_common/pico_bit_ops/bit_ops_aeabi.S.obj
 .text.rom_func_lookup
                0x100033c8       0x10 CMakeFiles/glowbit.dir/home/john/pico/pico-sdk/src/rp2_common/pico_bootrom/bootrom.c.obj
                0x100033c8                rom_func_lookup
 .text.rom_data_lookup
                0x100033d8       0x10 CMakeFiles/glowbit.dir/home/john/pico/pico-sdk/src/rp2_common/pico_bootrom/bootrom.c.obj
                0x100033d8                rom_data_lookup
 .text.rom_funcs_lookup
                0x100033e8       0x36 CMakeFiles/glowbit.dir/home/john/pico/pico-sdk/src/rp2_common/pico_bootrom/bootrom.c.obj
                0x100033e8                rom_funcs_lookup
 *fill*         0x1000341e        0x2 
 .text.__wrap___aeabi_idiv
                0x10003420       0x50 CMakeFiles/glowbit.dir/home/john/pico/pico-sdk/src/rp2_common/pico_divider/divider.S.obj
                0x10003420                __wrap___aeabi_idivmod
                0x10003420                divmod_s32s32
                0x10003420                div_s32s32
                0x10003420                __wrap___aeabi_idiv
                0x10003428                divmod_s32s32_unsafe
                0x10003454                divmod_s32s32_savestate
 .text.__wrap___aeabi_uidiv
                0x10003470       0x4c CMakeFiles/glowbit.dir/home/john/pico/pico-sdk/src/rp2_common/pico_divider/divider.S.obj
                0x10003470                __wrap___aeabi_uidiv
                0x10003470                __wrap___aeabi_uidivmod
                0x10003470                div_u32u32
                0x10003470                divmod_u32u32
                0x10003478                divmod_u32u32_unsafe
                0x100034a0                divmod_u32u32_savestate
 .text.__wrap___aeabi_ldiv
                0x100034bc      0x424 CMakeFiles/glowbit.dir/home/john/pico/pico-sdk/src/rp2_common/pico_divider/divider.S.obj
                0x100034bc                div_s64s64
                0x100034bc                divmod_s64s64
                0x100034bc                __wrap___aeabi_ldivmod
                0x100034ec                div_u64u64
                0x100034ec                divmod_u64u64
                0x100034ec                __wrap___aeabi_uldivmod
                0x100034fc                divmod_u64u64_savestate
                0x1000351c                divmod_s64s64_unsafe
                0x100035a4                divmod_u64u64_unsafe
 .text.__wrap___aeabi_darithmetic
                0x100038e0       0x60 CMakeFiles/glowbit.dir/home/john/pico/pico-sdk/src/rp2_common/pico_double/double_aeabi.S.obj
                0x100038e0                __wrap___aeabi_drsub
                0x100038e6                __wrap___aeabi_dsub
                0x100038f0                __wrap___aeabi_dadd
                0x100038fa                __wrap___aeabi_ddiv
                0x1000392e                __wrap___aeabi_dmul
 .text.__wrap___aeabi_cdcmple
                0x10003940       0x6c CMakeFiles/glowbit.dir/home/john/pico/pico-sdk/src/rp2_common/pico_double/double_aeabi.S.obj
                0x10003940                __wrap___aeabi_cdrcmple
                0x10003950                __wrap___aeabi_cdcmple
                0x10003950                __wrap___aeabi_cdcmpeq
 .text.__wrap___aeabi_dcmplt
                0x100039ac        0xc CMakeFiles/glowbit.dir/home/john/pico/pico-sdk/src/rp2_common/pico_double/double_aeabi.S.obj
                0x100039ac                __wrap___aeabi_dcmplt
 .text.__wrap___aeabi_dcmple
                0x100039b8       0x10 CMakeFiles/glowbit.dir/home/john/pico/pico-sdk/src/rp2_common/pico_double/double_aeabi.S.obj
                0x100039b8                __wrap___aeabi_dcmple
 .text.__wrap___aeabi_dcmpge
                0x100039c8       0x10 CMakeFiles/glowbit.dir/home/john/pico/pico-sdk/src/rp2_common/pico_double/double_aeabi.S.obj
                0x100039c8                __wrap___aeabi_dcmpge
 .text.__wrap___aeabi_dcmpgt
                0x100039d8        0xa CMakeFiles/glowbit.dir/home/john/pico/pico-sdk/src/rp2_common/pico_double/double_aeabi.S.obj
                0x100039d8                __wrap___aeabi_dcmpgt
 .text.__wrap___aeabi_dcmpun
                0x100039e2       0x1c CMakeFiles/glowbit.dir/home/john/pico/pico-sdk/src/rp2_common/pico_double/double_aeabi.S.obj
                0x100039e2                __wrap___aeabi_dcmpun
 *fill*         0x100039fe        0x2 
 .text.__wrap___aeabi_i2d
                0x10003a00       0x38 CMakeFiles/glowbit.dir/home/john/pico/pico-sdk/src/rp2_common/pico_double/double_aeabi.S.obj
                0x10003a00                __wrap___aeabi_ui2d
                0x10003a08                __wrap___aeabi_i2d
 .text.__wrap___aeabi_d2iz
                0x10003a38       0x48 CMakeFiles/glowbit.dir/home/john/pico/pico-sdk/src/rp2_common/pico_double/double_aeabi.S.obj
                0x10003a38                __wrap___aeabi_d2iz
                0x10003a38                double2int_z
 .text.__wrap___aeabi_d2uiz
                0x10003a80       0x10 CMakeFiles/glowbit.dir/home/john/pico/pico-sdk/src/rp2_common/pico_double/double_aeabi.S.obj
                0x10003a80                double2uint
                0x10003a80                __wrap___aeabi_d2uiz
 .text.missing_double_func_shim
                0x10003a90        0xc CMakeFiles/glowbit.dir/home/john/pico/pico-sdk/src/rp2_common/pico_double/double_init_rom.c.obj
 .text.__aeabi_double_init
                0x10003a9c       0xd0 CMakeFiles/glowbit.dir/home/john/pico/pico-sdk/src/rp2_common/pico_double/double_init_rom.c.obj
                0x10003a9c                __aeabi_double_init
 .text.double_table_shim_on_use_helper
                0x10003b6c       0x34 CMakeFiles/glowbit.dir/home/john/pico/pico-sdk/src/rp2_common/pico_double/double_v1_rom_shim.S.obj
                0x10003b6c                double_table_shim_on_use_helper
 .text.__aeabi_lmul
                0x10003ba0       0x32 CMakeFiles/glowbit.dir/home/john/pico/pico-sdk/src/rp2_common/pico_int64_ops/pico_int64_ops_aeabi.S.obj
                0x10003ba0                __wrap___aeabi_lmul
 *fill*         0x10003bd2        0x2 
 .text.__wrap___aeabi_farithmetic
                0x10003bd4       0x48 CMakeFiles/glowbit.dir/home/john/pico/pico-sdk/src/rp2_common/pico_float/float_aeabi.S.obj
                0x10003bd4                __wrap___aeabi_frsub
                0x10003bda                __wrap___aeabi_fsub
                0x10003be0                __wrap___aeabi_fadd
                0x10003be6                __wrap___aeabi_fdiv
                0x10003c0e                __wrap___aeabi_fmul
 .text.__wrap___aeabi_ui2f
                0x10003c1c        0xa CMakeFiles/glowbit.dir/home/john/pico/pico-sdk/src/rp2_common/pico_float/float_aeabi.S.obj
                0x10003c1c                __wrap___aeabi_ui2f
 *fill*         0x10003c26        0x2 
 .text.__wrap___aeabi_i2f
                0x10003c28       0x44 CMakeFiles/glowbit.dir/home/john/pico/pico-sdk/src/rp2_common/pico_float/float_aeabi.S.obj
                0x10003c28                __wrap___aeabi_i2f
 .text.__wrap___aeabi_f2uiz
                0x10003c6c        0xc CMakeFiles/glowbit.dir/home/john/pico/pico-sdk/src/rp2_common/pico_float/float_aeabi.S.obj
                0x10003c6c                __wrap___aeabi_f2uiz
 .text.missing_float_func_shim
                0x10003c78        0xc CMakeFiles/glowbit.dir/home/john/pico/pico-sdk/src/rp2_common/pico_float/float_init_rom.c.obj
 .text.__aeabi_float_init
                0x10003c84       0x88 CMakeFiles/glowbit.dir/home/john/pico/pico-sdk/src/rp2_common/pico_float/float_init_rom.c.obj
                0x10003c84                __aeabi_float_init
 .text          0x10003d0c       0x10 CMakeFiles/glowbit.dir/home/john/pico/pico-sdk/src/rp2_common/pico_mem_ops/mem_ops_aeabi.S.obj
                0x10003d0c                __aeabi_mem_init
 .text.memset   0x10003d1c        0xc CMakeFiles/glowbit.dir/home/john/pico/pico-sdk/src/rp2_common/pico_mem_ops/mem_ops_aeabi.S.obj
                0x10003d1c                __wrap_memset
 .text.memcpy   0x10003d28        0xc CMakeFiles/glowbit.dir/home/john/pico/pico-sdk/src/rp2_common/pico_mem_ops/mem_ops_aeabi.S.obj
                0x10003d28                __wrap___aeabi_memcpy
                0x10003d28                __wrap_memcpy
 .text.stdio_out_chars_no_crlf
                0x10003d34        0xe CMakeFiles/glowbit.dir/home/john/pico/pico-sdk/src/rp2_common/pico_stdio/stdio.c.obj
 *fill*         0x10003d42        0x2 
 .text.stdio_out_chars_crlf
                0x10003d44       0x80 CMakeFiles/glowbit.dir/home/john/pico/pico-sdk/src/rp2_common/pico_stdio/stdio.c.obj
 .text.stdio_stack_buffer_flush
                0x10003dc4       0x44 CMakeFiles/glowbit.dir/home/john/pico/pico-sdk/src/rp2_common/pico_stdio/stdio.c.obj
 .text.stdio_buffered_printer
                0x10003e08       0x20 CMakeFiles/glowbit.dir/home/john/pico/pico-sdk/src/rp2_common/pico_stdio/stdio.c.obj
 .text.update_us_since_boot
                0x10003e28       0x24 CMakeFiles/glowbit.dir/home/john/pico/pico-sdk/src/rp2_common/pico_stdio/stdio.c.obj
 .text.get_absolute_time
                0x10003e4c       0x22 CMakeFiles/glowbit.dir/home/john/pico/pico-sdk/src/rp2_common/pico_stdio/stdio.c.obj
 *fill*         0x10003e6e        0x2 
 .text.delayed_by_ms
                0x10003e70       0x44 CMakeFiles/glowbit.dir/home/john/pico/pico-sdk/src/rp2_common/pico_stdio/stdio.c.obj
 .text.make_timeout_time_ms
                0x10003eb4       0x20 CMakeFiles/glowbit.dir/home/john/pico/pico-sdk/src/rp2_common/pico_stdio/stdio.c.obj
 .text.stdout_serialize_begin
                0x10003ed4       0x20 CMakeFiles/glowbit.dir/home/john/pico/pico-sdk/src/rp2_common/pico_stdio/stdio.c.obj
                0x10003ed4                stdout_serialize_begin
 .text.stdout_serialize_end
                0x10003ef4       0x10 CMakeFiles/glowbit.dir/home/john/pico/pico-sdk/src/rp2_common/pico_stdio/stdio.c.obj
                0x10003ef4                stdout_serialize_end
 .text.stdio_put_string
                0x10003f04       0x98 CMakeFiles/glowbit.dir/home/john/pico/pico-sdk/src/rp2_common/pico_stdio/stdio.c.obj
 .text.stdio_set_driver_enabled
                0x10003f9c       0x2c CMakeFiles/glowbit.dir/home/john/pico/pico-sdk/src/rp2_common/pico_stdio/stdio.c.obj
                0x10003f9c                stdio_set_driver_enabled
 .text.stdio_flush
                0x10003fc8       0x20 CMakeFiles/glowbit.dir/home/john/pico/pico-sdk/src/rp2_common/pico_stdio/stdio.c.obj
                0x10003fc8                stdio_flush
 .text.__wrap_puts
                0x10003fe8       0x1e CMakeFiles/glowbit.dir/home/john/pico/pico-sdk/src/rp2_common/pico_stdio/stdio.c.obj
                0x10003fe8                __wrap_puts
 *fill*         0x10004006        0x2 
 .text.__wrap_vprintf
                0x10004008       0x40 CMakeFiles/glowbit.dir/home/john/pico/pico-sdk/src/rp2_common/pico_stdio/stdio.c.obj
                0x10004008                __wrap_vprintf
 .text.__wrap_printf
                0x10004048       0x18 CMakeFiles/glowbit.dir/home/john/pico/pico-sdk/src/rp2_common/pico_stdio/stdio.c.obj
                0x10004048                __wrap_printf
 .text.stdio_init_all
                0x10004060        0xa CMakeFiles/glowbit.dir/home/john/pico/pico-sdk/src/rp2_common/pico_stdio/stdio.c.obj
                0x10004060                stdio_init_all
 *fill*         0x1000406a        0x2 
 .text.uart_putc
                0x1000406c       0x60 CMakeFiles/glowbit.dir/home/john/pico/pico-sdk/src/rp2_common/pico_stdio_uart/stdio_uart.c.obj
 .text.uart_getc
                0x100040cc       0x24 CMakeFiles/glowbit.dir/home/john/pico/pico-sdk/src/rp2_common/pico_stdio_uart/stdio_uart.c.obj
 .text.stdio_uart_out_chars
                0x100040f0       0x20 CMakeFiles/glowbit.dir/home/john/pico/pico-sdk/src/rp2_common/pico_stdio_uart/stdio_uart.c.obj
 .text.stdio_uart_in_chars
                0x10004110       0x5c CMakeFiles/glowbit.dir/home/john/pico/pico-sdk/src/rp2_common/pico_stdio_uart/stdio_uart.c.obj
                0x10004110                stdio_uart_in_chars
 .text.on_uart_rx
                0x1000416c       0x28 CMakeFiles/glowbit.dir/home/john/pico/pico-sdk/src/rp2_common/pico_stdio_uart/stdio_uart.c.obj
 .text.stdio_uart_set_chars_available_callback
                0x10004194       0x8c CMakeFiles/glowbit.dir/home/john/pico/pico-sdk/src/rp2_common/pico_stdio_uart/stdio_uart.c.obj
 .text.stdio_uart_init_full
                0x10004220       0x44 CMakeFiles/glowbit.dir/home/john/pico/pico-sdk/src/rp2_common/pico_stdio_uart/stdio_uart.c.obj
                0x10004220                stdio_uart_init_full
 .text.stdio_uart_init
                0x10004264       0x28 CMakeFiles/glowbit.dir/home/john/pico/pico-sdk/src/rp2_common/pico_stdio_uart/stdio_uart.c.obj
                0x10004264                stdio_uart_init
 .text._retrieve_unique_id_on_boot
                0x1000428c       0x10 CMakeFiles/glowbit.dir/home/john/pico/pico-sdk/src/rp2_common/pico_unique_id/unique_id.c.obj
 .text.flash_get_unique_id
                0x1000429c       0x46 CMakeFiles/glowbit.dir/home/john/pico/pico-sdk/src/rp2_common/hardware_flash/flash.c.obj
                0x1000429c                flash_get_unique_id
 .text.pio_get_default_sm_config
                0x100042e2       0x28 CMakeFiles/glowbit.dir/home/john/pico/pico-sdk/src/rp2_common/hardware_pio/pio.c.obj
 *fill*         0x1000430a        0x2 
 .text._pio_can_add_program_at_offset
                0x1000430c       0x3c CMakeFiles/glowbit.dir/home/john/pico/pico-sdk/src/rp2_common/hardware_pio/pio.c.obj
 .text._pio_find_offset_for_program
                0x10004348       0x7c CMakeFiles/glowbit.dir/home/john/pico/pico-sdk/src/rp2_common/hardware_pio/pio.c.obj
 .text._pio_add_program_at_offset
                0x100043c4       0x7c CMakeFiles/glowbit.dir/home/john/pico/pico-sdk/src/rp2_common/hardware_pio/pio.c.obj
 .text.pio_add_program
                0x10004440       0x38 CMakeFiles/glowbit.dir/home/john/pico/pico-sdk/src/rp2_common/hardware_pio/pio.c.obj
                0x10004440                pio_add_program
 .text.pio_sm_set_consecutive_pindirs
                0x10004478       0xa4 CMakeFiles/glowbit.dir/home/john/pico/pico-sdk/src/rp2_common/hardware_pio/pio.c.obj
                0x10004478                pio_sm_set_consecutive_pindirs
 .text.pio_sm_init
                0x1000451c       0xb0 CMakeFiles/glowbit.dir/home/john/pico/pico-sdk/src/rp2_common/hardware_pio/pio.c.obj
                0x1000451c                pio_sm_init
 .text          0x100045cc       0x48 /usr/lib/gcc/arm-none-eabi/12.2.1/../../../arm-none-eabi/lib/thumb/v6-m/nofp/libg.a(lib_a-rand.o)
                0x100045cc                srand
                0x100045e0                rand
 .text          0x10004614       0x5c /usr/lib/gcc/arm-none-eabi/12.2.1/../../../arm-none-eabi/lib/thumb/v6-m/nofp/libg.a(lib_a-strlen-stub.o)
                0x10004614                strlen
 *(.fini)
 .fini          0x10004670        0x4 /usr/lib/gcc/arm-none-eabi/12.2.1/thumb/v6-m/nofp/crti.o
                0x10004670                _fini
 *fill*         0x10004674        0x4 
 .fini.__stub   0x10004678       0x50 linker stubs
 *crtbegin.o(.ctors)
 *crtbegin?.o(.ctors)
 *(EXCLUDE_FILE(*crtend.o *crtend?.o) .ctors)
 *(SORT_BY_NAME(.ctors.*))
 *(.ctors)
 *crtbegin.o(.dtors)
 *crtbegin?.o(.dtors)
 *(EXCLUDE_FILE(*crtend.o *crtend?.o) .dtors)
 *(SORT_BY_NAME(.dtors.*))
 *(.dtors)
 *(.eh_frame*)
 .eh_frame      0x100046c8        0x0 /usr/lib/gcc/arm-none-eabi/12.2.1/thumb/v6-m/nofp/crtbegin.o
                0x100046c8                        . = ALIGN (0x4)

.glue_7         0x100046c8        0x0
 .glue_7        0x100046c8        0x0 linker stubs

.glue_7t        0x100046c8        0x0
 .glue_7t       0x100046c8        0x0 linker stubs

.vfp11_veneer   0x100046c8        0x0
 .vfp11_veneer  0x100046c8        0x0 linker stubs

.v4_bx          0x100046c8        0x0
 .v4_bx         0x100046c8        0x0 linker stubs

.iplt           0x100046c8        0x0
 .iplt          0x100046c8        0x0 /usr/lib/gcc/arm-none-eabi/12.2.1/thumb/v6-m/nofp/crtbegin.o

.rodata         0x100046c8     0x10d4
 *(EXCLUDE_FILE(*libm.a: *libc.a:*lib_a-mem*.o *libgcc.a:) .rodata*)
 .rodata.main.str1.4
                0x100046c8       0x38 CMakeFiles/glowbit.dir/glowbit.c.obj
 .rodata.str1.4
                0x10004700       0x2c CMakeFiles/glowbit.dir/glowbit.c.obj
 .rodata.pattern_table
                0x1000472c       0x28 CMakeFiles/glowbit.dir/glowbit.c.obj
                0x1000472c                pattern_table
 .rodata.ws2812_program
                0x10004754        0x6 CMakeFiles/glowbit.dir/glowbit.c.obj
 *fill*         0x1000475a        0x2 
 .rodata.ws2812_program_instructions
                0x1000475c        0x8 CMakeFiles/glowbit.dir/glowbit.c.obj
 .rodata.resolve_branch.str1.4
                0x10004764       0x53 CMakeFiles/glowbit.dir/home/john/pico/pico-sdk/src/rp2_common/hardware_irq/irq.c.obj
 *fill*         0x100047b7        0x1 
 .rodata.make_branch.str1.4
                0x100047b8       0x30 CMakeFiles/glowbit.dir/home/john/pico/pico-sdk/src/rp2_common/hardware_irq/irq.c.obj
 .rodata.insert_branch_and_link.str1.4
                0x100047e8       0x10 CMakeFiles/glowbit.dir/home/john/pico/pico-sdk/src/rp2_common/hardware_irq/irq.c.obj
 .rodata.irq_set_exclusive_handler.str1.4
                0x100047f8       0x36 CMakeFiles/glowbit.dir/home/john/pico/pico-sdk/src/rp2_common/hardware_irq/irq.c.obj
 *fill*         0x1000482e        0x2 
 .rodata.irq_remove_handler.str1.4
                0x10004830       0x3a CMakeFiles/glowbit.dir/home/john/pico/pico-sdk/src/rp2_common/hardware_irq/irq.c.obj
 *fill*         0x1000486a        0x2 
 .rodata.irq_add_tail_to_free_list.str1.4
                0x1000486c       0x3a CMakeFiles/glowbit.dir/home/john/pico/pico-sdk/src/rp2_common/hardware_irq/irq.c.obj
 *fill*         0x100048a6        0x2 
 .rodata.__func__.0
                0x100048a8       0x1a CMakeFiles/glowbit.dir/home/john/pico/pico-sdk/src/rp2_common/hardware_irq/irq.c.obj
 *fill*         0x100048c2        0x2 
 .rodata.__func__.1
                0x100048c4       0x17 CMakeFiles/glowbit.dir/home/john/pico/pico-sdk/src/rp2_common/hardware_irq/irq.c.obj
 *fill*         0x100048db        0x1 
 .rodata.__func__.2
                0x100048dc       0x13 CMakeFiles/glowbit.dir/home/john/pico/pico-sdk/src/rp2_common/hardware_irq/irq.c.obj
 *fill*         0x100048ef        0x1 
 .rodata.__func__.3
                0x100048f0        0xc CMakeFiles/glowbit.dir/home/john/pico/pico-sdk/src/rp2_common/hardware_irq/irq.c.obj
 .rodata.__func__.4
                0x100048fc        0xf CMakeFiles/glowbit.dir/home/john/pico/pico-sdk/src/rp2_common/hardware_irq/irq.c.obj
 *fill*         0x1000490b        0x1 
 .rodata.__func__.6
                0x1000490c       0x1a CMakeFiles/glowbit.dir/home/john/pico/pico-sdk/src/rp2_common/hardware_irq/irq.c.obj
 *fill*         0x10004926        0x2 
 .rodata.str1.4
                0x10004928       0x89 CMakeFiles/glowbit.dir/home/john/pico/pico-sdk/src/common/pico_sync/mutex.c.obj
 *fill*         0x100049b1        0x3 
 .rodata.__func__.1
                0x100049b4        0xb CMakeFiles/glowbit.dir/home/john/pico/pico-sdk/src/common/pico_sync/mutex.c.obj
 *fill*         0x100049bf        0x1 
 .rodata.__func__.3
                0x100049c0       0x18 CMakeFiles/glowbit.dir/home/john/pico/pico-sdk/src/common/pico_sync/mutex.c.obj
 .rodata.get_entry.str1.4
                0x100049d8       0x59 CMakeFiles/glowbit.dir/home/john/pico/pico-sdk/src/common/pico_time/time.c.obj
 *fill*         0x10004a31        0x3 
 .rodata.update_us_since_boot.str1.4
                0x10004a34       0x5f CMakeFiles/glowbit.dir/home/john/pico/pico-sdk/src/common/pico_time/time.c.obj
 *fill*         0x10004a93        0x1 
 .rodata.ph_get_node.str1.4
                0x10004a94       0x64 CMakeFiles/glowbit.dir/home/john/pico/pico-sdk/src/common/pico_time/time.c.obj
 .rodata.ph_add_child_node.str1.4
                0x10004af8       0x2e CMakeFiles/glowbit.dir/home/john/pico/pico-sdk/src/common/pico_time/time.c.obj
 *fill*         0x10004b26        0x2 
 .rodata.ph_insert_node.str1.4
                0x10004b28        0x3 CMakeFiles/glowbit.dir/home/john/pico/pico-sdk/src/common/pico_time/time.c.obj
 *fill*         0x10004b2b        0x1 
 .rodata.ph_free_node.str1.4
                0x10004b2c       0x38 CMakeFiles/glowbit.dir/home/john/pico/pico-sdk/src/common/pico_time/time.c.obj
 .rodata.add_alarm_under_lock.str1.4
                0x10004b64       0x28 CMakeFiles/glowbit.dir/home/john/pico/pico-sdk/src/common/pico_time/time.c.obj
 .rodata.alarm_pool_alarm_callback.str1.4
                0x10004b8c       0x60 CMakeFiles/glowbit.dir/home/john/pico/pico-sdk/src/common/pico_time/time.c.obj
 .rodata.alarm_pool_get_default.str1.4
                0x10004bec       0x21 CMakeFiles/glowbit.dir/home/john/pico/pico-sdk/src/common/pico_time/time.c.obj
 *fill*         0x10004c0d        0x3 
 .rodata.alarm_pool_cancel_alarm.str1.4
                0x10004c10       0x27 CMakeFiles/glowbit.dir/home/john/pico/pico-sdk/src/common/pico_time/time.c.obj
 *fill*         0x10004c37        0x1 
 .rodata.sleep_until.str1.4
                0x10004c38       0x4d CMakeFiles/glowbit.dir/home/john/pico/pico-sdk/src/common/pico_time/time.c.obj
 *fill*         0x10004c85        0x3 
 .rodata.__func__.1
                0x10004c88       0x18 CMakeFiles/glowbit.dir/home/john/pico/pico-sdk/src/common/pico_time/time.c.obj
 .rodata.__func__.3
                0x10004ca0       0x17 CMakeFiles/glowbit.dir/home/john/pico/pico-sdk/src/common/pico_time/time.c.obj
 *fill*         0x10004cb7        0x1 
 .rodata.__func__.4
                0x10004cb8       0x12 CMakeFiles/glowbit.dir/home/john/pico/pico-sdk/src/common/pico_time/time.c.obj
 *fill*         0x10004cca        0x2 
 .rodata.__func__.5
                0x10004ccc        0xd CMakeFiles/glowbit.dir/home/john/pico/pico-sdk/src/common/pico_time/time.c.obj
 *fill*         0x10004cd9        0x3 
 .rodata.__func__.6
                0x10004cdc       0x12 CMakeFiles/glowbit.dir/home/john/pico/pico-sdk/src/common/pico_time/time.c.obj
 *fill*         0x10004cee        0x2 
 .rodata.__func__.7
                0x10004cf0        0xf CMakeFiles/glowbit.dir/home/john/pico/pico-sdk/src/common/pico_time/time.c.obj
 *fill*         0x10004cff        0x1 
 .rodata.__func__.8
                0x10004d00        0xc CMakeFiles/glowbit.dir/home/john/pico/pico-sdk/src/common/pico_time/time.c.obj
 .rodata.__func__.9
                0x10004d0c       0x15 CMakeFiles/glowbit.dir/home/john/pico/pico-sdk/src/common/pico_time/time.c.obj
 *fill*         0x10004d21        0x3 
 .rodata.__func__.10
                0x10004d24       0x15 CMakeFiles/glowbit.dir/home/john/pico/pico-sdk/src/common/pico_time/time.c.obj
 *fill*         0x10004d39        0x3 
 .rodata.__func__.11
                0x10004d3c       0x1a CMakeFiles/glowbit.dir/home/john/pico/pico-sdk/src/common/pico_time/time.c.obj
 *fill*         0x10004d56        0x2 
 .rodata.__func__.12
                0x10004d58        0xa CMakeFiles/glowbit.dir/home/john/pico/pico-sdk/src/common/pico_time/time.c.obj
 .rodata.update_us_since_boot.str1.4
                0x10004d62       0x5f CMakeFiles/glowbit.dir/home/john/pico/pico-sdk/src/rp2_common/hardware_timer/timer.c.obj
 *fill*         0x10004d62        0x2 
 .rodata.hardware_alarm_claim.str1.4
                0x10004d64       0x22 CMakeFiles/glowbit.dir/home/john/pico/pico-sdk/src/rp2_common/hardware_timer/timer.c.obj
 *fill*         0x10004d86        0x2 
 .rodata.hardware_alarm_set_target.str1.4
                0x10004d88       0x63 CMakeFiles/glowbit.dir/home/john/pico/pico-sdk/src/rp2_common/hardware_timer/timer.c.obj
 *fill*         0x10004deb        0x1 
 .rodata.__func__.0
                0x10004dec       0x1a CMakeFiles/glowbit.dir/home/john/pico/pico-sdk/src/rp2_common/hardware_timer/timer.c.obj
 *fill*         0x10004e06        0x2 
 .rodata.__func__.1
                0x10004e08       0x15 CMakeFiles/glowbit.dir/home/john/pico/pico-sdk/src/rp2_common/hardware_timer/timer.c.obj
 .rodata.ph_get_node.str1.4
                0x10004e1d       0x64 CMakeFiles/glowbit.dir/home/john/pico/pico-sdk/src/common/pico_util/pheap.c.obj
 .rodata.ph_add_child_node.str1.4
                0x10004e1d       0x2e CMakeFiles/glowbit.dir/home/john/pico/pico-sdk/src/common/pico_util/pheap.c.obj
 *fill*         0x10004e1d        0x3 
 .rodata.ph_remove_any_head.str1.4
                0x10004e20       0x8c CMakeFiles/glowbit.dir/home/john/pico/pico-sdk/src/common/pico_util/pheap.c.obj
                                 0xa0 (size before relaxing)
 .rodata.ph_remove_and_free_node.str1.4
                0x10004eac       0x1e CMakeFiles/glowbit.dir/home/john/pico/pico-sdk/src/common/pico_util/pheap.c.obj
                                 0x26 (size before relaxing)
 *fill*         0x10004eca        0x2 
 .rodata.__func__.0
                0x10004ecc       0x18 CMakeFiles/glowbit.dir/home/john/pico/pico-sdk/src/common/pico_util/pheap.c.obj
 .rodata.__func__.1
                0x10004ee4       0x13 CMakeFiles/glowbit.dir/home/john/pico/pico-sdk/src/common/pico_util/pheap.c.obj
 *fill*         0x10004ef7        0x1 
 .rodata.__func__.2
                0x10004ef8       0x12 CMakeFiles/glowbit.dir/home/john/pico/pico-sdk/src/common/pico_util/pheap.c.obj
 *fill*         0x10004f0a        0x2 
 .rodata.__func__.3
                0x10004f0c        0xc CMakeFiles/glowbit.dir/home/john/pico/pico-sdk/src/common/pico_util/pheap.c.obj
 .rodata.clock_configure.str1.4
                0x10004f18       0x55 CMakeFiles/glowbit.dir/home/john/pico/pico-sdk/src/rp2_common/hardware_clocks/clocks.c.obj
 *fill*         0x10004f6d        0x3 
 .rodata.__func__.1
                0x10004f70       0x10 CMakeFiles/glowbit.dir/home/john/pico/pico-sdk/src/rp2_common/hardware_clocks/clocks.c.obj
 .rodata.pll_init.str1.4
                0x10004f80      0x120 CMakeFiles/glowbit.dir/home/john/pico/pico-sdk/src/rp2_common/hardware_pll/pll.c.obj
 .rodata.__func__.0
                0x100050a0        0x9 CMakeFiles/glowbit.dir/home/john/pico/pico-sdk/src/rp2_common/hardware_pll/pll.c.obj
 *fill*         0x100050a9        0x3 
 .rodata.__assert_func.str1.4
                0x100050ac       0x3f CMakeFiles/glowbit.dir/home/john/pico/pico-sdk/src/rp2_common/pico_runtime/runtime.c.obj
                                 0x43 (size before relaxing)
 *fill*         0x100050eb        0x1 
 .rodata.runtime_init.str1.4
                0x100050ec       0x5f CMakeFiles/glowbit.dir/home/john/pico/pico-sdk/src/rp2_common/pico_runtime/runtime.c.obj
 *fill*         0x1000514b        0x1 
 .rodata.panic.str1.4
                0x1000514c       0x12 CMakeFiles/glowbit.dir/home/john/pico/pico-sdk/src/rp2_common/pico_runtime/runtime.c.obj
 *fill*         0x1000515e        0x2 
 .rodata.__func__.2
                0x10005160        0xd CMakeFiles/glowbit.dir/home/john/pico/pico-sdk/src/rp2_common/pico_runtime/runtime.c.obj
 *fill*         0x1000516d        0x3 
 .rodata._ftoa.str1.4
                0x10005170       0x15 CMakeFiles/glowbit.dir/home/john/pico/pico-sdk/src/rp2_common/pico_printf/printf.c.obj
 *fill*         0x10005185        0x3 
 .rodata._vsnprintf
                0x10005188      0x19c CMakeFiles/glowbit.dir/home/john/pico/pico-sdk/src/rp2_common/pico_printf/printf.c.obj
 *fill*         0x10005324        0x4 
 .rodata.pow10.0
                0x10005328       0x50 CMakeFiles/glowbit.dir/home/john/pico/pico-sdk/src/rp2_common/pico_printf/printf.c.obj
 .rodata.missing_double_func_shim.str1.4
                0x10005378       0x18 CMakeFiles/glowbit.dir/home/john/pico/pico-sdk/src/rp2_common/pico_double/double_init_rom.c.obj
 .rodata.__aeabi_double_init.str1.4
                0x10005390       0x9a CMakeFiles/glowbit.dir/home/john/pico/pico-sdk/src/rp2_common/pico_double/double_init_rom.c.obj
 *fill*         0x1000542a        0x2 
 .rodata.__func__.0
                0x1000542c       0x14 CMakeFiles/glowbit.dir/home/john/pico/pico-sdk/src/rp2_common/pico_double/double_init_rom.c.obj
 .rodata.missing_float_func_shim.str1.4
                0x10005440        0x1 CMakeFiles/glowbit.dir/home/john/pico/pico-sdk/src/rp2_common/pico_float/float_init_rom.c.obj
 .rodata.__aeabi_float_init.str1.4
                0x10005440       0x78 CMakeFiles/glowbit.dir/home/john/pico/pico-sdk/src/rp2_common/pico_float/float_init_rom.c.obj
 .rodata.__func__.0
                0x100054b8       0x13 CMakeFiles/glowbit.dir/home/john/pico/pico-sdk/src/rp2_common/pico_float/float_init_rom.c.obj
 *fill*         0x100054cb        0x1 
 .rodata.str1.4
                0x100054cc       0x40 CMakeFiles/glowbit.dir/home/john/pico/pico-sdk/src/rp2_common/pico_standard_link/binary_info.c.obj
 .rodata.__bi_81
                0x1000550c        0xc CMakeFiles/glowbit.dir/home/john/pico/pico-sdk/src/rp2_common/pico_standard_link/binary_info.c.obj
 .rodata.__bi_75
                0x10005518        0xc CMakeFiles/glowbit.dir/home/john/pico/pico-sdk/src/rp2_common/pico_standard_link/binary_info.c.obj
 .rodata.__bi_56
                0x10005524        0xc CMakeFiles/glowbit.dir/home/john/pico/pico-sdk/src/rp2_common/pico_standard_link/binary_info.c.obj
 .rodata.__bi_44
                0x10005530        0xc CMakeFiles/glowbit.dir/home/john/pico/pico-sdk/src/rp2_common/pico_standard_link/binary_info.c.obj
 .rodata.update_us_since_boot.str1.4
                0x1000553c       0x5f CMakeFiles/glowbit.dir/home/john/pico/pico-sdk/src/rp2_common/pico_stdio/stdio.c.obj
 .rodata.crlf_str.2
                0x1000553c        0x2 CMakeFiles/glowbit.dir/home/john/pico/pico-sdk/src/rp2_common/pico_stdio/stdio.c.obj
 *fill*         0x1000553e        0x2 
 .rodata.__func__.3
                0x10005540       0x15 CMakeFiles/glowbit.dir/home/john/pico/pico-sdk/src/rp2_common/pico_stdio/stdio.c.obj
 *fill*         0x10005555        0x3 
 .rodata.str1.4
                0x10005558       0x2c CMakeFiles/glowbit.dir/home/john/pico/pico-sdk/src/rp2_common/pico_stdio_uart/stdio_uart.c.obj
 .rodata.__bi_33.4
                0x10005584        0xc CMakeFiles/glowbit.dir/home/john/pico/pico-sdk/src/rp2_common/pico_stdio_uart/stdio_uart.c.obj
 .rodata.__bi_34.5
                0x10005590        0x8 CMakeFiles/glowbit.dir/home/john/pico/pico-sdk/src/rp2_common/pico_stdio_uart/stdio_uart.c.obj
 .rodata.str1.4
                0x10005598      0x156 CMakeFiles/glowbit.dir/home/john/pico/pico-sdk/src/rp2_common/hardware_flash/flash.c.obj
 *fill*         0x100056ee        0x2 
 .rodata.__func__.0
                0x100056f0        0xd CMakeFiles/glowbit.dir/home/john/pico/pico-sdk/src/rp2_common/hardware_flash/flash.c.obj
 *fill*         0x100056fd        0x3 
 .rodata._pio_find_offset_for_program.str1.4
                0x10005700       0x67 CMakeFiles/glowbit.dir/home/john/pico/pico-sdk/src/rp2_common/hardware_pio/pio.c.obj
 *fill*         0x10005767        0x1 
 .rodata._pio_add_program_at_offset.str1.4
                0x10005768       0x11 CMakeFiles/glowbit.dir/home/john/pico/pico-sdk/src/rp2_common/hardware_pio/pio.c.obj
 *fill*         0x10005779        0x3 
 .rodata.__func__.1
                0x1000577c       0x1d CMakeFiles/glowbit.dir/home/john/pico/pico-sdk/src/rp2_common/hardware_pio/pio.c.obj
                0x1000579c                        . = ALIGN (0x4)
 *fill*         0x10005799        0x3 
 *(SORT_BY_ALIGNMENT(SORT_BY_NAME(.flashdata*)))
                0x1000579c                        . = ALIGN (0x4)

.ARM.extab
 *(.ARM.extab* .gnu.linkonce.armextab.*)
                0x1000579c                        __exidx_start = .

.ARM.exidx
 *(.ARM.exidx* .gnu.linkonce.armexidx.*)
                0x1000579c                        __exidx_end = .
                0x1000579c                        . = ALIGN (0x4)
                0x1000579c                        __binary_info_start = .

.binary_info    0x1000579c       0x28
 *(.binary_info.keep.*)
 .binary_info.keep.__bi_ptr81
                0x1000579c        0x4 CMakeFiles/glowbit.dir/home/john/pico/pico-sdk/src/rp2_common/pico_standard_link/binary_info.c.obj
 .binary_info.keep.__bi_ptr75
                0x100057a0        0x4 CMakeFiles/glowbit.dir/home/john/pico/pico-sdk/src/rp2_common/pico_standard_link/binary_info.c.obj
 .binary_info.keep.__bi_ptr56
                0x100057a4        0x4 CMakeFiles/glowbit.dir/home/john/pico/pico-sdk/src/rp2_common/pico_standard_link/binary_info.c.obj
 .binary_info.keep.__bi_ptr50
                0x100057a8        0x4 CMakeFiles/glowbit.dir/home/john/pico/pico-sdk/src/rp2_common/pico_standard_link/binary_info.c.obj
 .binary_info.keep.__bi_ptr44
                0x100057ac        0x4 CMakeFiles/glowbit.dir/home/john/pico/pico-sdk/src/rp2_common/pico_standard_link/binary_info.c.obj
 .binary_info.keep.__bi_ptr38
                0x100057b0        0x4 CMakeFiles/glowbit.dir/home/john/pico/pico-sdk/src/rp2_common/pico_standard_link/binary_info.c.obj
 .binary_info.keep.__bi_ptr30
                0x100057b4        0x4 CMakeFiles/glowbit.dir/home/john/pico/pico-sdk/src/rp2_common/pico_standard_link/binary_info.c.obj
 .binary_info.keep.__bi_ptr22
                0x100057b8        0x4 CMakeFiles/glowbit.dir/home/john/pico/pico-sdk/src/rp2_common/pico_standard_link/binary_info.c.obj
 *(.binary_info.*)
 .binary_info.__bi_ptr34
                0x100057bc        0x4 CMakeFiles/glowbit.dir/home/john/pico/pico-sdk/src/rp2_common/pico_stdio_uart/stdio_uart.c.obj
 .binary_info.__bi_ptr33
                0x100057c0        0x4 CMakeFiles/glowbit.dir/home/john/pico/pico-sdk/src/rp2_common/pico_stdio_uart/stdio_uart.c.obj
                0x100057c4                        __binary_info_end = .

.rel.dyn        0x100057c4        0x0
 .rel.iplt      0x100057c4        0x0 /usr/lib/gcc/arm-none-eabi/12.2.1/thumb/v6-m/nofp/crtbegin.o
                0x100057c4                        . = ALIGN (0x4)

.ram_vector_table
                0x20000000       0xc0
 *(.ram_vector_table)
 .ram_vector_table
                0x20000000       0xc0 CMakeFiles/glowbit.dir/home/john/pico/pico-sdk/src/rp2_common/pico_runtime/runtime.c.obj
                0x20000000                ram_vector_table

.data           0x200000c0      0x7b8 load address 0x100057c4
                0x200000c0                        __data_start__ = .
 *(vtable)
 *(.time_critical*)
 .time_critical.mutex_try_enter
                0x200000c0       0x46 CMakeFiles/glowbit.dir/home/john/pico/pico-sdk/src/common/pico_sync/mutex.c.obj
                0x200000c0                mutex_try_enter
 *fill*         0x20000106        0x2 
 .time_critical.mutex_enter_block_until
                0x20000108       0x8c CMakeFiles/glowbit.dir/home/john/pico/pico-sdk/src/common/pico_sync/mutex.c.obj
                0x20000108                mutex_enter_block_until
 .time_critical.mutex_try_enter_block_until
                0x20000194       0x34 CMakeFiles/glowbit.dir/home/john/pico/pico-sdk/src/common/pico_sync/mutex.c.obj
                0x20000194                mutex_try_enter_block_until
 .time_critical.mutex_exit
                0x200001c8       0x4c CMakeFiles/glowbit.dir/home/john/pico/pico-sdk/src/common/pico_sync/mutex.c.obj
                0x200001c8                mutex_exit
 .time_critical.flash_init_boot2_copyout
                0x20000214       0x30 CMakeFiles/glowbit.dir/home/john/pico/pico-sdk/src/rp2_common/hardware_flash/flash.c.obj
 .time_critical.flash_enable_xip_via_boot2
                0x20000244        0xc CMakeFiles/glowbit.dir/home/john/pico/pico-sdk/src/rp2_common/hardware_flash/flash.c.obj
 .time_critical.flash_cs_force
                0x20000250       0x28 CMakeFiles/glowbit.dir/home/john/pico/pico-sdk/src/rp2_common/hardware_flash/flash.c.obj
 .time_critical.flash_do_cmd
                0x20000278       0xd8 CMakeFiles/glowbit.dir/home/john/pico/pico-sdk/src/rp2_common/hardware_flash/flash.c.obj
                0x20000278                flash_do_cmd
 *(.text*)
 .text          0x20000350        0x4 /usr/lib/gcc/arm-none-eabi/12.2.1/thumb/v6-m/nofp/libgcc.a(_dvmd_tls.o)
                0x20000350                __aeabi_ldiv0
                0x20000350                __aeabi_idiv0
 *fill*         0x20000354        0x4 
 .text.__stub   0x20000358       0x20 linker stubs
                0x20000378                        . = ALIGN (0x4)
 *(.rodata*)
                0x20000378                        . = ALIGN (0x4)
 *(.data*)
 .data.striped_spin_lock_num
                0x20000378        0x1 CMakeFiles/glowbit.dir/home/john/pico/pico-sdk/src/rp2_common/hardware_sync/sync.c.obj
 *fill*         0x20000379        0x3 
 .data          0x2000037c       0x48 CMakeFiles/glowbit.dir/home/john/pico/pico-sdk/src/rp2_common/hardware_irq/irq_handler_chain.S.obj
                0x2000037c                irq_handler_chain_slots
                0x200003ac                irq_handler_chain_first_slot
                0x200003b6                irq_handler_chain_remove_tail
 .data.default_alarm_pool
                0x200003c4       0x18 CMakeFiles/glowbit.dir/home/john/pico/pico-sdk/src/common/pico_time/time.c.obj
 .data.default_alarm_pool_heap
                0x200003dc       0x10 CMakeFiles/glowbit.dir/home/john/pico/pico-sdk/src/common/pico_time/time.c.obj
 *fill*         0x200003ec        0x4 
 .data.aeabi_bits_funcs
                0x200003f0       0x10 CMakeFiles/glowbit.dir/home/john/pico/pico-sdk/src/rp2_common/pico_bit_ops/bit_ops_aeabi.S.obj
                0x200003f0                aeabi_bits_funcs
                0x20000400                aeabi_bits_funcs_end
 .data.aeabi_mem_funcs
                0x20000400       0x10 CMakeFiles/glowbit.dir/home/john/pico/pico-sdk/src/rp2_common/pico_mem_ops/mem_ops_aeabi.S.obj
                0x20000400                aeabi_mem_funcs
                0x20000410                aeabi_mem_funcs_end
 .data.stdio_uart
                0x20000410       0x18 CMakeFiles/glowbit.dir/home/john/pico/pico-sdk/src/rp2_common/pico_stdio_uart/stdio_uart.c.obj
                0x20000410                stdio_uart
 .data          0x20000428      0x430 /usr/lib/gcc/arm-none-eabi/12.2.1/../../../arm-none-eabi/lib/thumb/v6-m/nofp/libg.a(lib_a-impure.o)
                0x20000428                _impure_ptr
                0x20000858                        . = ALIGN (0x4)
 *(.after_data.*)
                0x20000858                        . = ALIGN (0x4)
                0x20000858                        PROVIDE (__mutex_array_start = .)
 *(SORT_BY_NAME(.mutex_array.*))
 *(.mutex_array)
 .mutex_array   0x20000858        0x8 CMakeFiles/glowbit.dir/home/john/pico/pico-sdk/src/rp2_common/pico_stdio/stdio.c.obj
                0x20000860                        PROVIDE (__mutex_array_end = .)
                0x20000860                        . = ALIGN (0x4)
                0x20000860                        PROVIDE (__preinit_array_start = .)
 *(SORT_BY_NAME(.preinit_array.*))
 .preinit_array.00001
                0x20000860        0x4 CMakeFiles/glowbit.dir/home/john/pico/pico-sdk/src/rp2_common/pico_mem_ops/mem_ops_aeabi.S.obj
 .preinit_array.00010
                0x20000864        0x4 CMakeFiles/glowbit.dir/home/john/pico/pico-sdk/src/rp2_common/pico_bit_ops/bit_ops_aeabi.S.obj
 .preinit_array.00020
                0x20000868        0x4 CMakeFiles/glowbit.dir/home/john/pico/pico-sdk/src/rp2_common/pico_double/double_aeabi.S.obj
 .preinit_array.00020
                0x2000086c        0x4 CMakeFiles/glowbit.dir/home/john/pico/pico-sdk/src/rp2_common/pico_float/float_aeabi.S.obj
 *(.preinit_array)
                0x20000870                        PROVIDE (__preinit_array_end = .)
                0x20000870                        . = ALIGN (0x4)
                0x20000870                        PROVIDE (__init_array_start = .)
 *(SORT_BY_NAME(.init_array.*))
 *(.init_array)
 .init_array    0x20000870        0x4 /usr/lib/gcc/arm-none-eabi/12.2.1/thumb/v6-m/nofp/crtbegin.o
 .init_array    0x20000874        0x4 CMakeFiles/glowbit.dir/home/john/pico/pico-sdk/src/rp2_common/pico_unique_id/unique_id.c.obj
                0x20000878                        PROVIDE (__init_array_end = .)
                0x20000878                        . = ALIGN (0x4)
                0x20000878                        PROVIDE (__fini_array_start = .)
 *(SORT_BY_NAME(.fini_array.*))
 *(.fini_array)
                0x20000878                        PROVIDE (__fini_array_end = .)
 *(.jcr)
                0x20000878                        . = ALIGN (0x4)
                0x20000878                        __data_end__ = .
                0x100057c4                        __etext = LOADADDR (.data)

.tm_clone_table
                0x20000878        0x0 load address 0x10005f7c
 .tm_clone_table
                0x20000878        0x0 /usr/lib/gcc/arm-none-eabi/12.2.1/thumb/v6-m/nofp/crtbegin.o
 .tm_clone_table
                0x20000878        0x0 /usr/lib/gcc/arm-none-eabi/12.2.1/thumb/v6-m/nofp/crtend.o

.igot.plt       0x20000878        0x0 load address 0x10005f7c
 .igot.plt      0x20000878        0x0 /usr/lib/gcc/arm-none-eabi/12.2.1/thumb/v6-m/nofp/crtbegin.o

.uninitialized_data
                0x20000878        0x0 load address 0x10005f7c
                0x20000878                        . = ALIGN (0x4)
 *(.uninitialized_data*)

.scratch_x      0x20040000        0x0 load address 0x10005f7c
                0x20040000                        __scratch_x_start__ = .
 *(.scratch_x.*)
                0x20040000                        . = ALIGN (0x4)
                0x20040000                        __scratch_x_end__ = .
                0x10005f7c                        __scratch_x_source__ = LOADADDR (.scratch_x)

.scratch_y      0x20041000        0x0 load address 0x10005f7c
                0x20041000                        __scratch_y_start__ = .
 *(.scratch_y.*)
                0x20041000                        . = ALIGN (0x4)
                0x20041000                        __scratch_y_end__ = .
                0x10005f7c                        __scratch_y_source__ = LOADADDR (.scratch_y)

.bss            0x20000878      0x4e8
                0x20000878                        . = ALIGN (0x4)
                0x20000878                        __bss_start__ = .
 *(SORT_BY_ALIGNMENT(SORT_BY_NAME(.bss*)))
 .bss.default_alarm_pool_entries
                0x20000878      0x100 CMakeFiles/glowbit.dir/home/john/pico/pico-sdk/src/common/pico_time/time.c.obj
 .bss           0x20000978       0x1c /usr/lib/gcc/arm-none-eabi/12.2.1/thumb/v6-m/nofp/crtbegin.o
 .bss._used_instruction_space
                0x20000994        0x8 CMakeFiles/glowbit.dir/home/john/pico/pico-sdk/src/rp2_common/hardware_pio/pio.c.obj
 .bss.alarm_callbacks
                0x2000099c       0x10 CMakeFiles/glowbit.dir/home/john/pico/pico-sdk/src/rp2_common/hardware_timer/timer.c.obj
 .bss.boot2_copyout
                0x200009ac      0x100 CMakeFiles/glowbit.dir/home/john/pico/pico-sdk/src/rp2_common/hardware_flash/flash.c.obj
 .bss.chars_available_callback
                0x20000aac        0x4 CMakeFiles/glowbit.dir/home/john/pico/pico-sdk/src/rp2_common/pico_stdio_uart/stdio_uart.c.obj
 .bss.chars_available_param
                0x20000ab0        0x4 CMakeFiles/glowbit.dir/home/john/pico/pico-sdk/src/rp2_common/pico_stdio_uart/stdio_uart.c.obj
 .bss.configured_freq
                0x20000ab4       0x28 CMakeFiles/glowbit.dir/home/john/pico/pico-sdk/src/rp2_common/hardware_clocks/clocks.c.obj
 .bss.default_alarm_pool_entry_ids_high
                0x20000adc       0x10 CMakeFiles/glowbit.dir/home/john/pico/pico-sdk/src/common/pico_time/time.c.obj
 .bss.default_alarm_pool_heap_nodes
                0x20000aec       0x30 CMakeFiles/glowbit.dir/home/john/pico/pico-sdk/src/common/pico_time/time.c.obj
 .bss.drivers   0x20000b1c        0x4 CMakeFiles/glowbit.dir/home/john/pico/pico-sdk/src/rp2_common/pico_stdio/stdio.c.obj
 .bss.filter    0x20000b20        0x4 CMakeFiles/glowbit.dir/home/john/pico/pico-sdk/src/rp2_common/pico_stdio/stdio.c.obj
 .bss.pools     0x20000b24       0x10 CMakeFiles/glowbit.dir/home/john/pico/pico-sdk/src/common/pico_time/time.c.obj
 .bss.retrieved_id
                0x20000b34        0x8 CMakeFiles/glowbit.dir/home/john/pico/pico-sdk/src/rp2_common/pico_unique_id/unique_id.c.obj
 .bss.sd_table  0x20000b3c      0x100 CMakeFiles/glowbit.dir/home/john/pico/pico-sdk/src/rp2_common/pico_double/double_init_rom.c.obj
                0x20000b3c                sd_table
 .bss.sf_clz_func
                0x20000c3c        0x4 CMakeFiles/glowbit.dir/home/john/pico/pico-sdk/src/rp2_common/pico_double/double_init_rom.c.obj
                0x20000c3c                sf_clz_func
 .bss.sf_table  0x20000c40      0x100 CMakeFiles/glowbit.dir/home/john/pico/pico-sdk/src/rp2_common/pico_float/float_init_rom.c.obj
                0x20000c40                sf_table
 .bss.sleep_notifier
                0x20000d40        0x4 CMakeFiles/glowbit.dir/home/john/pico/pico-sdk/src/common/pico_time/time.c.obj
 .bss.target_hi
                0x20000d44       0x10 CMakeFiles/glowbit.dir/home/john/pico/pico-sdk/src/rp2_common/hardware_timer/timer.c.obj
 .bss.uart_char_to_line_feed
                0x20000d54        0x4 CMakeFiles/glowbit.dir/home/john/pico/pico-sdk/src/rp2_common/hardware_uart/uart.c.obj
                0x20000d54                uart_char_to_line_feed
 .bss.uart_instance
                0x20000d58        0x4 CMakeFiles/glowbit.dir/home/john/pico/pico-sdk/src/rp2_common/pico_stdio_uart/stdio_uart.c.obj
 .bss.boot2_copyout_valid
                0x20000d5c        0x1 CMakeFiles/glowbit.dir/home/john/pico/pico-sdk/src/rp2_common/hardware_flash/flash.c.obj
 .bss.claimed   0x20000d5d        0x1 CMakeFiles/glowbit.dir/home/john/pico/pico-sdk/src/rp2_common/hardware_timer/timer.c.obj
 .bss.irq_hander_chain_free_slot_head
                0x20000d5e        0x1 CMakeFiles/glowbit.dir/home/john/pico/pico-sdk/src/rp2_common/hardware_irq/irq.c.obj
 .bss.timer_callbacks_pending
                0x20000d5f        0x1 CMakeFiles/glowbit.dir/home/john/pico/pico-sdk/src/rp2_common/hardware_timer/timer.c.obj
 *(COMMON)
                0x20000d60                        . = ALIGN (0x4)
                0x20000d60                        __bss_end__ = .

.heap           0x20000d60      0x800
                0x20000d60                        __end__ = .
                0x20000d60                        end = __end__
 *(.heap*)
 .heap          0x20000d60      0x800 CMakeFiles/glowbit.dir/home/john/pico/pico-sdk/src/rp2_common/pico_standard_link/crt0.S.obj
                0x20001560                        __HeapLimit = .

.stack1_dummy
 *(.stack1*)

.stack_dummy    0x20041000      0x800
 *(.stack*)
 .stack         0x20041000      0x800 CMakeFiles/glowbit.dir/home/john/pico/pico-sdk/src/rp2_common/pico_standard_link/crt0.S.obj

.flash_end      0x10005f7c        0x0
                0x10005f7c                        PROVIDE (__flash_binary_end = .)
                0x20040000                        __StackLimit = (ORIGIN (RAM) + LENGTH (RAM))
                0x20041000                        __StackOneTop = (ORIGIN (SCRATCH_X) + LENGTH (SCRATCH_X))
                0x20042000                        __StackTop = (ORIGIN (SCRATCH_Y) + LENGTH (SCRATCH_Y))
                0x20041000                        __StackOneBottom = (__StackOneTop - SIZEOF (.stack1_dummy))
                0x20041800                        __StackBottom = (__StackTop - SIZEOF (.stack_dummy))
                0x20042000                        PROVIDE (__stack = __StackTop)
                0x00000001                        ASSERT ((__StackLimit >= __HeapLimit), region RAM overflowed)
                0x00000001                        ASSERT (((__binary_info_header_end - __logical_binary_start) <= 0x100), Binary info must be in first 256 bytes of the binary)
LOAD CMakeFiles/glowbit.dir/glowbit.c.obj
LOAD CMakeFiles/glowbit.dir/home/john/pico/pico-sdk/src/rp2_common/pico_stdlib/stdlib.c.obj
LOAD CMakeFiles/glowbit.dir/home/john/pico/pico-sdk/src/rp2_common/hardware_gpio/gpio.c.obj
LOAD CMakeFiles/glowbit.dir/home/john/pico/pico-sdk/src/rp2_common/pico_platform/platform.c.obj
LOAD CMakeFiles/glowbit.dir/home/john/pico/pico-sdk/src/rp2_common/hardware_claim/claim.c.obj
LOAD CMakeFiles/glowbit.dir/home/john/pico/pico-sdk/src/rp2_common/hardware_sync/sync.c.obj
LOAD CMakeFiles/glowbit.dir/home/john/pico/pico-sdk/src/rp2_common/hardware_irq/irq.c.obj
LOAD CMakeFiles/glowbit.dir/home/john/pico/pico-sdk/src/rp2_common/hardware_irq/irq_handler_chain.S.obj
LOAD CMakeFiles/glowbit.dir/home/john/pico/pico-sdk/src/common/pico_sync/sem.c.obj
LOAD CMakeFiles/glowbit.dir/home/john/pico/pico-sdk/src/common/pico_sync/lock_core.c.obj
LOAD CMakeFiles/glowbit.dir/home/john/pico/pico-sdk/src/common/pico_sync/mutex.c.obj
LOAD CMakeFiles/glowbit.dir/home/john/pico/pico-sdk/src/common/pico_sync/critical_section.c.obj
LOAD CMakeFiles/glowbit.dir/home/john/pico/pico-sdk/src/common/pico_time/time.c.obj
LOAD CMakeFiles/glowbit.dir/home/john/pico/pico-sdk/src/common/pico_time/timeout_helper.c.obj
LOAD CMakeFiles/glowbit.dir/home/john/pico/pico-sdk/src/rp2_common/hardware_timer/timer.c.obj
LOAD CMakeFiles/glowbit.dir/home/john/pico/pico-sdk/src/common/pico_util/datetime.c.obj
LOAD CMakeFiles/glowbit.dir/home/john/pico/pico-sdk/src/common/pico_util/pheap.c.obj
LOAD CMakeFiles/glowbit.dir/home/john/pico/pico-sdk/src/common/pico_util/queue.c.obj
LOAD CMakeFiles/glowbit.dir/home/john/pico/pico-sdk/src/rp2_common/hardware_uart/uart.c.obj
LOAD CMakeFiles/glowbit.dir/home/john/pico/pico-sdk/src/rp2_common/hardware_clocks/clocks.c.obj
LOAD CMakeFiles/glowbit.dir/home/john/pico/pico-sdk/src/rp2_common/hardware_pll/pll.c.obj
LOAD CMakeFiles/glowbit.dir/home/john/pico/pico-sdk/src/rp2_common/hardware_vreg/vreg.c.obj
LOAD CMakeFiles/glowbit.dir/home/john/pico/pico-sdk/src/rp2_common/hardware_watchdog/watchdog.c.obj
LOAD CMakeFiles/glowbit.dir/home/john/pico/pico-sdk/src/rp2_common/hardware_xosc/xosc.c.obj
LOAD CMakeFiles/glowbit.dir/home/john/pico/pico-sdk/src/rp2_common/hardware_divider/divider.S.obj
LOAD CMakeFiles/glowbit.dir/home/john/pico/pico-sdk/src/rp2_common/pico_runtime/runtime.c.obj
LOAD CMakeFiles/glowbit.dir/home/john/pico/pico-sdk/src/rp2_common/pico_printf/printf.c.obj
LOAD CMakeFiles/glowbit.dir/home/john/pico/pico-sdk/src/rp2_common/pico_bit_ops/bit_ops_aeabi.S.obj
LOAD CMakeFiles/glowbit.dir/home/john/pico/pico-sdk/src/rp2_common/pico_bootrom/bootrom.c.obj
LOAD CMakeFiles/glowbit.dir/home/john/pico/pico-sdk/src/rp2_common/pico_divider/divider.S.obj
LOAD CMakeFiles/glowbit.dir/home/john/pico/pico-sdk/src/rp2_common/pico_double/double_aeabi.S.obj
LOAD CMakeFiles/glowbit.dir/home/john/pico/pico-sdk/src/rp2_common/pico_double/double_init_rom.c.obj
LOAD CMakeFiles/glowbit.dir/home/john/pico/pico-sdk/src/rp2_common/pico_double/double_math.c.obj
LOAD CMakeFiles/glowbit.dir/home/john/pico/pico-sdk/src/rp2_common/pico_double/double_v1_rom_shim.S.obj
LOAD CMakeFiles/glowbit.dir/home/john/pico/pico-sdk/src/rp2_common/pico_int64_ops/pico_int64_ops_aeabi.S.obj
LOAD CMakeFiles/glowbit.dir/home/john/pico/pico-sdk/src/rp2_common/pico_float/float_aeabi.S.obj
LOAD CMakeFiles/glowbit.dir/home/john/pico/pico-sdk/src/rp2_common/pico_float/float_init_rom.c.obj
LOAD CMakeFiles/glowbit.dir/home/john/pico/pico-sdk/src/rp2_common/pico_float/float_math.c.obj
LOAD CMakeFiles/glowbit.dir/home/john/pico/pico-sdk/src/rp2_common/pico_float/float_v1_rom_shim.S.obj
LOAD CMakeFiles/glowbit.dir/home/john/pico/pico-sdk/src/rp2_common/pico_malloc/pico_malloc.c.obj
LOAD CMakeFiles/glowbit.dir/home/john/pico/pico-sdk/src/rp2_common/pico_mem_ops/mem_ops_aeabi.S.obj
LOAD CMakeFiles/glowbit.dir/home/john/pico/pico-sdk/src/rp2_common/pico_standard_link/crt0.S.obj
LOAD CMakeFiles/glowbit.dir/home/john/pico/pico-sdk/src/rp2_common/pico_standard_link/new_delete.cpp.obj
LOAD CMakeFiles/glowbit.dir/home/john/pico/pico-sdk/src/rp2_common/pico_standard_link/binary_info.c.obj
LOAD CMakeFiles/glowbit.dir/home/john/pico/pico-sdk/src/rp2_common/pico_stdio/stdio.c.obj
LOAD CMakeFiles/glowbit.dir/home/john/pico/pico-sdk/src/rp2_common/pico_stdio_uart/stdio_uart.c.obj
LOAD CMakeFiles/glowbit.dir/home/john/pico/pico-sdk/src/rp2_common/pico_cyw43_arch/cyw43_arch.c.obj
LOAD CMakeFiles/glowbit.dir/home/john/pico/pico-sdk/src/rp2_common/pico_cyw43_arch/cyw43_arch_poll.c.obj
LOAD CMakeFiles/glowbit.dir/home/john/pico/pico-sdk/src/rp2_common/pico_cyw43_arch/cyw43_arch_threadsafe_background.c.obj
LOAD CMakeFiles/glowbit.dir/home/john/pico/pico-sdk/src/rp2_common/pico_cyw43_arch/cyw43_arch_freertos.c.obj
LOAD CMakeFiles/glowbit.dir/home/john/pico/pico-sdk/src/rp2_common/pico_unique_id/unique_id.c.obj
LOAD CMakeFiles/glowbit.dir/home/john/pico/pico-sdk/src/rp2_common/hardware_flash/flash.c.obj
LOAD CMakeFiles/glowbit.dir/home/john/pico/pico-sdk/src/rp2_common/pico_cyw43_driver/cyw43_bus_pio_spi.c.obj
LOAD CMakeFiles/glowbit.dir/home/john/pico/pico-sdk/lib/cyw43-driver/src/cyw43_ll.c.obj
LOAD CMakeFiles/glowbit.dir/home/john/pico/pico-sdk/lib/cyw43-driver/src/cyw43_stats.c.obj
LOAD CMakeFiles/glowbit.dir/home/john/pico/pico-sdk/lib/cyw43-driver/src/cyw43_lwip.c.obj
LOAD CMakeFiles/glowbit.dir/home/john/pico/pico-sdk/lib/cyw43-driver/src/cyw43_ctrl.c.obj
LOAD CMakeFiles/glowbit.dir/home/john/pico/pico-sdk/src/rp2_common/pico_cyw43_driver/cybt_shared_bus/cybt_shared_bus.c.obj
LOAD CMakeFiles/glowbit.dir/home/john/pico/pico-sdk/src/rp2_common/pico_cyw43_driver/cybt_shared_bus/cybt_shared_bus_driver.c.obj
LOAD CMakeFiles/glowbit.dir/home/john/pico/pico-sdk/src/rp2_common/hardware_pio/pio.c.obj
LOAD CMakeFiles/glowbit.dir/home/john/pico/pico-sdk/src/rp2_common/hardware_dma/dma.c.obj
LOAD CMakeFiles/glowbit.dir/home/john/pico/pico-sdk/src/rp2_common/hardware_exception/exception.c.obj
LOAD CMakeFiles/glowbit.dir/home/john/pico/pico-sdk/src/rp2_common/pico_cyw43_driver/cyw43_driver.c.obj
LOAD CMakeFiles/glowbit.dir/home/john/pico/pico-sdk/src/rp2_common/pico_async_context/async_context_threadsafe_background.c.obj
LOAD CMakeFiles/glowbit.dir/home/john/pico/pico-sdk/src/rp2_common/pico_async_context/async_context_base.c.obj
LOAD /tmp/ccwC1bkL.o
LOAD /usr/lib/gcc/arm-none-eabi/12.2.1/../../../arm-none-eabi/lib/thumb/v6-m/nofp/libstdc++.a
LOAD /usr/lib/gcc/arm-none-eabi/12.2.1/../../../arm-none-eabi/lib/thumb/v6-m/nofp/libm.a
START GROUP
LOAD /usr/lib/gcc/arm-none-eabi/12.2.1/thumb/v6-m/nofp/libgcc.a
LOAD /usr/lib/gcc/arm-none-eabi/12.2.1/../../../arm-none-eabi/lib/thumb/v6-m/nofp/libg.a
LOAD /usr/lib/gcc/arm-none-eabi/12.2.1/../../../arm-none-eabi/lib/thumb/v6-m/nofp/libc.a
END GROUP
START GROUP
LOAD /usr/lib/gcc/arm-none-eabi/12.2.1/thumb/v6-m/nofp/libgcc.a
LOAD /usr/lib/gcc/arm-none-eabi/12.2.1/../../../arm-none-eabi/lib/thumb/v6-m/nofp/libc.a
LOAD /usr/lib/gcc/arm-none-eabi/12.2.1/../../../arm-none-eabi/lib/thumb/v6-m/nofp/libnosys.a
END GROUP
LOAD /usr/lib/gcc/arm-none-eabi/12.2.1/thumb/v6-m/nofp/crtend.o
LOAD /usr/lib/gcc/arm-none-eabi/12.2.1/thumb/v6-m/nofp/crtn.o
OUTPUT(glowbit.elf elf32-littlearm)
LOAD linker stubs

.ARM.attributes
                0x00000000       0x28
 .ARM.attributes
                0x00000000       0x1e /usr/lib/gcc/arm-none-eabi/12.2.1/thumb/v6-m/nofp/crti.o
 .ARM.attributes
                0x0000001e       0x2c /usr/lib/gcc/arm-none-eabi/12.2.1/thumb/v6-m/nofp/crtbegin.o
 .ARM.attributes
                0x0000004a       0x2c CMakeFiles/glowbit.dir/glowbit.c.obj
 .ARM.attributes
                0x00000076       0x2c CMakeFiles/glowbit.dir/home/john/pico/pico-sdk/src/rp2_common/hardware_gpio/gpio.c.obj
 .ARM.attributes
                0x000000a2       0x2c CMakeFiles/glowbit.dir/home/john/pico/pico-sdk/src/rp2_common/pico_platform/platform.c.obj
 .ARM.attributes
                0x000000ce       0x2c CMakeFiles/glowbit.dir/home/john/pico/pico-sdk/src/rp2_common/hardware_claim/claim.c.obj
 .ARM.attributes
                0x000000fa       0x2c CMakeFiles/glowbit.dir/home/john/pico/pico-sdk/src/rp2_common/hardware_sync/sync.c.obj
 .ARM.attributes
                0x00000126       0x2c CMakeFiles/glowbit.dir/home/john/pico/pico-sdk/src/rp2_common/hardware_irq/irq.c.obj
 .ARM.attributes
                0x00000152       0x22 CMakeFiles/glowbit.dir/home/john/pico/pico-sdk/src/rp2_common/hardware_irq/irq_handler_chain.S.obj
 .ARM.attributes
                0x00000174       0x2c CMakeFiles/glowbit.dir/home/john/pico/pico-sdk/src/common/pico_sync/lock_core.c.obj
 .ARM.attributes
                0x000001a0       0x2c CMakeFiles/glowbit.dir/home/john/pico/pico-sdk/src/common/pico_sync/mutex.c.obj
 .ARM.attributes
                0x000001cc       0x2c CMakeFiles/glowbit.dir/home/john/pico/pico-sdk/src/common/pico_time/time.c.obj
 .ARM.attributes
                0x000001f8       0x2c CMakeFiles/glowbit.dir/home/john/pico/pico-sdk/src/rp2_common/hardware_timer/timer.c.obj
 .ARM.attributes
                0x00000224       0x2c CMakeFiles/glowbit.dir/home/john/pico/pico-sdk/src/common/pico_util/pheap.c.obj
 .ARM.attributes
                0x00000250       0x2c CMakeFiles/glowbit.dir/home/john/pico/pico-sdk/src/rp2_common/hardware_uart/uart.c.obj
 .ARM.attributes
                0x0000027c       0x2c CMakeFiles/glowbit.dir/home/john/pico/pico-sdk/src/rp2_common/hardware_clocks/clocks.c.obj
 .ARM.attributes
                0x000002a8       0x2c CMakeFiles/glowbit.dir/home/john/pico/pico-sdk/src/rp2_common/hardware_pll/pll.c.obj
 .ARM.attributes
                0x000002d4       0x2c CMakeFiles/glowbit.dir/home/john/pico/pico-sdk/src/rp2_common/hardware_watchdog/watchdog.c.obj
 .ARM.attributes
                0x00000300       0x2c CMakeFiles/glowbit.dir/home/john/pico/pico-sdk/src/rp2_common/hardware_xosc/xosc.c.obj
 .ARM.attributes
                0x0000032c       0x2c CMakeFiles/glowbit.dir/home/john/pico/pico-sdk/src/rp2_common/pico_runtime/runtime.c.obj
 .ARM.attributes
                0x00000358       0x2c CMakeFiles/glowbit.dir/home/john/pico/pico-sdk/src/rp2_common/pico_printf/printf.c.obj
 .ARM.attributes
                0x00000384       0x22 CMakeFiles/glowbit.dir/home/john/pico/pico-sdk/src/rp2_common/pico_bit_ops/bit_ops_aeabi.S.obj
 .ARM.attributes
                0x000003a6       0x2c CMakeFiles/glowbit.dir/home/john/pico/pico-sdk/src/rp2_common/pico_bootrom/bootrom.c.obj
 .ARM.attributes
                0x000003d2       0x22 CMakeFiles/glowbit.dir/home/john/pico/pico-sdk/src/rp2_common/pico_divider/divider.S.obj
 .ARM.attributes
                0x000003f4       0x22 CMakeFiles/glowbit.dir/home/john/pico/pico-sdk/src/rp2_common/pico_double/double_aeabi.S.obj
 .ARM.attributes
                0x00000416       0x2c CMakeFiles/glowbit.dir/home/john/pico/pico-sdk/src/rp2_common/pico_double/double_init_rom.c.obj
 .ARM.attributes
                0x00000442       0x22 CMakeFiles/glowbit.dir/home/john/pico/pico-sdk/src/rp2_common/pico_double/double_v1_rom_shim.S.obj
 .ARM.attributes
                0x00000464       0x22 CMakeFiles/glowbit.dir/home/john/pico/pico-sdk/src/rp2_common/pico_int64_ops/pico_int64_ops_aeabi.S.obj
 .ARM.attributes
                0x00000486       0x22 CMakeFiles/glowbit.dir/home/john/pico/pico-sdk/src/rp2_common/pico_float/float_aeabi.S.obj
 .ARM.attributes
                0x000004a8       0x2c CMakeFiles/glowbit.dir/home/john/pico/pico-sdk/src/rp2_common/pico_float/float_init_rom.c.obj
 .ARM.attributes
                0x000004d4       0x22 CMakeFiles/glowbit.dir/home/john/pico/pico-sdk/src/rp2_common/pico_mem_ops/mem_ops_aeabi.S.obj
 .ARM.attributes
                0x000004f6       0x22 CMakeFiles/glowbit.dir/home/john/pico/pico-sdk/src/rp2_common/pico_standard_link/crt0.S.obj
 .ARM.attributes
                0x00000518       0x2c CMakeFiles/glowbit.dir/home/john/pico/pico-sdk/src/rp2_common/pico_standard_link/binary_info.c.obj
 .ARM.attributes
                0x00000544       0x2c CMakeFiles/glowbit.dir/home/john/pico/pico-sdk/src/rp2_common/pico_stdio/stdio.c.obj
 .ARM.attributes
                0x00000570       0x2c CMakeFiles/glowbit.dir/home/john/pico/pico-sdk/src/rp2_common/pico_stdio_uart/stdio_uart.c.obj
 .ARM.attributes
                0x0000059c       0x2c CMakeFiles/glowbit.dir/home/john/pico/pico-sdk/src/rp2_common/pico_unique_id/unique_id.c.obj
 .ARM.attributes
                0x000005c8       0x2c CMakeFiles/glowbit.dir/home/john/pico/pico-sdk/src/rp2_common/hardware_flash/flash.c.obj
 .ARM.attributes
                0x000005f4       0x2c CMakeFiles/glowbit.dir/home/john/pico/pico-sdk/src/rp2_common/hardware_pio/pio.c.obj
 .ARM.attributes
                0x00000620       0x22 /tmp/ccwC1bkL.o
 .ARM.attributes
                0x00000642       0x1e /usr/lib/gcc/arm-none-eabi/12.2.1/thumb/v6-m/nofp/libgcc.a(_dvmd_tls.o)
 .ARM.attributes
                0x00000660       0x2c /usr/lib/gcc/arm-none-eabi/12.2.1/../../../arm-none-eabi/lib/thumb/v6-m/nofp/libg.a(lib_a-impure.o)
 .ARM.attributes
                0x0000068c       0x2c /usr/lib/gcc/arm-none-eabi/12.2.1/../../../arm-none-eabi/lib/thumb/v6-m/nofp/libg.a(lib_a-rand.o)
 .ARM.attributes
                0x000006b8       0x2c /usr/lib/gcc/arm-none-eabi/12.2.1/../../../arm-none-eabi/lib/thumb/v6-m/nofp/libg.a(lib_a-strlen-stub.o)
 .ARM.attributes
                0x000006e4       0x2c /usr/lib/gcc/arm-none-eabi/12.2.1/thumb/v6-m/nofp/crtend.o

.comment        0x00000000       0x59
 .comment       0x00000000       0x26 /usr/lib/gcc/arm-none-eabi/12.2.1/thumb/v6-m/nofp/crtbegin.o
                                 0x27 (size before relaxing)
 .comment       0x00000026       0x27 CMakeFiles/glowbit.dir/glowbit.c.obj
 .comment       0x00000026       0x27 CMakeFiles/glowbit.dir/home/john/pico/pico-sdk/src/rp2_common/hardware_gpio/gpio.c.obj
 .comment       0x00000026       0x27 CMakeFiles/glowbit.dir/home/john/pico/pico-sdk/src/rp2_common/pico_platform/platform.c.obj
 .comment       0x00000026       0x27 CMakeFiles/glowbit.dir/home/john/pico/pico-sdk/src/rp2_common/hardware_claim/claim.c.obj
 .comment       0x00000026       0x27 CMakeFiles/glowbit.dir/home/john/pico/pico-sdk/src/rp2_common/hardware_sync/sync.c.obj
 .comment       0x00000026       0x27 CMakeFiles/glowbit.dir/home/john/pico/pico-sdk/src/rp2_common/hardware_irq/irq.c.obj
 .comment       0x00000026       0x27 CMakeFiles/glowbit.dir/home/john/pico/pico-sdk/src/common/pico_sync/lock_core.c.obj
 .comment       0x00000026       0x27 CMakeFiles/glowbit.dir/home/john/pico/pico-sdk/src/common/pico_sync/mutex.c.obj
 .comment       0x00000026       0x27 CMakeFiles/glowbit.dir/home/john/pico/pico-sdk/src/common/pico_time/time.c.obj
 .comment       0x00000026       0x27 CMakeFiles/glowbit.dir/home/john/pico/pico-sdk/src/rp2_common/hardware_timer/timer.c.obj
 .comment       0x00000026       0x27 CMakeFiles/glowbit.dir/home/john/pico/pico-sdk/src/common/pico_util/pheap.c.obj
 .comment       0x00000026       0x27 CMakeFiles/glowbit.dir/home/john/pico/pico-sdk/src/rp2_common/hardware_uart/uart.c.obj
 .comment       0x00000026       0x27 CMakeFiles/glowbit.dir/home/john/pico/pico-sdk/src/rp2_common/hardware_clocks/clocks.c.obj
 .comment       0x00000026       0x27 CMakeFiles/glowbit.dir/home/john/pico/pico-sdk/src/rp2_common/hardware_pll/pll.c.obj
 .comment       0x00000026       0x27 CMakeFiles/glowbit.dir/home/john/pico/pico-sdk/src/rp2_common/hardware_watchdog/watchdog.c.obj
 .comment       0x00000026       0x27 CMakeFiles/glowbit.dir/home/john/pico/pico-sdk/src/rp2_common/hardware_xosc/xosc.c.obj
 .comment       0x00000026       0x27 CMakeFiles/glowbit.dir/home/john/pico/pico-sdk/src/rp2_common/pico_runtime/runtime.c.obj
 .comment       0x00000026       0x27 CMakeFiles/glowbit.dir/home/john/pico/pico-sdk/src/rp2_common/pico_printf/printf.c.obj
 .comment       0x00000026       0x27 CMakeFiles/glowbit.dir/home/john/pico/pico-sdk/src/rp2_common/pico_bootrom/bootrom.c.obj
 .comment       0x00000026       0x27 CMakeFiles/glowbit.dir/home/john/pico/pico-sdk/src/rp2_common/pico_double/double_init_rom.c.obj
 .comment       0x00000026       0x27 CMakeFiles/glowbit.dir/home/john/pico/pico-sdk/src/rp2_common/pico_float/float_init_rom.c.obj
 .comment       0x00000026       0x27 CMakeFiles/glowbit.dir/home/john/pico/pico-sdk/src/rp2_common/pico_standard_link/binary_info.c.obj
 .comment       0x00000026       0x27 CMakeFiles/glowbit.dir/home/john/pico/pico-sdk/src/rp2_common/pico_stdio/stdio.c.obj
 .comment       0x00000026       0x27 CMakeFiles/glowbit.dir/home/john/pico/pico-sdk/src/rp2_common/pico_stdio_uart/stdio_uart.c.obj
 .comment       0x00000026       0x27 CMakeFiles/glowbit.dir/home/john/pico/pico-sdk/src/rp2_common/pico_unique_id/unique_id.c.obj
 .comment       0x00000026       0x27 CMakeFiles/glowbit.dir/home/john/pico/pico-sdk/src/rp2_common/hardware_flash/flash.c.obj
 .comment       0x00000026       0x27 CMakeFiles/glowbit.dir/home/john/pico/pico-sdk/src/rp2_common/hardware_pio/pio.c.obj
 .comment       0x00000026       0x33 /usr/lib/gcc/arm-none-eabi/12.2.1/../../../arm-none-eabi/lib/thumb/v6-m/nofp/libg.a(lib_a-impure.o)
                                 0x34 (size before relaxing)
 .comment       0x00000059       0x34 /usr/lib/gcc/arm-none-eabi/12.2.1/../../../arm-none-eabi/lib/thumb/v6-m/nofp/libg.a(lib_a-rand.o)
 .comment       0x00000059       0x34 /usr/lib/gcc/arm-none-eabi/12.2.1/../../../arm-none-eabi/lib/thumb/v6-m/nofp/libg.a(lib_a-strlen-stub.o)
 .comment       0x00000059       0x27 /usr/lib/gcc/arm-none-eabi/12.2.1/thumb/v6-m/nofp/crtend.o

.debug_info     0x00000000    0x1a015
 .debug_info    0x00000000     0x1a0f CMakeFiles/glowbit.dir/glowbit.c.obj
 .debug_info    0x00001a0f     0x17d1 CMakeFiles/glowbit.dir/home/john/pico/pico-sdk/src/rp2_common/hardware_gpio/gpio.c.obj
 .debug_info    0x000031e0      0x1e3 CMakeFiles/glowbit.dir/home/john/pico/pico-sdk/src/rp2_common/pico_platform/platform.c.obj
 .debug_info    0x000033c3      0x682 CMakeFiles/glowbit.dir/home/john/pico/pico-sdk/src/rp2_common/hardware_claim/claim.c.obj
 .debug_info    0x00003a45      0x5c3 CMakeFiles/glowbit.dir/home/john/pico/pico-sdk/src/rp2_common/hardware_sync/sync.c.obj
 .debug_info    0x00004008     0x1bc3 CMakeFiles/glowbit.dir/home/john/pico/pico-sdk/src/rp2_common/hardware_irq/irq.c.obj
 .debug_info    0x00005bcb      0x197 CMakeFiles/glowbit.dir/home/john/pico/pico-sdk/src/common/pico_sync/lock_core.c.obj
 .debug_info    0x00005d62     0x1ce9 CMakeFiles/glowbit.dir/home/john/pico/pico-sdk/src/common/pico_sync/mutex.c.obj
 .debug_info    0x00007a4b     0x33ad CMakeFiles/glowbit.dir/home/john/pico/pico-sdk/src/common/pico_time/time.c.obj
 .debug_info    0x0000adf8     0x13ee CMakeFiles/glowbit.dir/home/john/pico/pico-sdk/src/rp2_common/hardware_timer/timer.c.obj
 .debug_info    0x0000c1e6      0xe63 CMakeFiles/glowbit.dir/home/john/pico/pico-sdk/src/common/pico_util/pheap.c.obj
 .debug_info    0x0000d049      0xd74 CMakeFiles/glowbit.dir/home/john/pico/pico-sdk/src/rp2_common/hardware_uart/uart.c.obj
 .debug_info    0x0000ddbd      0xfb7 CMakeFiles/glowbit.dir/home/john/pico/pico-sdk/src/rp2_common/hardware_clocks/clocks.c.obj
 .debug_info    0x0000ed74      0x4ed CMakeFiles/glowbit.dir/home/john/pico/pico-sdk/src/rp2_common/hardware_pll/pll.c.obj
 .debug_info    0x0000f261      0x4c5 CMakeFiles/glowbit.dir/home/john/pico/pico-sdk/src/rp2_common/hardware_watchdog/watchdog.c.obj
 .debug_info    0x0000f726      0x1af CMakeFiles/glowbit.dir/home/john/pico/pico-sdk/src/rp2_common/hardware_xosc/xosc.c.obj
 .debug_info    0x0000f8d5      0xf17 CMakeFiles/glowbit.dir/home/john/pico/pico-sdk/src/rp2_common/pico_runtime/runtime.c.obj
 .debug_info    0x000107ec     0x198a CMakeFiles/glowbit.dir/home/john/pico/pico-sdk/src/rp2_common/pico_printf/printf.c.obj
 .debug_info    0x00012176       0x23 CMakeFiles/glowbit.dir/home/john/pico/pico-sdk/src/rp2_common/pico_bit_ops/bit_ops_aeabi.S.obj
 .debug_info    0x00012199      0x301 CMakeFiles/glowbit.dir/home/john/pico/pico-sdk/src/rp2_common/pico_bootrom/bootrom.c.obj
 .debug_info    0x0001249a       0x23 CMakeFiles/glowbit.dir/home/john/pico/pico-sdk/src/rp2_common/pico_divider/divider.S.obj
 .debug_info    0x000124bd       0x23 CMakeFiles/glowbit.dir/home/john/pico/pico-sdk/src/rp2_common/pico_double/double_aeabi.S.obj
 .debug_info    0x000124e0      0x335 CMakeFiles/glowbit.dir/home/john/pico/pico-sdk/src/rp2_common/pico_double/double_init_rom.c.obj
 .debug_info    0x00012815       0x24 CMakeFiles/glowbit.dir/home/john/pico/pico-sdk/src/rp2_common/pico_double/double_v1_rom_shim.S.obj
 .debug_info    0x00012839       0x24 CMakeFiles/glowbit.dir/home/john/pico/pico-sdk/src/rp2_common/pico_int64_ops/pico_int64_ops_aeabi.S.obj
 .debug_info    0x0001285d       0x23 CMakeFiles/glowbit.dir/home/john/pico/pico-sdk/src/rp2_common/pico_float/float_aeabi.S.obj
 .debug_info    0x00012880      0x316 CMakeFiles/glowbit.dir/home/john/pico/pico-sdk/src/rp2_common/pico_float/float_init_rom.c.obj
 .debug_info    0x00012b96       0x23 CMakeFiles/glowbit.dir/home/john/pico/pico-sdk/src/rp2_common/pico_mem_ops/mem_ops_aeabi.S.obj
 .debug_info    0x00012bb9       0x23 CMakeFiles/glowbit.dir/home/john/pico/pico-sdk/src/rp2_common/pico_standard_link/crt0.S.obj
 .debug_info    0x00012bdc      0x2b2 CMakeFiles/glowbit.dir/home/john/pico/pico-sdk/src/rp2_common/pico_standard_link/binary_info.c.obj
 .debug_info    0x00012e8e     0x1725 CMakeFiles/glowbit.dir/home/john/pico/pico-sdk/src/rp2_common/pico_stdio/stdio.c.obj
 .debug_info    0x000145b3     0x1003 CMakeFiles/glowbit.dir/home/john/pico/pico-sdk/src/rp2_common/pico_stdio_uart/stdio_uart.c.obj
 .debug_info    0x000155b6      0x269 CMakeFiles/glowbit.dir/home/john/pico/pico-sdk/src/rp2_common/pico_unique_id/unique_id.c.obj
 .debug_info    0x0001581f     0x1240 CMakeFiles/glowbit.dir/home/john/pico/pico-sdk/src/rp2_common/hardware_flash/flash.c.obj
 .debug_info    0x00016a5f     0x21f3 CMakeFiles/glowbit.dir/home/john/pico/pico-sdk/src/rp2_common/hardware_pio/pio.c.obj
 .debug_info    0x00018c52       0x39 /usr/lib/gcc/arm-none-eabi/12.2.1/thumb/v6-m/nofp/libgcc.a(_dvmd_tls.o)
 .debug_info    0x00018c8b      0x92a /usr/lib/gcc/arm-none-eabi/12.2.1/../../../arm-none-eabi/lib/thumb/v6-m/nofp/libg.a(lib_a-impure.o)
 .debug_info    0x000195b5      0x972 /usr/lib/gcc/arm-none-eabi/12.2.1/../../../arm-none-eabi/lib/thumb/v6-m/nofp/libg.a(lib_a-rand.o)
 .debug_info    0x00019f27       0xee /usr/lib/gcc/arm-none-eabi/12.2.1/../../../arm-none-eabi/lib/thumb/v6-m/nofp/libg.a(lib_a-strlen-stub.o)

.debug_abbrev   0x00000000     0x5690
 .debug_abbrev  0x00000000      0x50f CMakeFiles/glowbit.dir/glowbit.c.obj
 .debug_abbrev  0x0000050f      0x3a6 CMakeFiles/glowbit.dir/home/john/pico/pico-sdk/src/rp2_common/hardware_gpio/gpio.c.obj
 .debug_abbrev  0x000008b5       0xf8 CMakeFiles/glowbit.dir/home/john/pico/pico-sdk/src/rp2_common/pico_platform/platform.c.obj
 .debug_abbrev  0x000009ad      0x2ce CMakeFiles/glowbit.dir/home/john/pico/pico-sdk/src/rp2_common/hardware_claim/claim.c.obj
 .debug_abbrev  0x00000c7b      0x249 CMakeFiles/glowbit.dir/home/john/pico/pico-sdk/src/rp2_common/hardware_sync/sync.c.obj