Archive member included to satisfy reference by file (symbol)

/usr/lib/gcc/arm-none-eabi/12.2.1/thumb/v6-m/nofp/libgcc.a(_dvmd_tls.o)
                              CMakeFiles/glowbit.dir/home/john/pico/pico-sdk/src/rp2_common/pico_divider/divider.S.obj (__aeabi_idiv0)
/usr/lib/gcc/arm-none-eabi/12.2.1/../../../arm-none-eabi/lib/thumb/v6-m/nofp/libg.a(lib_a-atexit.o)
                              /usr/lib/gcc/arm-none-eabi/12.2.1/../../../arm-none-eabi/lib/thumb/v6-m/nofp/crt0.o (atexit)
/usr/lib/gcc/arm-none-eabi/12.2.1/../../../arm-none-eabi/lib/thumb/v6-m/nofp/libg.a(lib_a-calloc.o)
                              CMakeFiles/glowbit.dir/home/john/pico/pico-sdk/src/rp2_common/pico_malloc/pico_malloc.c.obj (calloc)
/usr/lib/gcc/arm-none-eabi/12.2.1/../../../arm-none-eabi/lib/thumb/v6-m/nofp/libg.a(lib_a-callocr.o)
                              /usr/lib/gcc/arm-none-eabi/12.2.1/../../../arm-none-eabi/lib/thumb/v6-m/nofp/libg.a(lib_a-calloc.o) (_calloc_r)
/usr/lib/gcc/arm-none-eabi/12.2.1/../../../arm-none-eabi/lib/thumb/v6-m/nofp/libg.a(lib_a-fini.o)
                              /usr/lib/gcc/arm-none-eabi/12.2.1/../../../arm-none-eabi/lib/thumb/v6-m/nofp/crt0.o (__libc_fini_array)
/usr/lib/gcc/arm-none-eabi/12.2.1/../../../arm-none-eabi/lib/thumb/v6-m/nofp/libg.a(lib_a-impure.o)
                              /usr/lib/gcc/arm-none-eabi/12.2.1/../../../arm-none-eabi/lib/thumb/v6-m/nofp/libg.a(lib_a-calloc.o) (_impure_ptr)
/usr/lib/gcc/arm-none-eabi/12.2.1/../../../arm-none-eabi/lib/thumb/v6-m/nofp/libg.a(lib_a-init.o)
                              /usr/lib/gcc/arm-none-eabi/12.2.1/../../../arm-none-eabi/lib/thumb/v6-m/nofp/crt0.o (__libc_init_array)
/usr/lib/gcc/arm-none-eabi/12.2.1/../../../arm-none-eabi/lib/thumb/v6-m/nofp/libg.a(lib_a-malloc.o)
                              CMakeFiles/glowbit.dir/home/john/pico/pico-sdk/src/rp2_common/pico_malloc/pico_malloc.c.obj (malloc)
/usr/lib/gcc/arm-none-eabi/12.2.1/../../../arm-none-eabi/lib/thumb/v6-m/nofp/libg.a(lib_a-mallocr.o)
                              /usr/lib/gcc/arm-none-eabi/12.2.1/../../../arm-none-eabi/lib/thumb/v6-m/nofp/libg.a(lib_a-callocr.o) (_malloc_r)
/usr/lib/gcc/arm-none-eabi/12.2.1/../../../arm-none-eabi/lib/thumb/v6-m/nofp/libg.a(lib_a-memcmp.o)
                              CMakeFiles/glowbit.dir/home/john/pico/pico-sdk/lib/cyw43-driver/src/cyw43_ll.c.obj (memcmp)
/usr/lib/gcc/arm-none-eabi/12.2.1/../../../arm-none-eabi/lib/thumb/v6-m/nofp/libg.a(lib_a-memmove.o)
                              CMakeFiles/glowbit.dir/home/john/pico/pico-sdk/lib/cyw43-driver/src/cyw43_ll.c.obj (memmove)
/usr/lib/gcc/arm-none-eabi/12.2.1/../../../arm-none-eabi/lib/thumb/v6-m/nofp/libg.a(lib_a-mlock.o)
                              /usr/lib/gcc/arm-none-eabi/12.2.1/../../../arm-none-eabi/lib/thumb/v6-m/nofp/libg.a(lib_a-mallocr.o) (__malloc_lock)
/usr/lib/gcc/arm-none-eabi/12.2.1/../../../arm-none-eabi/lib/thumb/v6-m/nofp/libg.a(lib_a-realloc.o)
                              CMakeFiles/glowbit.dir/home/john/pico/pico-sdk/src/rp2_common/pico_malloc/pico_malloc.c.obj (realloc)
/usr/lib/gcc/arm-none-eabi/12.2.1/../../../arm-none-eabi/lib/thumb/v6-m/nofp/libg.a(lib_a-reallocr.o)
                              /usr/lib/gcc/arm-none-eabi/12.2.1/../../../arm-none-eabi/lib/thumb/v6-m/nofp/libg.a(lib_a-realloc.o) (_realloc_r)
/usr/lib/gcc/arm-none-eabi/12.2.1/../../../arm-none-eabi/lib/thumb/v6-m/nofp/libg.a(lib_a-sbrkr.o)
                              /usr/lib/gcc/arm-none-eabi/12.2.1/../../../arm-none-eabi/lib/thumb/v6-m/nofp/libg.a(lib_a-mallocr.o) (_sbrk_r)
/usr/lib/gcc/arm-none-eabi/12.2.1/../../../arm-none-eabi/lib/thumb/v6-m/nofp/libg.a(lib_a-strlen-stub.o)
                              CMakeFiles/glowbit.dir/glowbit.c.obj (strlen)
/usr/lib/gcc/arm-none-eabi/12.2.1/../../../arm-none-eabi/lib/thumb/v6-m/nofp/libg.a(lib_a-strncmp.o)
                              CMakeFiles/glowbit.dir/home/john/pico/pico-sdk/lib/cyw43-driver/src/cyw43_ll.c.obj (strncmp)
/usr/lib/gcc/arm-none-eabi/12.2.1/../../../arm-none-eabi/lib/thumb/v6-m/nofp/libg.a(lib_a-__atexit.o)
                              /usr/lib/gcc/arm-none-eabi/12.2.1/../../../arm-none-eabi/lib/thumb/v6-m/nofp/libg.a(lib_a-atexit.o) (__register_exitproc)
/usr/lib/gcc/arm-none-eabi/12.2.1/../../../arm-none-eabi/lib/thumb/v6-m/nofp/libg.a(lib_a-freer.o)
                              /usr/lib/gcc/arm-none-eabi/12.2.1/../../../arm-none-eabi/lib/thumb/v6-m/nofp/libg.a(lib_a-malloc.o) (_free_r)
/usr/lib/gcc/arm-none-eabi/12.2.1/../../../arm-none-eabi/lib/thumb/v6-m/nofp/libg.a(lib_a-reent.o)
                              /usr/lib/gcc/arm-none-eabi/12.2.1/../../../arm-none-eabi/lib/thumb/v6-m/nofp/libg.a(lib_a-sbrkr.o) (errno)

Discarded input sections

 .text          0x00000000        0x0 /usr/lib/gcc/arm-none-eabi/12.2.1/thumb/v6-m/nofp/crti.o
 .data          0x00000000        0x0 /usr/lib/gcc/arm-none-eabi/12.2.1/thumb/v6-m/nofp/crti.o
[...]
Memory Configuration

Name             Origin             Length             Attributes
FLASH            0x10000000         0x00200000         xr
RAM              0x20000000         0x00040000         xrw
SCRATCH_X        0x20040000         0x00001000         xrw
SCRATCH_Y        0x20041000         0x00001000         xrw
*default*        0x00000000         0xffffffff

Linker script and memory map

LOAD /usr/lib/gcc/arm-none-eabi/12.2.1/thumb/v6-m/nofp/crti.o
LOAD /usr/lib/gcc/arm-none-eabi/12.2.1/thumb/v6-m/nofp/crtbegin.o
LOAD /usr/lib/gcc/arm-none-eabi/12.2.1/../../../arm-none-eabi/lib/thumb/v6-m/nofp/crt0.o

.flash_begin    0x10000000        0x0
                0x10000000                        __flash_binary_start = .

.boot2          0x10000000      0x100
                0x10000000                        __boot2_start__ = .
 *(.boot2)
 .boot2         0x10000000      0x100 /tmp/cc9IkhGA.o
                0x10000100                        __boot2_end__ = .
                0x00000001                        ASSERT (((__boot2_end__ - __boot2_start__) == 0x100), ERROR: Pico second stage bootloader must be 256 bytes in size)

.text           0x10000100     0x4650
                0x10000100                        __logical_binary_start = .
 *(.vectors)
 .vectors       0x10000100       0xd4 CMakeFiles/glowbit.dir/home/john/pico/pico-sdk/src/rp2_common/pico_standard_link/crt0.S.obj
                0x10000100                __vectors
                0x10000100                __VECTOR_TABLE
                0x100001c0                isr_invalid
                0x100001c0                __default_isrs_start
                0x100001c2                isr_nmi
                0x100001c4                isr_hardfault
                0x100001c6                isr_svcall
                0x100001c8                isr_pendsv
                0x100001ca                isr_systick
                0x100001cc                isr_irq30
                0x100001cc                __unhandled_user_irq
                0x100001cc                isr_irq13
                0x100001cc                isr_irq27
                0x100001cc                isr_irq31
                0x100001cc                isr_irq5
                0x100001cc                isr_irq11
                0x100001cc                isr_irq23
                0x100001cc                isr_irq18
                0x100001cc                isr_irq28
                0x100001cc                isr_irq19
                0x100001cc                isr_irq0
                0x100001cc                isr_irq6
                0x100001cc                isr_irq22
                0x100001cc                isr_irq17
                0x100001cc                isr_irq14
                0x100001cc                isr_irq2
                0x100001cc                isr_irq10
                0x100001cc                isr_irq8
                0x100001cc                isr_irq24
                0x100001cc                isr_irq1
                0x100001cc                isr_irq7
                0x100001cc                isr_irq21
                0x100001cc                isr_irq20
                0x100001cc                isr_irq15
                0x100001cc                isr_irq25
                0x100001cc                isr_irq4
                0x100001cc                isr_irq16
                0x100001cc                isr_irq29
                0x100001cc                isr_irq26
                0x100001cc                __default_isrs_end
                0x100001cc                isr_irq3
                0x100001cc                isr_irq12
                0x100001cc                isr_irq9
                0x100001d2                unhandled_user_irq_num_in_r0
 *(.binary_info_header)
 .binary_info_header
                0x100001d4       0x14 CMakeFiles/glowbit.dir/home/john/pico/pico-sdk/src/rp2_common/pico_standard_link/crt0.S.obj
                0x100001e8                        __binary_info_header_end = .
 *(.reset)
 .reset         0x100001e8       0xa0 CMakeFiles/glowbit.dir/home/john/pico/pico-sdk/src/rp2_common/pico_standard_link/crt0.S.obj
                0x100001e8                _entry_point
 .reset         0x10000288       0x30 CMakeFiles/glowbit.dir/home/john/pico/pico-sdk/src/rp2_common/pico_standard_link/binary_info.c.obj
 *(.init)
 .init          0x100002b8        0x4 /usr/lib/gcc/arm-none-eabi/12.2.1/thumb/v6-m/nofp/crti.o
                0x100002b8                _init
 *(EXCLUDE_FILE(*libm.a: *libc.a:*lib_a-mem*.o *libgcc.a:) .text*)
 .text          0x100002bc       0x98 /usr/lib/gcc/arm-none-eabi/12.2.1/thumb/v6-m/nofp/crtbegin.o
 .text.sm_config_set_clkdiv
                0x10000354       0x3c CMakeFiles/glowbit.dir/glowbit.c.obj
 .text.pio_get_default_sm_config
                0x10000390       0x28 CMakeFiles/glowbit.dir/glowbit.c.obj
 .text.ws2812_program_get_default_config
                0x100003b8       0x3c CMakeFiles/glowbit.dir/glowbit.c.obj
 .text.ws2812_program_init
                0x100003f4       0xd4 CMakeFiles/glowbit.dir/glowbit.c.obj
 .text.main     0x100004c8       0x48 CMakeFiles/glowbit.dir/glowbit.c.obj
                0x100004c8                main
 .text.reserved_addr
                0x10000510       0x1a CMakeFiles/glowbit.dir/bus_scan.c.obj
                0x10000510                reserved_addr
 *fill*         0x1000052a        0x2 
 .text.bus_scan
                0x1000052c       0xe4 CMakeFiles/glowbit.dir/bus_scan.c.obj
                0x1000052c                bus_scan
 .text.gpio_set_function
                0x10000610       0x30 CMakeFiles/glowbit.dir/home/john/pico/pico-sdk/src/rp2_common/hardware_gpio/gpio.c.obj
                0x10000610                gpio_set_function
 .text.gpio_set_pulls
                0x10000640       0x34 CMakeFiles/glowbit.dir/home/john/pico/pico-sdk/src/rp2_common/hardware_gpio/gpio.c.obj
                0x10000640                gpio_set_pulls
 .text.running_on_fpga
                0x10000674       0x14 CMakeFiles/glowbit.dir/home/john/pico/pico-sdk/src/rp2_common/pico_platform/platform.c.obj
                0x10000674                running_on_fpga
 .text.hw_claim_lock
                0x10000688       0x18 CMakeFiles/glowbit.dir/home/john/pico/pico-sdk/src/rp2_common/hardware_claim/claim.c.obj
                0x10000688                hw_claim_lock
 .text.hw_claim_unlock
                0x100006a0       0x14 CMakeFiles/glowbit.dir/home/john/pico/pico-sdk/src/rp2_common/hardware_claim/claim.c.obj
                0x100006a0                hw_claim_unlock
 .text.hw_claim_or_assert
                0x100006b4       0x32 CMakeFiles/glowbit.dir/home/john/pico/pico-sdk/src/rp2_common/hardware_claim/claim.c.obj
                0x100006b4                hw_claim_or_assert
 *fill*         0x100006e6        0x2 
 .text.spin_locks_reset
                0x100006e8       0x20 CMakeFiles/glowbit.dir/home/john/pico/pico-sdk/src/rp2_common/hardware_sync/sync.c.obj
                0x100006e8                spin_locks_reset
 .text.next_striped_spin_lock_num
                0x10000708       0x1c CMakeFiles/glowbit.dir/home/john/pico/pico-sdk/src/rp2_common/hardware_sync/sync.c.obj
                0x10000708                next_striped_spin_lock_num
 .text.set_raw_irq_handler_and_unlock
                0x10000724       0x28 CMakeFiles/glowbit.dir/home/john/pico/pico-sdk/src/rp2_common/hardware_irq/irq.c.obj
 .text.resolve_branch
                0x1000074c       0x30 CMakeFiles/glowbit.dir/home/john/pico/pico-sdk/src/rp2_common/hardware_irq/irq.c.obj
 .text.make_branch
                0x1000077c       0x48 CMakeFiles/glowbit.dir/home/john/pico/pico-sdk/src/rp2_common/hardware_irq/irq.c.obj
 .text.insert_branch_and_link
                0x100007c4       0x40 CMakeFiles/glowbit.dir/home/john/pico/pico-sdk/src/rp2_common/hardware_irq/irq.c.obj
 .text.irq_is_enabled
                0x10000804       0x18 CMakeFiles/glowbit.dir/home/john/pico/pico-sdk/src/rp2_common/hardware_irq/irq.c.obj
                0x10000804                irq_is_enabled
 .text.irq_set_mask_enabled
                0x1000081c       0x20 CMakeFiles/glowbit.dir/home/john/pico/pico-sdk/src/rp2_common/hardware_irq/irq.c.obj
                0x1000081c                irq_set_mask_enabled
 .text.irq_set_enabled
                0x1000083c        0xe CMakeFiles/glowbit.dir/home/john/pico/pico-sdk/src/rp2_common/hardware_irq/irq.c.obj
                0x1000083c                irq_set_enabled
 *fill*         0x1000084a        0x2 
 .text.irq_get_vtable_handler
                0x1000084c       0x10 CMakeFiles/glowbit.dir/home/john/pico/pico-sdk/src/rp2_common/hardware_irq/irq.c.obj
                0x1000084c                irq_get_vtable_handler
 .text.irq_set_exclusive_handler
                0x1000085c       0x54 CMakeFiles/glowbit.dir/home/john/pico/pico-sdk/src/rp2_common/hardware_irq/irq.c.obj
                0x1000085c                irq_set_exclusive_handler
 .text.irq_remove_handler
                0x100008b0      0x188 CMakeFiles/glowbit.dir/home/john/pico/pico-sdk/src/rp2_common/hardware_irq/irq.c.obj
                0x100008b0                irq_remove_handler
 .text.irq_add_tail_to_free_list
                0x10000a38       0xf0 CMakeFiles/glowbit.dir/home/john/pico/pico-sdk/src/rp2_common/hardware_irq/irq.c.obj
                0x10000a38                irq_add_tail_to_free_list
 .text.irq_init_priorities
                0x10000b28       0x1c CMakeFiles/glowbit.dir/home/john/pico/pico-sdk/src/rp2_common/hardware_irq/irq.c.obj
                0x10000b28                irq_init_priorities
 .text.lock_init
                0x10000b44       0x10 CMakeFiles/glowbit.dir/home/john/pico/pico-sdk/src/common/pico_sync/lock_core.c.obj
                0x10000b44                lock_init
 .text.mutex_init
                0x10000b54       0x1a CMakeFiles/glowbit.dir/home/john/pico/pico-sdk/src/common/pico_sync/mutex.c.obj
                0x10000b54                mutex_init
 .text.recursive_mutex_init
                0x10000b6e       0x1e CMakeFiles/glowbit.dir/home/john/pico/pico-sdk/src/common/pico_sync/mutex.c.obj
                0x10000b6e                recursive_mutex_init
 .text.time_reached
                0x10000b8c       0x28 CMakeFiles/glowbit.dir/home/john/pico/pico-sdk/src/common/pico_time/time.c.obj
 .text.get_entry
                0x10000bb4       0x38 CMakeFiles/glowbit.dir/home/john/pico/pico-sdk/src/common/pico_time/time.c.obj
 .text.timer_pool_entry_comparator
                0x10000bec       0x2e CMakeFiles/glowbit.dir/home/john/pico/pico-sdk/src/common/pico_time/time.c.obj
                0x10000bec                timer_pool_entry_comparator
 *fill*         0x10000c1a        0x2 
 .text.update_us_since_boot
                0x10000c1c       0x24 CMakeFiles/glowbit.dir/home/john/pico/pico-sdk/src/common/pico_time/time.c.obj
 .text.delayed_by_us
                0x10000c40       0x34 CMakeFiles/glowbit.dir/home/john/pico/pico-sdk/src/common/pico_time/time.c.obj
 .text.ph_get_node
                0x10000c74       0x30 CMakeFiles/glowbit.dir/home/john/pico/pico-sdk/src/common/pico_time/time.c.obj
 .text.ph_contains_node
                0x10000ca4       0x1e CMakeFiles/glowbit.dir/home/john/pico/pico-sdk/src/common/pico_time/time.c.obj
 .text.ph_new_node
                0x10000cc2       0x28 CMakeFiles/glowbit.dir/home/john/pico/pico-sdk/src/common/pico_time/time.c.obj
 *fill*         0x10000cea        0x2 
 .text.ph_add_child_node
                0x10000cec       0x6c CMakeFiles/glowbit.dir/home/john/pico/pico-sdk/src/common/pico_time/time.c.obj
 .text.ph_merge_nodes
                0x10000d58       0x3e CMakeFiles/glowbit.dir/home/john/pico/pico-sdk/src/common/pico_time/time.c.obj
 *fill*         0x10000d96        0x2 
 .text.ph_insert_node
                0x10000d98       0x3c CMakeFiles/glowbit.dir/home/john/pico/pico-sdk/src/common/pico_time/time.c.obj
 .text.ph_free_node
                0x10000dd4       0x5c CMakeFiles/glowbit.dir/home/john/pico/pico-sdk/src/common/pico_time/time.c.obj
 .text.get_entry_id_high
                0x10000e30       0x30 CMakeFiles/glowbit.dir/home/john/pico/pico-sdk/src/common/pico_time/time.c.obj
 .text.alarm_pool_post_alloc_init
                0x10000e60       0x40 CMakeFiles/glowbit.dir/home/john/pico/pico-sdk/src/common/pico_time/time.c.obj
 .text.sleep_until_callback
                0x10000ea0       0x30 CMakeFiles/glowbit.dir/home/john/pico/pico-sdk/src/common/pico_time/time.c.obj
 .text.get_absolute_time
                0x10000ed0       0x22 CMakeFiles/glowbit.dir/home/john/pico/pico-sdk/src/common/pico_time/time.c.obj
 *fill*         0x10000ef2        0x2 
 .text.add_alarm_under_lock
                0x10000ef4       0x94 CMakeFiles/glowbit.dir/home/john/pico/pico-sdk/src/common/pico_time/time.c.obj
 .text.alarm_pool_alarm_callback
                0x10000f88      0x210 CMakeFiles/glowbit.dir/home/john/pico/pico-sdk/src/common/pico_time/time.c.obj
 .text.alarm_pool_init_default
                0x10001198       0x40 CMakeFiles/glowbit.dir/home/john/pico/pico-sdk/src/common/pico_time/time.c.obj
                0x10001198                alarm_pool_init_default
 .text.alarm_pool_get_default
                0x100011d8       0x2c CMakeFiles/glowbit.dir/home/john/pico/pico-sdk/src/common/pico_time/time.c.obj
                0x100011d8                alarm_pool_get_default
 .text.alarm_pool_add_alarm_at
                0x10001204      0x10e CMakeFiles/glowbit.dir/home/john/pico/pico-sdk/src/common/pico_time/time.c.obj
                0x10001204                alarm_pool_add_alarm_at
 .text.add_alarm_at
                0x10001312       0x2e CMakeFiles/glowbit.dir/home/john/pico/pico-sdk/src/common/pico_time/time.c.obj
 .text.alarm_pool_cancel_alarm
                0x10001340       0xa8 CMakeFiles/glowbit.dir/home/john/pico/pico-sdk/src/common/pico_time/time.c.obj
                0x10001340                alarm_pool_cancel_alarm
 .text.cancel_alarm
                0x100013e8       0x10 CMakeFiles/glowbit.dir/home/john/pico/pico-sdk/src/common/pico_time/time.c.obj
 .text.best_effort_wfe_or_timeout
                0x100013f8       0x44 CMakeFiles/glowbit.dir/home/john/pico/pico-sdk/src/common/pico_time/time.c.obj
                0x100013f8                best_effort_wfe_or_timeout
 .text.update_us_since_boot
                0x1000143c       0x24 CMakeFiles/glowbit.dir/home/john/pico/pico-sdk/src/rp2_common/hardware_timer/timer.c.obj
 .text.hardware_alarm_irq_handler
                0x10001460       0x8c CMakeFiles/glowbit.dir/home/john/pico/pico-sdk/src/rp2_common/hardware_timer/timer.c.obj
 .text.hardware_alarm_claim
                0x100014ec       0x18 CMakeFiles/glowbit.dir/home/john/pico/pico-sdk/src/rp2_common/hardware_timer/timer.c.obj
                0x100014ec                hardware_alarm_claim
 .text.time_us_64
                0x10001504       0x18 CMakeFiles/glowbit.dir/home/john/pico/pico-sdk/src/rp2_common/hardware_timer/timer.c.obj
                0x10001504                time_us_64
 .text.busy_wait_until
                0x1000151c       0x28 CMakeFiles/glowbit.dir/home/john/pico/pico-sdk/src/rp2_common/hardware_timer/timer.c.obj
                0x1000151c                busy_wait_until
 .text.busy_wait_us
                0x10001544       0x3a CMakeFiles/glowbit.dir/home/john/pico/pico-sdk/src/rp2_common/hardware_timer/timer.c.obj
                0x10001544                busy_wait_us
 *fill*         0x1000157e        0x2 
 .text.hardware_alarm_set_callback
                0x10001580       0x90 CMakeFiles/glowbit.dir/home/john/pico/pico-sdk/src/rp2_common/hardware_timer/timer.c.obj
                0x10001580                hardware_alarm_set_callback
 .text.hardware_alarm_set_target
                0x10001610       0xe8 CMakeFiles/glowbit.dir/home/john/pico/pico-sdk/src/rp2_common/hardware_timer/timer.c.obj
                0x10001610                hardware_alarm_set_target
 .text.hardware_alarm_cancel
                0x100016f8       0x40 CMakeFiles/glowbit.dir/home/john/pico/pico-sdk/src/rp2_common/hardware_timer/timer.c.obj
                0x100016f8                hardware_alarm_cancel
 .text.ph_get_node
                0x10001738       0x30 CMakeFiles/glowbit.dir/home/john/pico/pico-sdk/src/common/pico_util/pheap.c.obj
 .text.ph_add_child_node
                0x10001768       0x6c CMakeFiles/glowbit.dir/home/john/pico/pico-sdk/src/common/pico_util/pheap.c.obj
 .text.ph_merge_nodes
                0x100017d4       0x3e CMakeFiles/glowbit.dir/home/john/pico/pico-sdk/src/common/pico_util/pheap.c.obj
 .text.ph_clear
                0x10001812       0x34 CMakeFiles/glowbit.dir/home/john/pico/pico-sdk/src/common/pico_util/pheap.c.obj
                0x10001812                ph_clear
 .text.ph_post_alloc_init
                0x10001846        0xe CMakeFiles/glowbit.dir/home/john/pico/pico-sdk/src/common/pico_util/pheap.c.obj
                0x10001846                ph_post_alloc_init
 .text.ph_merge_two_pass
                0x10001854       0x5c CMakeFiles/glowbit.dir/home/john/pico/pico-sdk/src/common/pico_util/pheap.c.obj
                0x10001854                ph_merge_two_pass
 .text.ph_remove_any_head
                0x100018b0       0xc0 CMakeFiles/glowbit.dir/home/john/pico/pico-sdk/src/common/pico_util/pheap.c.obj
 .text.ph_remove_head
                0x10001970       0x14 CMakeFiles/glowbit.dir/home/john/pico/pico-sdk/src/common/pico_util/pheap.c.obj
                0x10001970                ph_remove_head
 .text.ph_remove_and_free_node
                0x10001984       0xa0 CMakeFiles/glowbit.dir/home/john/pico/pico-sdk/src/common/pico_util/pheap.c.obj
                0x10001984                ph_remove_and_free_node
 .text.uart_disable_before_lcr_write
                0x10001a24       0x48 CMakeFiles/glowbit.dir/home/john/pico/pico-sdk/src/rp2_common/hardware_uart/uart.c.obj
 .text.uart_write_lcr_bits_masked
                0x10001a6c       0x22 CMakeFiles/glowbit.dir/home/john/pico/pico-sdk/src/rp2_common/hardware_uart/uart.c.obj
 *fill*         0x10001a8e        0x2 
 .text.uart_set_baudrate
                0x10001a90       0x5c CMakeFiles/glowbit.dir/home/john/pico/pico-sdk/src/rp2_common/hardware_uart/uart.c.obj
                0x10001a90                uart_set_baudrate
 .text.uart_set_format
                0x10001aec       0x2c CMakeFiles/glowbit.dir/home/john/pico/pico-sdk/src/rp2_common/hardware_uart/uart.c.obj
                0x10001aec                uart_set_format
 .text.uart_set_translate_crlf
                0x10001b18       0x28 CMakeFiles/glowbit.dir/home/john/pico/pico-sdk/src/rp2_common/hardware_uart/uart.c.obj
                0x10001b18                uart_set_translate_crlf
 .text.uart_init
                0x10001b40       0x80 CMakeFiles/glowbit.dir/home/john/pico/pico-sdk/src/rp2_common/hardware_uart/uart.c.obj
                0x10001b40                uart_init
 .text.clock_configure
                0x10001bc0      0x108 CMakeFiles/glowbit.dir/home/john/pico/pico-sdk/src/rp2_common/hardware_clocks/clocks.c.obj
                0x10001bc0                clock_configure
 .text.clocks_init
                0x10001cc8      0x100 CMakeFiles/glowbit.dir/home/john/pico/pico-sdk/src/rp2_common/hardware_clocks/clocks.c.obj
                0x10001cc8                clocks_init
 .text.clock_get_hz
                0x10001dc8        0xc CMakeFiles/glowbit.dir/home/john/pico/pico-sdk/src/rp2_common/hardware_clocks/clocks.c.obj
                0x10001dc8                clock_get_hz
 .text.pll_init
                0x10001dd4      0x120 CMakeFiles/glowbit.dir/home/john/pico/pico-sdk/src/rp2_common/hardware_pll/pll.c.obj
                0x10001dd4                pll_init
 .text.watchdog_start_tick
                0x10001ef4       0x10 CMakeFiles/glowbit.dir/home/john/pico/pico-sdk/src/rp2_common/hardware_watchdog/watchdog.c.obj
                0x10001ef4                watchdog_start_tick
 .text.xosc_init
                0x10001f04       0x28 CMakeFiles/glowbit.dir/home/john/pico/pico-sdk/src/rp2_common/hardware_xosc/xosc.c.obj
                0x10001f04                xosc_init
 .text._exit    0x10001f2c        0x4 CMakeFiles/glowbit.dir/home/john/pico/pico-sdk/src/rp2_common/pico_runtime/runtime.c.obj
                0x10001f2c                _exit
 .text.exit     0x10001f30        0x6 CMakeFiles/glowbit.dir/home/john/pico/pico-sdk/src/rp2_common/pico_runtime/runtime.c.obj
                0x10001f30                exit
 *fill*         0x10001f36        0x2 
 .text.__assert_func
                0x10001f38       0x38 CMakeFiles/glowbit.dir/home/john/pico/pico-sdk/src/rp2_common/pico_runtime/runtime.c.obj
                0x10001f38                __assert_func
 .text.runtime_init
                0x10001f70       0xf8 CMakeFiles/glowbit.dir/home/john/pico/pico-sdk/src/rp2_common/pico_runtime/runtime.c.obj
                0x10001f70                runtime_init
 .text.panic    0x10002068       0x30 CMakeFiles/glowbit.dir/home/john/pico/pico-sdk/src/rp2_common/pico_runtime/runtime.c.obj
                0x10002068                panic
 .text._out_null
                0x10002098        0x2 CMakeFiles/glowbit.dir/home/john/pico/pico-sdk/src/rp2_common/pico_printf/printf.c.obj
 .text._out_fct
                0x1000209a        0xe CMakeFiles/glowbit.dir/home/john/pico/pico-sdk/src/rp2_common/pico_printf/printf.c.obj
 .text._atoi    0x100020a8       0x24 CMakeFiles/glowbit.dir/home/john/pico/pico-sdk/src/rp2_common/pico_printf/printf.c.obj
 .text._out_rev
                0x100020cc       0xae CMakeFiles/glowbit.dir/home/john/pico/pico-sdk/src/rp2_common/pico_printf/printf.c.obj
 .text._ntoa_format
                0x1000217a      0x110 CMakeFiles/glowbit.dir/home/john/pico/pico-sdk/src/rp2_common/pico_printf/printf.c.obj
 .text._ntoa_long
                0x1000228a       0xbc CMakeFiles/glowbit.dir/home/john/pico/pico-sdk/src/rp2_common/pico_printf/printf.c.obj
 .text._ntoa_long_long
                0x10002346      0x10e CMakeFiles/glowbit.dir/home/john/pico/pico-sdk/src/rp2_common/pico_printf/printf.c.obj
 .text._etoa    0x10002454      0x420 CMakeFiles/glowbit.dir/home/john/pico/pico-sdk/src/rp2_common/pico_printf/printf.c.obj
 .text._ftoa    0x10002874      0x354 CMakeFiles/glowbit.dir/home/john/pico/pico-sdk/src/rp2_common/pico_printf/printf.c.obj
 .text._vsnprintf
                0x10002bc8      0x65c CMakeFiles/glowbit.dir/home/john/pico/pico-sdk/src/rp2_common/pico_printf/printf.c.obj
 .text.vfctprintf
                0x10003224       0x20 CMakeFiles/glowbit.dir/home/john/pico/pico-sdk/src/rp2_common/pico_printf/printf.c.obj
                0x10003224                vfctprintf
 .text          0x10003244       0x10 CMakeFiles/glowbit.dir/home/john/pico/pico-sdk/src/rp2_common/pico_bit_ops/bit_ops_aeabi.S.obj
 .text.rom_func_lookup
                0x10003254       0x10 CMakeFiles/glowbit.dir/home/john/pico/pico-sdk/src/rp2_common/pico_bootrom/bootrom.c.obj
                0x10003254                rom_func_lookup
 .text.rom_data_lookup
                0x10003264       0x10 CMakeFiles/glowbit.dir/home/john/pico/pico-sdk/src/rp2_common/pico_bootrom/bootrom.c.obj
                0x10003264                rom_data_lookup
 .text.rom_funcs_lookup
                0x10003274       0x36 CMakeFiles/glowbit.dir/home/john/pico/pico-sdk/src/rp2_common/pico_bootrom/bootrom.c.obj
                0x10003274                rom_funcs_lookup
 *fill*         0x100032aa        0x2 
 .text.__wrap___aeabi_idiv
                0x100032ac       0x50 CMakeFiles/glowbit.dir/home/john/pico/pico-sdk/src/rp2_common/pico_divider/divider.S.obj
                0x100032ac                __wrap___aeabi_idivmod
                0x100032ac                divmod_s32s32
                0x100032ac                div_s32s32
                0x100032ac                __wrap___aeabi_idiv
                0x100032b4                divmod_s32s32_unsafe
                0x100032e0                divmod_s32s32_savestate
 .text.__wrap___aeabi_uidiv
                0x100032fc       0x4c CMakeFiles/glowbit.dir/home/john/pico/pico-sdk/src/rp2_common/pico_divider/divider.S.obj
                0x100032fc                __wrap___aeabi_uidiv
                0x100032fc                __wrap___aeabi_uidivmod
                0x100032fc                div_u32u32
                0x100032fc                divmod_u32u32
                0x10003304                divmod_u32u32_unsafe
                0x1000332c                divmod_u32u32_savestate
 .text.__wrap___aeabi_ldiv
                0x10003348      0x424 CMakeFiles/glowbit.dir/home/john/pico/pico-sdk/src/rp2_common/pico_divider/divider.S.obj
                0x10003348                div_s64s64
                0x10003348                divmod_s64s64
                0x10003348                __wrap___aeabi_ldivmod
                0x10003378                div_u64u64
                0x10003378                divmod_u64u64
                0x10003378                __wrap___aeabi_uldivmod
                0x10003388                divmod_u64u64_savestate
                0x100033a8                divmod_s64s64_unsafe
                0x10003430                divmod_u64u64_unsafe
 .text.__wrap___aeabi_darithmetic
                0x1000376c       0x60 CMakeFiles/glowbit.dir/home/john/pico/pico-sdk/src/rp2_common/pico_double/double_aeabi.S.obj
                0x1000376c                __wrap___aeabi_drsub
                0x10003772                __wrap___aeabi_dsub
                0x1000377c                __wrap___aeabi_dadd
                0x10003786                __wrap___aeabi_ddiv
                0x100037ba                __wrap___aeabi_dmul
 .text.__wrap___aeabi_cdcmple
                0x100037cc       0x6c CMakeFiles/glowbit.dir/home/john/pico/pico-sdk/src/rp2_common/pico_double/double_aeabi.S.obj
                0x100037cc                __wrap___aeabi_cdrcmple
                0x100037dc                __wrap___aeabi_cdcmple
                0x100037dc                __wrap___aeabi_cdcmpeq
 .text.__wrap___aeabi_dcmplt
                0x10003838        0xc CMakeFiles/glowbit.dir/home/john/pico/pico-sdk/src/rp2_common/pico_double/double_aeabi.S.obj
                0x10003838                __wrap___aeabi_dcmplt
 .text.__wrap___aeabi_dcmple
                0x10003844       0x10 CMakeFiles/glowbit.dir/home/john/pico/pico-sdk/src/rp2_common/pico_double/double_aeabi.S.obj
                0x10003844                __wrap___aeabi_dcmple
 .text.__wrap___aeabi_dcmpge
                0x10003854       0x10 CMakeFiles/glowbit.dir/home/john/pico/pico-sdk/src/rp2_common/pico_double/double_aeabi.S.obj
                0x10003854                __wrap___aeabi_dcmpge
 .text.__wrap___aeabi_dcmpgt
                0x10003864        0xa CMakeFiles/glowbit.dir/home/john/pico/pico-sdk/src/rp2_common/pico_double/double_aeabi.S.obj
                0x10003864                __wrap___aeabi_dcmpgt
 .text.__wrap___aeabi_dcmpun
                0x1000386e       0x1c CMakeFiles/glowbit.dir/home/john/pico/pico-sdk/src/rp2_common/pico_double/double_aeabi.S.obj
                0x1000386e                __wrap___aeabi_dcmpun
 *fill*         0x1000388a        0x2 
 .text.__wrap___aeabi_i2d
                0x1000388c       0x38 CMakeFiles/glowbit.dir/home/john/pico/pico-sdk/src/rp2_common/pico_double/double_aeabi.S.obj
                0x1000388c                __wrap___aeabi_ui2d
                0x10003894                __wrap___aeabi_i2d
 .text.__wrap___aeabi_d2iz
                0x100038c4       0x48 CMakeFiles/glowbit.dir/home/john/pico/pico-sdk/src/rp2_common/pico_double/double_aeabi.S.obj
                0x100038c4                __wrap___aeabi_d2iz
                0x100038c4                double2int_z
 .text.__wrap___aeabi_d2uiz
                0x1000390c       0x10 CMakeFiles/glowbit.dir/home/john/pico/pico-sdk/src/rp2_common/pico_double/double_aeabi.S.obj
                0x1000390c                double2uint
                0x1000390c                __wrap___aeabi_d2uiz
 .text.missing_double_func_shim
                0x1000391c        0xc CMakeFiles/glowbit.dir/home/john/pico/pico-sdk/src/rp2_common/pico_double/double_init_rom.c.obj
 .text.__aeabi_double_init
                0x10003928       0xd0 CMakeFiles/glowbit.dir/home/john/pico/pico-sdk/src/rp2_common/pico_double/double_init_rom.c.obj
                0x10003928                __aeabi_double_init
 .text.double_table_shim_on_use_helper
                0x100039f8       0x34 CMakeFiles/glowbit.dir/home/john/pico/pico-sdk/src/rp2_common/pico_double/double_v1_rom_shim.S.obj
                0x100039f8                double_table_shim_on_use_helper
 .text.__aeabi_lmul
                0x10003a2c       0x32 CMakeFiles/glowbit.dir/home/john/pico/pico-sdk/src/rp2_common/pico_int64_ops/pico_int64_ops_aeabi.S.obj
                0x10003a2c                __wrap___aeabi_lmul
 *fill*         0x10003a5e        0x2 
 .text.__wrap___aeabi_farithmetic
                0x10003a60       0x48 CMakeFiles/glowbit.dir/home/john/pico/pico-sdk/src/rp2_common/pico_float/float_aeabi.S.obj
                0x10003a60                __wrap___aeabi_frsub
                0x10003a66                __wrap___aeabi_fsub
                0x10003a6c                __wrap___aeabi_fadd
                0x10003a72                __wrap___aeabi_fdiv
                0x10003a9a                __wrap___aeabi_fmul
 .text.__wrap___aeabi_ui2f
                0x10003aa8        0xa CMakeFiles/glowbit.dir/home/john/pico/pico-sdk/src/rp2_common/pico_float/float_aeabi.S.obj
                0x10003aa8                __wrap___aeabi_ui2f
 *fill*         0x10003ab2        0x2 
 .text.__wrap___aeabi_i2f
                0x10003ab4       0x44 CMakeFiles/glowbit.dir/home/john/pico/pico-sdk/src/rp2_common/pico_float/float_aeabi.S.obj
                0x10003ab4                __wrap___aeabi_i2f
 .text.__wrap___aeabi_f2uiz
                0x10003af8        0xc CMakeFiles/glowbit.dir/home/john/pico/pico-sdk/src/rp2_common/pico_float/float_aeabi.S.obj
                0x10003af8                __wrap___aeabi_f2uiz
 .text.missing_float_func_shim
                0x10003b04        0xc CMakeFiles/glowbit.dir/home/john/pico/pico-sdk/src/rp2_common/pico_float/float_init_rom.c.obj
 .text.__aeabi_float_init
                0x10003b10       0x88 CMakeFiles/glowbit.dir/home/john/pico/pico-sdk/src/rp2_common/pico_float/float_init_rom.c.obj
                0x10003b10                __aeabi_float_init
 .text          0x10003b98       0x10 CMakeFiles/glowbit.dir/home/john/pico/pico-sdk/src/rp2_common/pico_mem_ops/mem_ops_aeabi.S.obj
                0x10003b98                __aeabi_mem_init
 .text.memset   0x10003ba8        0xc CMakeFiles/glowbit.dir/home/john/pico/pico-sdk/src/rp2_common/pico_mem_ops/mem_ops_aeabi.S.obj
                0x10003ba8                __wrap_memset
 .text.memcpy   0x10003bb4        0xc CMakeFiles/glowbit.dir/home/john/pico/pico-sdk/src/rp2_common/pico_mem_ops/mem_ops_aeabi.S.obj
                0x10003bb4                __wrap___aeabi_memcpy
                0x10003bb4                __wrap_memcpy
 .text.stdio_out_chars_no_crlf
                0x10003bc0        0xe CMakeFiles/glowbit.dir/home/john/pico/pico-sdk/src/rp2_common/pico_stdio/stdio.c.obj
 *fill*         0x10003bce        0x2 
 .text.stdio_out_chars_crlf
                0x10003bd0       0x80 CMakeFiles/glowbit.dir/home/john/pico/pico-sdk/src/rp2_common/pico_stdio/stdio.c.obj
 .text.stdio_stack_buffer_flush
                0x10003c50       0x44 CMakeFiles/glowbit.dir/home/john/pico/pico-sdk/src/rp2_common/pico_stdio/stdio.c.obj
 .text.stdio_buffered_printer
                0x10003c94       0x20 CMakeFiles/glowbit.dir/home/john/pico/pico-sdk/src/rp2_common/pico_stdio/stdio.c.obj
 .text.update_us_since_boot
                0x10003cb4       0x24 CMakeFiles/glowbit.dir/home/john/pico/pico-sdk/src/rp2_common/pico_stdio/stdio.c.obj
 .text.get_absolute_time
                0x10003cd8       0x22 CMakeFiles/glowbit.dir/home/john/pico/pico-sdk/src/rp2_common/pico_stdio/stdio.c.obj
 *fill*         0x10003cfa        0x2 
 .text.delayed_by_ms
                0x10003cfc       0x44 CMakeFiles/glowbit.dir/home/john/pico/pico-sdk/src/rp2_common/pico_stdio/stdio.c.obj
 .text.make_timeout_time_ms
                0x10003d40       0x20 CMakeFiles/glowbit.dir/home/john/pico/pico-sdk/src/rp2_common/pico_stdio/stdio.c.obj
 .text.stdout_serialize_begin
                0x10003d60       0x20 CMakeFiles/glowbit.dir/home/john/pico/pico-sdk/src/rp2_common/pico_stdio/stdio.c.obj
                0x10003d60                stdout_serialize_begin
 .text.stdout_serialize_end
                0x10003d80       0x10 CMakeFiles/glowbit.dir/home/john/pico/pico-sdk/src/rp2_common/pico_stdio/stdio.c.obj
                0x10003d80                stdout_serialize_end
 .text.stdio_put_string
                0x10003d90       0x98 CMakeFiles/glowbit.dir/home/john/pico/pico-sdk/src/rp2_common/pico_stdio/stdio.c.obj
 .text.stdio_set_driver_enabled
                0x10003e28       0x2c CMakeFiles/glowbit.dir/home/john/pico/pico-sdk/src/rp2_common/pico_stdio/stdio.c.obj
                0x10003e28                stdio_set_driver_enabled
 .text.stdio_flush
                0x10003e54       0x20 CMakeFiles/glowbit.dir/home/john/pico/pico-sdk/src/rp2_common/pico_stdio/stdio.c.obj
                0x10003e54                stdio_flush
 .text.__wrap_puts
                0x10003e74       0x1e CMakeFiles/glowbit.dir/home/john/pico/pico-sdk/src/rp2_common/pico_stdio/stdio.c.obj
                0x10003e74                __wrap_puts
 *fill*         0x10003e92        0x2 
 .text.__wrap_vprintf
                0x10003e94       0x40 CMakeFiles/glowbit.dir/home/john/pico/pico-sdk/src/rp2_common/pico_stdio/stdio.c.obj
                0x10003e94                __wrap_vprintf
 .text.__wrap_printf
                0x10003ed4       0x18 CMakeFiles/glowbit.dir/home/john/pico/pico-sdk/src/rp2_common/pico_stdio/stdio.c.obj
                0x10003ed4                __wrap_printf
 .text.stdio_init_all
                0x10003eec        0xa CMakeFiles/glowbit.dir/home/john/pico/pico-sdk/src/rp2_common/pico_stdio/stdio.c.obj
                0x10003eec                stdio_init_all
 *fill*         0x10003ef6        0x2 
 .text.uart_putc
                0x10003ef8       0x60 CMakeFiles/glowbit.dir/home/john/pico/pico-sdk/src/rp2_common/pico_stdio_uart/stdio_uart.c.obj
 .text.uart_getc
                0x10003f58       0x24 CMakeFiles/glowbit.dir/home/john/pico/pico-sdk/src/rp2_common/pico_stdio_uart/stdio_uart.c.obj
 .text.stdio_uart_out_chars
                0x10003f7c       0x20 CMakeFiles/glowbit.dir/home/john/pico/pico-sdk/src/rp2_common/pico_stdio_uart/stdio_uart.c.obj
 .text.stdio_uart_in_chars
                0x10003f9c       0x5c CMakeFiles/glowbit.dir/home/john/pico/pico-sdk/src/rp2_common/pico_stdio_uart/stdio_uart.c.obj
                0x10003f9c                stdio_uart_in_chars
 .text.on_uart_rx
                0x10003ff8       0x28 CMakeFiles/glowbit.dir/home/john/pico/pico-sdk/src/rp2_common/pico_stdio_uart/stdio_uart.c.obj
 .text.stdio_uart_set_chars_available_callback
                0x10004020       0x8c CMakeFiles/glowbit.dir/home/john/pico/pico-sdk/src/rp2_common/pico_stdio_uart/stdio_uart.c.obj
 .text.stdio_uart_init_full
                0x100040ac       0x44 CMakeFiles/glowbit.dir/home/john/pico/pico-sdk/src/rp2_common/pico_stdio_uart/stdio_uart.c.obj
                0x100040ac                stdio_uart_init_full
 .text.stdio_uart_init
                0x100040f0       0x28 CMakeFiles/glowbit.dir/home/john/pico/pico-sdk/src/rp2_common/pico_stdio_uart/stdio_uart.c.obj
                0x100040f0                stdio_uart_init
 .text.i2c_read_blocking_internal
                0x10004118       0xe6 CMakeFiles/glowbit.dir/home/john/pico/pico-sdk/src/rp2_common/hardware_i2c/i2c.c.obj
 *fill*         0x100041fe        0x2 
 .text.i2c_set_baudrate
                0x10004200       0xf0 CMakeFiles/glowbit.dir/home/john/pico/pico-sdk/src/rp2_common/hardware_i2c/i2c.c.obj
                0x10004200                i2c_set_baudrate
 .text.i2c_init
                0x100042f0       0x58 CMakeFiles/glowbit.dir/home/john/pico/pico-sdk/src/rp2_common/hardware_i2c/i2c.c.obj
                0x100042f0                i2c_init
 .text.i2c_read_blocking
                0x10004348       0x18 CMakeFiles/glowbit.dir/home/john/pico/pico-sdk/src/rp2_common/hardware_i2c/i2c.c.obj
                0x10004348                i2c_read_blocking
 .text._retrieve_unique_id_on_boot
                0x10004360       0x10 CMakeFiles/glowbit.dir/home/john/pico/pico-sdk/src/rp2_common/pico_unique_id/unique_id.c.obj
 .text.flash_get_unique_id
                0x10004370       0x46 CMakeFiles/glowbit.dir/home/john/pico/pico-sdk/src/rp2_common/hardware_flash/flash.c.obj
                0x10004370                flash_get_unique_id
 .text.pio_get_default_sm_config
                0x100043b6       0x28 CMakeFiles/glowbit.dir/home/john/pico/pico-sdk/src/rp2_common/hardware_pio/pio.c.obj
 *fill*         0x100043de        0x2 
 .text._pio_can_add_program_at_offset
                0x100043e0       0x3c CMakeFiles/glowbit.dir/home/john/pico/pico-sdk/src/rp2_common/hardware_pio/pio.c.obj
 .text._pio_find_offset_for_program
                0x1000441c       0x7c CMakeFiles/glowbit.dir/home/john/pico/pico-sdk/src/rp2_common/hardware_pio/pio.c.obj
 .text._pio_add_program_at_offset
                0x10004498       0x7c CMakeFiles/glowbit.dir/home/john/pico/pico-sdk/src/rp2_common/hardware_pio/pio.c.obj
 .text.pio_add_program
                0x10004514       0x38 CMakeFiles/glowbit.dir/home/john/pico/pico-sdk/src/rp2_common/hardware_pio/pio.c.obj
                0x10004514                pio_add_program
 .text.pio_sm_set_consecutive_pindirs
                0x1000454c       0xa4 CMakeFiles/glowbit.dir/home/john/pico/pico-sdk/src/rp2_common/hardware_pio/pio.c.obj
                0x1000454c                pio_sm_set_consecutive_pindirs
 .text.pio_sm_init
                0x100045f0       0xb0 CMakeFiles/glowbit.dir/home/john/pico/pico-sdk/src/rp2_common/hardware_pio/pio.c.obj
                0x100045f0                pio_sm_init
 .text          0x100046a0       0x5c /usr/lib/gcc/arm-none-eabi/12.2.1/../../../arm-none-eabi/lib/thumb/v6-m/nofp/libg.a(lib_a-strlen-stub.o)
                0x100046a0                strlen
 *(.fini)
 .fini          0x100046fc        0x4 /usr/lib/gcc/arm-none-eabi/12.2.1/thumb/v6-m/nofp/crti.o
                0x100046fc                _fini
 .fini.__stub   0x10004700       0x50 linker stubs
 *crtbegin.o(.ctors)
 *crtbegin?.o(.ctors)
 *(EXCLUDE_FILE(*crtend.o *crtend?.o) .ctors)
 *(SORT_BY_NAME(.ctors.*))
 *(.ctors)
 *crtbegin.o(.dtors)
 *crtbegin?.o(.dtors)
 *(EXCLUDE_FILE(*crtend.o *crtend?.o) .dtors)
 *(SORT_BY_NAME(.dtors.*))
 *(.dtors)
 *(.eh_frame*)
 .eh_frame      0x10004750        0x0 /usr/lib/gcc/arm-none-eabi/12.2.1/thumb/v6-m/nofp/crtbegin.o
                0x10004750                        . = ALIGN (0x4)

.glue_7         0x10004750        0x0
 .glue_7        0x10004750        0x0 linker stubs

.glue_7t        0x10004750        0x0
 .glue_7t       0x10004750        0x0 linker stubs

.vfp11_veneer   0x10004750        0x0
 .vfp11_veneer  0x10004750        0x0 linker stubs

.v4_bx          0x10004750        0x0
 .v4_bx         0x10004750        0x0 linker stubs

.iplt           0x10004750        0x0
 .iplt          0x10004750        0x0 /usr/lib/gcc/arm-none-eabi/12.2.1/thumb/v6-m/nofp/crtbegin.o

.rodata         0x10004750     0x1104
 *(EXCLUDE_FILE(*libm.a: *libc.a:*lib_a-mem*.o *libgcc.a:) .rodata*)
 .rodata.main.str1.4
                0x10004750       0x17 CMakeFiles/glowbit.dir/glowbit.c.obj
 *fill*         0x10004767        0x1 
 .rodata.ws2812_program
                0x10004768        0x6 CMakeFiles/glowbit.dir/glowbit.c.obj
 *fill*         0x1000476e        0x2 
 .rodata.ws2812_program_instructions
                0x10004770        0x8 CMakeFiles/glowbit.dir/glowbit.c.obj
 .rodata.bus_scan.str1.4
                0x10004778       0x7e CMakeFiles/glowbit.dir/bus_scan.c.obj
                                 0x82 (size before relaxing)
 *fill*         0x100047f6        0x2 
 .rodata.__bi_50.0
                0x100047f8        0x8 CMakeFiles/glowbit.dir/bus_scan.c.obj
 .rodata.resolve_branch.str1.4
                0x10004800       0x53 CMakeFiles/glowbit.dir/home/john/pico/pico-sdk/src/rp2_common/hardware_irq/irq.c.obj
 *fill*         0x10004853        0x1 
 .rodata.make_branch.str1.4
                0x10004854       0x30 CMakeFiles/glowbit.dir/home/john/pico/pico-sdk/src/rp2_common/hardware_irq/irq.c.obj
 .rodata.insert_branch_and_link.str1.4
                0x10004884       0x10 CMakeFiles/glowbit.dir/home/john/pico/pico-sdk/src/rp2_common/hardware_irq/irq.c.obj
 .rodata.irq_set_exclusive_handler.str1.4
                0x10004894       0x36 CMakeFiles/glowbit.dir/home/john/pico/pico-sdk/src/rp2_common/hardware_irq/irq.c.obj
 *fill*         0x100048ca        0x2 
 .rodata.irq_remove_handler.str1.4
                0x100048cc       0x3a CMakeFiles/glowbit.dir/home/john/pico/pico-sdk/src/rp2_common/hardware_irq/irq.c.obj
 *fill*         0x10004906        0x2 
 .rodata.irq_add_tail_to_free_list.str1.4
                0x10004908       0x3a CMakeFiles/glowbit.dir/home/john/pico/pico-sdk/src/rp2_common/hardware_irq/irq.c.obj
 *fill*         0x10004942        0x2 
 .rodata.__func__.0
                0x10004944       0x1a CMakeFiles/glowbit.dir/home/john/pico/pico-sdk/src/rp2_common/hardware_irq/irq.c.obj
 *fill*         0x1000495e        0x2 
 .rodata.__func__.1
                0x10004960       0x17 CMakeFiles/glowbit.dir/home/john/pico/pico-sdk/src/rp2_common/hardware_irq/irq.c.obj
 *fill*         0x10004977        0x1 
 .rodata.__func__.2
                0x10004978       0x13 CMakeFiles/glowbit.dir/home/john/pico/pico-sdk/src/rp2_common/hardware_irq/irq.c.obj
 *fill*         0x1000498b        0x1 
 .rodata.__func__.3
                0x1000498c        0xc CMakeFiles/glowbit.dir/home/john/pico/pico-sdk/src/rp2_common/hardware_irq/irq.c.obj
 .rodata.__func__.4
                0x10004998        0xf CMakeFiles/glowbit.dir/home/john/pico/pico-sdk/src/rp2_common/hardware_irq/irq.c.obj
 *fill*         0x100049a7        0x1 
 .rodata.__func__.6
                0x100049a8       0x1a CMakeFiles/glowbit.dir/home/john/pico/pico-sdk/src/rp2_common/hardware_irq/irq.c.obj
 *fill*         0x100049c2        0x2 
 .rodata.str1.4
                0x100049c4       0x89 CMakeFiles/glowbit.dir/home/john/pico/pico-sdk/src/common/pico_sync/mutex.c.obj
 *fill*         0x10004a4d        0x3 
 .rodata.__func__.1
                0x10004a50        0xb CMakeFiles/glowbit.dir/home/john/pico/pico-sdk/src/common/pico_sync/mutex.c.obj
 *fill*         0x10004a5b        0x1 
 .rodata.__func__.3
                0x10004a5c       0x18 CMakeFiles/glowbit.dir/home/john/pico/pico-sdk/src/common/pico_sync/mutex.c.obj
 .rodata.get_entry.str1.4
                0x10004a74       0x59 CMakeFiles/glowbit.dir/home/john/pico/pico-sdk/src/common/pico_time/time.c.obj
 *fill*         0x10004acd        0x3 
 .rodata.update_us_since_boot.str1.4
                0x10004ad0       0x5f CMakeFiles/glowbit.dir/home/john/pico/pico-sdk/src/common/pico_time/time.c.obj
 *fill*         0x10004b2f        0x1 
 .rodata.ph_get_node.str1.4
                0x10004b30       0x64 CMakeFiles/glowbit.dir/home/john/pico/pico-sdk/src/common/pico_time/time.c.obj
 .rodata.ph_add_child_node.str1.4
                0x10004b94       0x2e CMakeFiles/glowbit.dir/home/john/pico/pico-sdk/src/common/pico_time/time.c.obj
 *fill*         0x10004bc2        0x2 
 .rodata.ph_insert_node.str1.4
                0x10004bc4        0x3 CMakeFiles/glowbit.dir/home/john/pico/pico-sdk/src/common/pico_time/time.c.obj
 *fill*         0x10004bc7        0x1 
 .rodata.ph_free_node.str1.4
                0x10004bc8       0x38 CMakeFiles/glowbit.dir/home/john/pico/pico-sdk/src/common/pico_time/time.c.obj
 .rodata.add_alarm_under_lock.str1.4
                0x10004c00       0x28 CMakeFiles/glowbit.dir/home/john/pico/pico-sdk/src/common/pico_time/time.c.obj
 .rodata.alarm_pool_alarm_callback.str1.4
                0x10004c28       0x60 CMakeFiles/glowbit.dir/home/john/pico/pico-sdk/src/common/pico_time/time.c.obj
 .rodata.alarm_pool_get_default.str1.4
                0x10004c88       0x21 CMakeFiles/glowbit.dir/home/john/pico/pico-sdk/src/common/pico_time/time.c.obj
 *fill*         0x10004ca9        0x3 
 .rodata.alarm_pool_cancel_alarm.str1.4
                0x10004cac       0x27 CMakeFiles/glowbit.dir/home/john/pico/pico-sdk/src/common/pico_time/time.c.obj
 *fill*         0x10004cd3        0x1 
 .rodata.__func__.1
                0x10004cd4       0x18 CMakeFiles/glowbit.dir/home/john/pico/pico-sdk/src/common/pico_time/time.c.obj
 .rodata.__func__.3
                0x10004cec       0x17 CMakeFiles/glowbit.dir/home/john/pico/pico-sdk/src/common/pico_time/time.c.obj
 *fill*         0x10004d03        0x1 
 .rodata.__func__.4
                0x10004d04       0x12 CMakeFiles/glowbit.dir/home/john/pico/pico-sdk/src/common/pico_time/time.c.obj
 *fill*         0x10004d16        0x2 
 .rodata.__func__.5
                0x10004d18        0xd CMakeFiles/glowbit.dir/home/john/pico/pico-sdk/src/common/pico_time/time.c.obj
 *fill*         0x10004d25        0x3 
 .rodata.__func__.6
                0x10004d28       0x12 CMakeFiles/glowbit.dir/home/john/pico/pico-sdk/src/common/pico_time/time.c.obj
 *fill*         0x10004d3a        0x2 
 .rodata.__func__.7
                0x10004d3c        0xf CMakeFiles/glowbit.dir/home/john/pico/pico-sdk/src/common/pico_time/time.c.obj
 *fill*         0x10004d4b        0x1 
 .rodata.__func__.8
                0x10004d4c        0xc CMakeFiles/glowbit.dir/home/john/pico/pico-sdk/src/common/pico_time/time.c.obj
 .rodata.__func__.9
                0x10004d58       0x15 CMakeFiles/glowbit.dir/home/john/pico/pico-sdk/src/common/pico_time/time.c.obj
 *fill*         0x10004d6d        0x3 
 .rodata.__func__.10
                0x10004d70       0x15 CMakeFiles/glowbit.dir/home/john/pico/pico-sdk/src/common/pico_time/time.c.obj
 *fill*         0x10004d85        0x3 
 .rodata.__func__.11
                0x10004d88       0x1a CMakeFiles/glowbit.dir/home/john/pico/pico-sdk/src/common/pico_time/time.c.obj
 *fill*         0x10004da2        0x2 
 .rodata.__func__.12
                0x10004da4        0xa CMakeFiles/glowbit.dir/home/john/pico/pico-sdk/src/common/pico_time/time.c.obj
 .rodata.update_us_since_boot.str1.4
                0x10004dae       0x5f CMakeFiles/glowbit.dir/home/john/pico/pico-sdk/src/rp2_common/hardware_timer/timer.c.obj
 *fill*         0x10004dae        0x2 
 .rodata.hardware_alarm_claim.str1.4
                0x10004db0       0x22 CMakeFiles/glowbit.dir/home/john/pico/pico-sdk/src/rp2_common/hardware_timer/timer.c.obj
 *fill*         0x10004dd2        0x2 
 .rodata.hardware_alarm_set_target.str1.4
                0x10004dd4       0x63 CMakeFiles/glowbit.dir/home/john/pico/pico-sdk/src/rp2_common/hardware_timer/timer.c.obj
 *fill*         0x10004e37        0x1 
 .rodata.__func__.0
                0x10004e38       0x1a CMakeFiles/glowbit.dir/home/john/pico/pico-sdk/src/rp2_common/hardware_timer/timer.c.obj
 *fill*         0x10004e52        0x2 
 .rodata.__func__.1
                0x10004e54       0x15 CMakeFiles/glowbit.dir/home/john/pico/pico-sdk/src/rp2_common/hardware_timer/timer.c.obj
 .rodata.ph_get_node.str1.4
                0x10004e69       0x64 CMakeFiles/glowbit.dir/home/john/pico/pico-sdk/src/common/pico_util/pheap.c.obj
 .rodata.ph_add_child_node.str1.4
                0x10004e69       0x2e CMakeFiles/glowbit.dir/home/john/pico/pico-sdk/src/common/pico_util/pheap.c.obj
 *fill*         0x10004e69        0x3 
 .rodata.ph_remove_any_head.str1.4
                0x10004e6c       0x8c CMakeFiles/glowbit.dir/home/john/pico/pico-sdk/src/common/pico_util/pheap.c.obj
                                 0xa0 (size before relaxing)
 .rodata.ph_remove_and_free_node.str1.4
                0x10004ef8       0x1e CMakeFiles/glowbit.dir/home/john/pico/pico-sdk/src/common/pico_util/pheap.c.obj
                                 0x26 (size before relaxing)
 *fill*         0x10004f16        0x2 
 .rodata.__func__.0
                0x10004f18       0x18 CMakeFiles/glowbit.dir/home/john/pico/pico-sdk/src/common/pico_util/pheap.c.obj
 .rodata.__func__.1
                0x10004f30       0x13 CMakeFiles/glowbit.dir/home/john/pico/pico-sdk/src/common/pico_util/pheap.c.obj
 *fill*         0x10004f43        0x1 
 .rodata.__func__.2
                0x10004f44       0x12 CMakeFiles/glowbit.dir/home/john/pico/pico-sdk/src/common/pico_util/pheap.c.obj
 *fill*         0x10004f56        0x2 
 .rodata.__func__.3
                0x10004f58        0xc CMakeFiles/glowbit.dir/home/john/pico/pico-sdk/src/common/pico_util/pheap.c.obj
 .rodata.clock_configure.str1.4
                0x10004f64       0x55 CMakeFiles/glowbit.dir/home/john/pico/pico-sdk/src/rp2_common/hardware_clocks/clocks.c.obj
 *fill*         0x10004fb9        0x3 
 .rodata.__func__.1
                0x10004fbc       0x10 CMakeFiles/glowbit.dir/home/john/pico/pico-sdk/src/rp2_common/hardware_clocks/clocks.c.obj
 .rodata.pll_init.str1.4
                0x10004fcc      0x120 CMakeFiles/glowbit.dir/home/john/pico/pico-sdk/src/rp2_common/hardware_pll/pll.c.obj
 .rodata.__func__.0
                0x100050ec        0x9 CMakeFiles/glowbit.dir/home/john/pico/pico-sdk/src/rp2_common/hardware_pll/pll.c.obj
 *fill*         0x100050f5        0x3 
 .rodata.__assert_func.str1.4
                0x100050f8       0x3f CMakeFiles/glowbit.dir/home/john/pico/pico-sdk/src/rp2_common/pico_runtime/runtime.c.obj
                                 0x43 (size before relaxing)
 *fill*         0x10005137        0x1 
 .rodata.runtime_init.str1.4
                0x10005138       0x5f CMakeFiles/glowbit.dir/home/john/pico/pico-sdk/src/rp2_common/pico_runtime/runtime.c.obj
 *fill*         0x10005197        0x1 
 .rodata.panic.str1.4
                0x10005198       0x10 CMakeFiles/glowbit.dir/home/john/pico/pico-sdk/src/rp2_common/pico_runtime/runtime.c.obj
                                 0x12 (size before relaxing)
 .rodata.__func__.2
                0x100051a8        0xd CMakeFiles/glowbit.dir/home/john/pico/pico-sdk/src/rp2_common/pico_runtime/runtime.c.obj
 *fill*         0x100051b5        0x3 
 .rodata._ftoa.str1.4
                0x100051b8       0x15 CMakeFiles/glowbit.dir/home/john/pico/pico-sdk/src/rp2_common/pico_printf/printf.c.obj
 *fill*         0x100051cd        0x3 
 .rodata._vsnprintf
                0x100051d0      0x19c CMakeFiles/glowbit.dir/home/john/pico/pico-sdk/src/rp2_common/pico_printf/printf.c.obj
 *fill*         0x1000536c        0x4 
 .rodata.pow10.0
                0x10005370       0x50 CMakeFiles/glowbit.dir/home/john/pico/pico-sdk/src/rp2_common/pico_printf/printf.c.obj
 .rodata.missing_double_func_shim.str1.4
                0x100053c0       0x18 CMakeFiles/glowbit.dir/home/john/pico/pico-sdk/src/rp2_common/pico_double/double_init_rom.c.obj
 .rodata.__aeabi_double_init.str1.4
                0x100053d8       0x9a CMakeFiles/glowbit.dir/home/john/pico/pico-sdk/src/rp2_common/pico_double/double_init_rom.c.obj
 *fill*         0x10005472        0x2 
 .rodata.__func__.0
                0x10005474       0x14 CMakeFiles/glowbit.dir/home/john/pico/pico-sdk/src/rp2_common/pico_double/double_init_rom.c.obj
 .rodata.missing_float_func_shim.str1.4
                0x10005488        0x1 CMakeFiles/glowbit.dir/home/john/pico/pico-sdk/src/rp2_common/pico_float/float_init_rom.c.obj
 .rodata.__aeabi_float_init.str1.4
                0x10005488       0x78 CMakeFiles/glowbit.dir/home/john/pico/pico-sdk/src/rp2_common/pico_float/float_init_rom.c.obj
 .rodata.__func__.0
                0x10005500       0x13 CMakeFiles/glowbit.dir/home/john/pico/pico-sdk/src/rp2_common/pico_float/float_init_rom.c.obj
 *fill*         0x10005513        0x1 
 .rodata.str1.4
                0x10005514       0x40 CMakeFiles/glowbit.dir/home/john/pico/pico-sdk/src/rp2_common/pico_standard_link/binary_info.c.obj
 .rodata.__bi_81
                0x10005554        0xc CMakeFiles/glowbit.dir/home/john/pico/pico-sdk/src/rp2_common/pico_standard_link/binary_info.c.obj
 .rodata.__bi_75
                0x10005560        0xc CMakeFiles/glowbit.dir/home/john/pico/pico-sdk/src/rp2_common/pico_standard_link/binary_info.c.obj
 .rodata.__bi_56
                0x1000556c        0xc CMakeFiles/glowbit.dir/home/john/pico/pico-sdk/src/rp2_common/pico_standard_link/binary_info.c.obj
 .rodata.__bi_44
                0x10005578        0xc CMakeFiles/glowbit.dir/home/john/pico/pico-sdk/src/rp2_common/pico_standard_link/binary_info.c.obj
 .rodata.update_us_since_boot.str1.4
                0x10005584       0x5f CMakeFiles/glowbit.dir/home/john/pico/pico-sdk/src/rp2_common/pico_stdio/stdio.c.obj
 .rodata.crlf_str.2
                0x10005584        0x2 CMakeFiles/glowbit.dir/home/john/pico/pico-sdk/src/rp2_common/pico_stdio/stdio.c.obj
 *fill*         0x10005586        0x2 
 .rodata.__func__.3
                0x10005588       0x15 CMakeFiles/glowbit.dir/home/john/pico/pico-sdk/src/rp2_common/pico_stdio/stdio.c.obj
 *fill*         0x1000559d        0x3 
 .rodata.str1.4
                0x100055a0       0x2c CMakeFiles/glowbit.dir/home/john/pico/pico-sdk/src/rp2_common/pico_stdio_uart/stdio_uart.c.obj
 .rodata.__bi_33.4
                0x100055cc        0xc CMakeFiles/glowbit.dir/home/john/pico/pico-sdk/src/rp2_common/pico_stdio_uart/stdio_uart.c.obj
 .rodata.__bi_34.5
                0x100055d8        0x8 CMakeFiles/glowbit.dir/home/john/pico/pico-sdk/src/rp2_common/pico_stdio_uart/stdio_uart.c.obj
 .rodata.i2c_set_baudrate.str1.4
                0x100055e0       0x5b CMakeFiles/glowbit.dir/home/john/pico/pico-sdk/src/rp2_common/hardware_i2c/i2c.c.obj
 *fill*         0x1000563b        0x1 
 .rodata.__func__.0
                0x1000563c       0x11 CMakeFiles/glowbit.dir/home/john/pico/pico-sdk/src/rp2_common/hardware_i2c/i2c.c.obj
 *fill*         0x1000564d        0x3 
 .rodata.str1.4
                0x10005650      0x156 CMakeFiles/glowbit.dir/home/john/pico/pico-sdk/src/rp2_common/hardware_flash/flash.c.obj
 *fill*         0x100057a6        0x2 
 .rodata.__func__.0
                0x100057a8        0xd CMakeFiles/glowbit.dir/home/john/pico/pico-sdk/src/rp2_common/hardware_flash/flash.c.obj
 *fill*         0x100057b5        0x3 
 .rodata._pio_find_offset_for_program.str1.4
                0x100057b8       0x67 CMakeFiles/glowbit.dir/home/john/pico/pico-sdk/src/rp2_common/hardware_pio/pio.c.obj
 *fill*         0x1000581f        0x1 
 .rodata._pio_add_program_at_offset.str1.4
                0x10005820       0x11 CMakeFiles/glowbit.dir/home/john/pico/pico-sdk/src/rp2_common/hardware_pio/pio.c.obj
 *fill*         0x10005831        0x3 
 .rodata.__func__.1
                0x10005834       0x1d CMakeFiles/glowbit.dir/home/john/pico/pico-sdk/src/rp2_common/hardware_pio/pio.c.obj
                0x10005854                        . = ALIGN (0x4)
 *fill*         0x10005851        0x3 
 *(SORT_BY_ALIGNMENT(SORT_BY_NAME(.flashdata*)))
                0x10005854                        . = ALIGN (0x4)

.ARM.extab
 *(.ARM.extab* .gnu.linkonce.armextab.*)
                0x10005854                        __exidx_start = .

.ARM.exidx
 *(.ARM.exidx* .gnu.linkonce.armexidx.*)
                0x10005854                        __exidx_end = .
                0x10005854                        . = ALIGN (0x4)
                0x10005854                        __binary_info_start = .

.binary_info    0x10005854       0x2c
 *(.binary_info.keep.*)
 .binary_info.keep.__bi_ptr50
                0x10005854        0x4 CMakeFiles/glowbit.dir/bus_scan.c.obj
 .binary_info.keep.__bi_ptr81
                0x10005858        0x4 CMakeFiles/glowbit.dir/home/john/pico/pico-sdk/src/rp2_common/pico_standard_link/binary_info.c.obj
 .binary_info.keep.__bi_ptr75
                0x1000585c        0x4 CMakeFiles/glowbit.dir/home/john/pico/pico-sdk/src/rp2_common/pico_standard_link/binary_info.c.obj
 .binary_info.keep.__bi_ptr56
                0x10005860        0x4 CMakeFiles/glowbit.dir/home/john/pico/pico-sdk/src/rp2_common/pico_standard_link/binary_info.c.obj
 .binary_info.keep.__bi_ptr50
                0x10005864        0x4 CMakeFiles/glowbit.dir/home/john/pico/pico-sdk/src/rp2_common/pico_standard_link/binary_info.c.obj
 .binary_info.keep.__bi_ptr44
                0x10005868        0x4 CMakeFiles/glowbit.dir/home/john/pico/pico-sdk/src/rp2_common/pico_standard_link/binary_info.c.obj
 .binary_info.keep.__bi_ptr38
                0x1000586c        0x4 CMakeFiles/glowbit.dir/home/john/pico/pico-sdk/src/rp2_common/pico_standard_link/binary_info.c.obj
 .binary_info.keep.__bi_ptr30
                0x10005870        0x4 CMakeFiles/glowbit.dir/home/john/pico/pico-sdk/src/rp2_common/pico_standard_link/binary_info.c.obj
 .binary_info.keep.__bi_ptr22
                0x10005874        0x4 CMakeFiles/glowbit.dir/home/john/pico/pico-sdk/src/rp2_common/pico_standard_link/binary_info.c.obj
 *(.binary_info.*)
 .binary_info.__bi_ptr34
                0x10005878        0x4 CMakeFiles/glowbit.dir/home/john/pico/pico-sdk/src/rp2_common/pico_stdio_uart/stdio_uart.c.obj
 .binary_info.__bi_ptr33
                0x1000587c        0x4 CMakeFiles/glowbit.dir/home/john/pico/pico-sdk/src/rp2_common/pico_stdio_uart/stdio_uart.c.obj
                0x10005880                        __binary_info_end = .

.rel.dyn        0x10005880        0x0
 .rel.iplt      0x10005880        0x0 /usr/lib/gcc/arm-none-eabi/12.2.1/thumb/v6-m/nofp/crtbegin.o
                0x10005880                        . = ALIGN (0x4)

.ram_vector_table
                0x20000000       0xc0
 *(.ram_vector_table)
 .ram_vector_table
                0x20000000       0xc0 CMakeFiles/glowbit.dir/home/john/pico/pico-sdk/src/rp2_common/pico_runtime/runtime.c.obj
                0x20000000                ram_vector_table

.data           0x200000c0      0x390 load address 0x10005880
                0x200000c0                        __data_start__ = .
 *(vtable)
 *(.time_critical*)
 .time_critical.mutex_try_enter
                0x200000c0       0x46 CMakeFiles/glowbit.dir/home/john/pico/pico-sdk/src/common/pico_sync/mutex.c.obj
                0x200000c0                mutex_try_enter
 *fill*         0x20000106        0x2 
 .time_critical.mutex_enter_block_until
                0x20000108       0x8c CMakeFiles/glowbit.dir/home/john/pico/pico-sdk/src/common/pico_sync/mutex.c.obj
                0x20000108                mutex_enter_block_until
 .time_critical.mutex_try_enter_block_until
                0x20000194       0x34 CMakeFiles/glowbit.dir/home/john/pico/pico-sdk/src/common/pico_sync/mutex.c.obj
                0x20000194                mutex_try_enter_block_until
 .time_critical.mutex_exit
                0x200001c8       0x4c CMakeFiles/glowbit.dir/home/john/pico/pico-sdk/src/common/pico_sync/mutex.c.obj
                0x200001c8                mutex_exit
 .time_critical.flash_init_boot2_copyout
                0x20000214       0x30 CMakeFiles/glowbit.dir/home/john/pico/pico-sdk/src/rp2_common/hardware_flash/flash.c.obj
 .time_critical.flash_enable_xip_via_boot2
                0x20000244        0xc CMakeFiles/glowbit.dir/home/john/pico/pico-sdk/src/rp2_common/hardware_flash/flash.c.obj
 .time_critical.flash_cs_force
                0x20000250       0x28 CMakeFiles/glowbit.dir/home/john/pico/pico-sdk/src/rp2_common/hardware_flash/flash.c.obj
 .time_critical.flash_do_cmd
                0x20000278       0xd8 CMakeFiles/glowbit.dir/home/john/pico/pico-sdk/src/rp2_common/hardware_flash/flash.c.obj
                0x20000278                flash_do_cmd
 *(.text*)
 .text          0x20000350        0x4 /usr/lib/gcc/arm-none-eabi/12.2.1/thumb/v6-m/nofp/libgcc.a(_dvmd_tls.o)
                0x20000350                __aeabi_ldiv0
                0x20000350                __aeabi_idiv0
 *fill*         0x20000354        0x4 
 .text.__stub   0x20000358       0x20 linker stubs
                0x20000378                        . = ALIGN (0x4)
 *(.rodata*)
                0x20000378                        . = ALIGN (0x4)
 *(.data*)
 .data.striped_spin_lock_num
                0x20000378        0x1 CMakeFiles/glowbit.dir/home/john/pico/pico-sdk/src/rp2_common/hardware_sync/sync.c.obj
 *fill*         0x20000379        0x3 
 .data          0x2000037c       0x48 CMakeFiles/glowbit.dir/home/john/pico/pico-sdk/src/rp2_common/hardware_irq/irq_handler_chain.S.obj
                0x2000037c                irq_handler_chain_slots
                0x200003ac                irq_handler_chain_first_slot
                0x200003b6                irq_handler_chain_remove_tail
 .data.default_alarm_pool
                0x200003c4       0x18 CMakeFiles/glowbit.dir/home/john/pico/pico-sdk/src/common/pico_time/time.c.obj
 .data.default_alarm_pool_heap
                0x200003dc       0x10 CMakeFiles/glowbit.dir/home/john/pico/pico-sdk/src/common/pico_time/time.c.obj
 *fill*         0x200003ec        0x4 
 .data.aeabi_bits_funcs
                0x200003f0       0x10 CMakeFiles/glowbit.dir/home/john/pico/pico-sdk/src/rp2_common/pico_bit_ops/bit_ops_aeabi.S.obj
                0x200003f0                aeabi_bits_funcs
                0x20000400                aeabi_bits_funcs_end
 .data.aeabi_mem_funcs
                0x20000400       0x10 CMakeFiles/glowbit.dir/home/john/pico/pico-sdk/src/rp2_common/pico_mem_ops/mem_ops_aeabi.S.obj
                0x20000400                aeabi_mem_funcs
                0x20000410                aeabi_mem_funcs_end
 .data.stdio_uart
                0x20000410       0x18 CMakeFiles/glowbit.dir/home/john/pico/pico-sdk/src/rp2_common/pico_stdio_uart/stdio_uart.c.obj
                0x20000410                stdio_uart
 .data.i2c0_inst
                0x20000428        0x8 CMakeFiles/glowbit.dir/home/john/pico/pico-sdk/src/rp2_common/hardware_i2c/i2c.c.obj
                0x20000428                i2c0_inst
                0x20000430                        . = ALIGN (0x4)
 *(.after_data.*)
                0x20000430                        . = ALIGN (0x4)
                0x20000430                        PROVIDE (__mutex_array_start = .)
 *(SORT_BY_NAME(.mutex_array.*))
 *(.mutex_array)
 .mutex_array   0x20000430        0x8 CMakeFiles/glowbit.dir/home/john/pico/pico-sdk/src/rp2_common/pico_stdio/stdio.c.obj
                0x20000438                        PROVIDE (__mutex_array_end = .)
                0x20000438                        . = ALIGN (0x4)
                0x20000438                        PROVIDE (__preinit_array_start = .)
 *(SORT_BY_NAME(.preinit_array.*))
 .preinit_array.00001
                0x20000438        0x4 CMakeFiles/glowbit.dir/home/john/pico/pico-sdk/src/rp2_common/pico_mem_ops/mem_ops_aeabi.S.obj
 .preinit_array.00010
                0x2000043c        0x4 CMakeFiles/glowbit.dir/home/john/pico/pico-sdk/src/rp2_common/pico_bit_ops/bit_ops_aeabi.S.obj
 .preinit_array.00020
                0x20000440        0x4 CMakeFiles/glowbit.dir/home/john/pico/pico-sdk/src/rp2_common/pico_double/double_aeabi.S.obj
 .preinit_array.00020
                0x20000444        0x4 CMakeFiles/glowbit.dir/home/john/pico/pico-sdk/src/rp2_common/pico_float/float_aeabi.S.obj
 *(.preinit_array)
                0x20000448                        PROVIDE (__preinit_array_end = .)
                0x20000448                        . = ALIGN (0x4)
                0x20000448                        PROVIDE (__init_array_start = .)
 *(SORT_BY_NAME(.init_array.*))
 *(.init_array)
 .init_array    0x20000448        0x4 /usr/lib/gcc/arm-none-eabi/12.2.1/thumb/v6-m/nofp/crtbegin.o
 .init_array    0x2000044c        0x4 CMakeFiles/glowbit.dir/home/john/pico/pico-sdk/src/rp2_common/pico_unique_id/unique_id.c.obj
                0x20000450                        PROVIDE (__init_array_end = .)
                0x20000450                        . = ALIGN (0x4)
                0x20000450                        PROVIDE (__fini_array_start = .)
 *(SORT_BY_NAME(.fini_array.*))
 *(.fini_array)
                0x20000450                        PROVIDE (__fini_array_end = .)
 *(.jcr)
                0x20000450                        . = ALIGN (0x4)
                0x20000450                        __data_end__ = .
                0x10005880                        __etext = LOADADDR (.data)

.tm_clone_table
                0x20000450        0x0 load address 0x10005c10
 .tm_clone_table
                0x20000450        0x0 /usr/lib/gcc/arm-none-eabi/12.2.1/thumb/v6-m/nofp/crtbegin.o
 .tm_clone_table
                0x20000450        0x0 /usr/lib/gcc/arm-none-eabi/12.2.1/thumb/v6-m/nofp/crtend.o

.igot.plt       0x20000450        0x0 load address 0x10005c10
 .igot.plt      0x20000450        0x0 /usr/lib/gcc/arm-none-eabi/12.2.1/thumb/v6-m/nofp/crtbegin.o

.uninitialized_data
                0x20000450        0x0 load address 0x10005c10
                0x20000450                        . = ALIGN (0x4)
 *(.uninitialized_data*)

.scratch_x      0x20040000        0x0 load address 0x10005c10
                0x20040000                        __scratch_x_start__ = .
 *(.scratch_x.*)
                0x20040000                        . = ALIGN (0x4)
                0x20040000                        __scratch_x_end__ = .
                0x10005c10                        __scratch_x_source__ = LOADADDR (.scratch_x)

.scratch_y      0x20041000        0x0 load address 0x10005c10
                0x20041000                        __scratch_y_start__ = .
 *(.scratch_y.*)
                0x20041000                        . = ALIGN (0x4)
                0x20041000                        __scratch_y_end__ = .
                0x10005c10                        __scratch_y_source__ = LOADADDR (.scratch_y)

.bss            0x20000450      0x4e8
                0x20000450                        . = ALIGN (0x4)
                0x20000450                        __bss_start__ = .
 *(SORT_BY_ALIGNMENT(SORT_BY_NAME(.bss*)))
 .bss.default_alarm_pool_entries
                0x20000450      0x100 CMakeFiles/glowbit.dir/home/john/pico/pico-sdk/src/common/pico_time/time.c.obj
 .bss           0x20000550       0x1c /usr/lib/gcc/arm-none-eabi/12.2.1/thumb/v6-m/nofp/crtbegin.o
 .bss._used_instruction_space
                0x2000056c        0x8 CMakeFiles/glowbit.dir/home/john/pico/pico-sdk/src/rp2_common/hardware_pio/pio.c.obj
 .bss.alarm_callbacks
                0x20000574       0x10 CMakeFiles/glowbit.dir/home/john/pico/pico-sdk/src/rp2_common/hardware_timer/timer.c.obj
 .bss.boot2_copyout
                0x20000584      0x100 CMakeFiles/glowbit.dir/home/john/pico/pico-sdk/src/rp2_common/hardware_flash/flash.c.obj
 .bss.chars_available_callback
                0x20000684        0x4 CMakeFiles/glowbit.dir/home/john/pico/pico-sdk/src/rp2_common/pico_stdio_uart/stdio_uart.c.obj
 .bss.chars_available_param
                0x20000688        0x4 CMakeFiles/glowbit.dir/home/john/pico/pico-sdk/src/rp2_common/pico_stdio_uart/stdio_uart.c.obj
 .bss.configured_freq
                0x2000068c       0x28 CMakeFiles/glowbit.dir/home/john/pico/pico-sdk/src/rp2_common/hardware_clocks/clocks.c.obj
 .bss.default_alarm_pool_entry_ids_high
                0x200006b4       0x10 CMakeFiles/glowbit.dir/home/john/pico/pico-sdk/src/common/pico_time/time.c.obj
 .bss.default_alarm_pool_heap_nodes
                0x200006c4       0x30 CMakeFiles/glowbit.dir/home/john/pico/pico-sdk/src/common/pico_time/time.c.obj
 .bss.drivers   0x200006f4        0x4 CMakeFiles/glowbit.dir/home/john/pico/pico-sdk/src/rp2_common/pico_stdio/stdio.c.obj
 .bss.filter    0x200006f8        0x4 CMakeFiles/glowbit.dir/home/john/pico/pico-sdk/src/rp2_common/pico_stdio/stdio.c.obj
 .bss.pools     0x200006fc       0x10 CMakeFiles/glowbit.dir/home/john/pico/pico-sdk/src/common/pico_time/time.c.obj
 .bss.retrieved_id
                0x2000070c        0x8 CMakeFiles/glowbit.dir/home/john/pico/pico-sdk/src/rp2_common/pico_unique_id/unique_id.c.obj
 .bss.sd_table  0x20000714      0x100 CMakeFiles/glowbit.dir/home/john/pico/pico-sdk/src/rp2_common/pico_double/double_init_rom.c.obj
                0x20000714                sd_table
 .bss.sf_clz_func
                0x20000814        0x4 CMakeFiles/glowbit.dir/home/john/pico/pico-sdk/src/rp2_common/pico_double/double_init_rom.c.obj
                0x20000814                sf_clz_func
 .bss.sf_table  0x20000818      0x100 CMakeFiles/glowbit.dir/home/john/pico/pico-sdk/src/rp2_common/pico_float/float_init_rom.c.obj
                0x20000818                sf_table
 .bss.sleep_notifier
                0x20000918        0x4 CMakeFiles/glowbit.dir/home/john/pico/pico-sdk/src/common/pico_time/time.c.obj
 .bss.target_hi
                0x2000091c       0x10 CMakeFiles/glowbit.dir/home/john/pico/pico-sdk/src/rp2_common/hardware_timer/timer.c.obj
 .bss.uart_char_to_line_feed
                0x2000092c        0x4 CMakeFiles/glowbit.dir/home/john/pico/pico-sdk/src/rp2_common/hardware_uart/uart.c.obj
                0x2000092c                uart_char_to_line_feed
 .bss.uart_instance
                0x20000930        0x4 CMakeFiles/glowbit.dir/home/john/pico/pico-sdk/src/rp2_common/pico_stdio_uart/stdio_uart.c.obj
 .bss.boot2_copyout_valid
                0x20000934        0x1 CMakeFiles/glowbit.dir/home/john/pico/pico-sdk/src/rp2_common/hardware_flash/flash.c.obj
 .bss.claimed   0x20000935        0x1 CMakeFiles/glowbit.dir/home/john/pico/pico-sdk/src/rp2_common/hardware_timer/timer.c.obj
 .bss.irq_hander_chain_free_slot_head
                0x20000936        0x1 CMakeFiles/glowbit.dir/home/john/pico/pico-sdk/src/rp2_common/hardware_irq/irq.c.obj
 .bss.timer_callbacks_pending
                0x20000937        0x1 CMakeFiles/glowbit.dir/home/john/pico/pico-sdk/src/rp2_common/hardware_timer/timer.c.obj
 *(COMMON)
                0x20000938                        . = ALIGN (0x4)
                0x20000938                        __bss_end__ = .

.heap           0x20000938      0x800
                0x20000938                        __end__ = .
                0x20000938                        end = __end__
 *(.heap*)
 .heap          0x20000938      0x800 CMakeFiles/glowbit.dir/home/john/pico/pico-sdk/src/rp2_common/pico_standard_link/crt0.S.obj
                0x20001138                        __HeapLimit = .

.stack1_dummy
 *(.stack1*)

.stack_dummy    0x20041000      0x800
 *(.stack*)
 .stack         0x20041000      0x800 CMakeFiles/glowbit.dir/home/john/pico/pico-sdk/src/rp2_common/pico_standard_link/crt0.S.obj

.flash_end      0x10005c10        0x0
                0x10005c10                        PROVIDE (__flash_binary_end = .)
                0x20040000                        __StackLimit = (ORIGIN (RAM) + LENGTH (RAM))
                0x20041000                        __StackOneTop = (ORIGIN (SCRATCH_X) + LENGTH (SCRATCH_X))
                0x20042000                        __StackTop = (ORIGIN (SCRATCH_Y) + LENGTH (SCRATCH_Y))
                0x20041000                        __StackOneBottom = (__StackOneTop - SIZEOF (.stack1_dummy))
                0x20041800                        __StackBottom = (__StackTop - SIZEOF (.stack_dummy))
                0x20042000                        PROVIDE (__stack = __StackTop)
                0x00000001                        ASSERT ((__StackLimit >= __HeapLimit), region RAM overflowed)
                0x00000001                        ASSERT (((__binary_info_header_end - __logical_binary_start) <= 0x100), Binary info must be in first 256 bytes of the binary)
LOAD CMakeFiles/glowbit.dir/glowbit.c.obj
LOAD CMakeFiles/glowbit.dir/bus_scan.c.obj
LOAD CMakeFiles/glowbit.dir/DS3231.c.obj
LOAD CMakeFiles/glowbit.dir/home/john/pico/pico-sdk/src/rp2_common/pico_stdlib/stdlib.c.obj
LOAD CMakeFiles/glowbit.dir/home/john/pico/pico-sdk/src/rp2_common/hardware_gpio/gpio.c.obj
LOAD CMakeFiles/glowbit.dir/home/john/pico/pico-sdk/src/rp2_common/pico_platform/platform.c.obj
LOAD CMakeFiles/glowbit.dir/home/john/pico/pico-sdk/src/rp2_common/hardware_claim/claim.c.obj
LOAD CMakeFiles/glowbit.dir/home/john/pico/pico-sdk/src/rp2_common/hardware_sync/sync.c.obj
LOAD CMakeFiles/glowbit.dir/home/john/pico/pico-sdk/src/rp2_common/hardware_irq/irq.c.obj
LOAD CMakeFiles/glowbit.dir/home/john/pico/pico-sdk/src/rp2_common/hardware_irq/irq_handler_chain.S.obj
LOAD CMakeFiles/glowbit.dir/home/john/pico/pico-sdk/src/common/pico_sync/sem.c.obj
LOAD CMakeFiles/glowbit.dir/home/john/pico/pico-sdk/src/common/pico_sync/lock_core.c.obj
LOAD CMakeFiles/glowbit.dir/home/john/pico/pico-sdk/src/common/pico_sync/mutex.c.obj
LOAD CMakeFiles/glowbit.dir/home/john/pico/pico-sdk/src/common/pico_sync/critical_section.c.obj
LOAD CMakeFiles/glowbit.dir/home/john/pico/pico-sdk/src/common/pico_time/time.c.obj
LOAD CMakeFiles/glowbit.dir/home/john/pico/pico-sdk/src/common/pico_time/timeout_helper.c.obj
LOAD CMakeFiles/glowbit.dir/home/john/pico/pico-sdk/src/rp2_common/hardware_timer/timer.c.obj
LOAD CMakeFiles/glowbit.dir/home/john/pico/pico-sdk/src/common/pico_util/datetime.c.obj
LOAD CMakeFiles/glowbit.dir/home/john/pico/pico-sdk/src/common/pico_util/pheap.c.obj
LOAD CMakeFiles/glowbit.dir/home/john/pico/pico-sdk/src/common/pico_util/queue.c.obj
LOAD CMakeFiles/glowbit.dir/home/john/pico/pico-sdk/src/rp2_common/hardware_uart/uart.c.obj
LOAD CMakeFiles/glowbit.dir/home/john/pico/pico-sdk/src/rp2_common/hardware_clocks/clocks.c.obj
LOAD CMakeFiles/glowbit.dir/home/john/pico/pico-sdk/src/rp2_common/hardware_pll/pll.c.obj
LOAD CMakeFiles/glowbit.dir/home/john/pico/pico-sdk/src/rp2_common/hardware_vreg/vreg.c.obj
LOAD CMakeFiles/glowbit.dir/home/john/pico/pico-sdk/src/rp2_common/hardware_watchdog/watchdog.c.obj
LOAD CMakeFiles/glowbit.dir/home/john/pico/pico-sdk/src/rp2_common/hardware_xosc/xosc.c.obj
LOAD CMakeFiles/glowbit.dir/home/john/pico/pico-sdk/src/rp2_common/hardware_divider/divider.S.obj
LOAD CMakeFiles/glowbit.dir/home/john/pico/pico-sdk/src/rp2_common/pico_runtime/runtime.c.obj
LOAD CMakeFiles/glowbit.dir/home/john/pico/pico-sdk/src/rp2_common/pico_printf/printf.c.obj
LOAD CMakeFiles/glowbit.dir/home/john/pico/pico-sdk/src/rp2_common/pico_bit_ops/bit_ops_aeabi.S.obj
LOAD CMakeFiles/glowbit.dir/home/john/pico/pico-sdk/src/rp2_common/pico_bootrom/bootrom.c.obj
LOAD CMakeFiles/glowbit.dir/home/john/pico/pico-sdk/src/rp2_common/pico_divider/divider.S.obj
LOAD CMakeFiles/glowbit.dir/home/john/pico/pico-sdk/src/rp2_common/pico_double/double_aeabi.S.obj
LOAD CMakeFiles/glowbit.dir/home/john/pico/pico-sdk/src/rp2_common/pico_double/double_init_rom.c.obj
LOAD CMakeFiles/glowbit.dir/home/john/pico/pico-sdk/src/rp2_common/pico_double/double_math.c.obj
LOAD CMakeFiles/glowbit.dir/home/john/pico/pico-sdk/src/rp2_common/pico_double/double_v1_rom_shim.S.obj
LOAD CMakeFiles/glowbit.dir/home/john/pico/pico-sdk/src/rp2_common/pico_int64_ops/pico_int64_ops_aeabi.S.obj
LOAD CMakeFiles/glowbit.dir/home/john/pico/pico-sdk/src/rp2_common/pico_float/float_aeabi.S.obj
LOAD CMakeFiles/glowbit.dir/home/john/pico/pico-sdk/src/rp2_common/pico_float/float_init_rom.c.obj
LOAD CMakeFiles/glowbit.dir/home/john/pico/pico-sdk/src/rp2_common/pico_float/float_math.c.obj
LOAD CMakeFiles/glowbit.dir/home/john/pico/pico-sdk/src/rp2_common/pico_float/float_v1_rom_shim.S.obj
LOAD CMakeFiles/glowbit.dir/home/john/pico/pico-sdk/src/rp2_common/pico_malloc/pico_malloc.c.obj
LOAD CMakeFiles/glowbit.dir/home/john/pico/pico-sdk/src/rp2_common/pico_mem_ops/mem_ops_aeabi.S.obj
LOAD CMakeFiles/glowbit.dir/home/john/pico/pico-sdk/src/rp2_common/pico_standard_link/crt0.S.obj
LOAD CMakeFiles/glowbit.dir/home/john/pico/pico-sdk/src/rp2_common/pico_standard_link/new_delete.cpp.obj
LOAD CMakeFiles/glowbit.dir/home/john/pico/pico-sdk/src/rp2_common/pico_standard_link/binary_info.c.obj
LOAD CMakeFiles/glowbit.dir/home/john/pico/pico-sdk/src/rp2_common/pico_stdio/stdio.c.obj
LOAD CMakeFiles/glowbit.dir/home/john/pico/pico-sdk/src/rp2_common/pico_stdio_uart/stdio_uart.c.obj
LOAD CMakeFiles/glowbit.dir/home/john/pico/pico-sdk/src/rp2_common/hardware_i2c/i2c.c.obj
LOAD CMakeFiles/glowbit.dir/home/john/pico/pico-sdk/src/rp2_common/pico_cyw43_arch/cyw43_arch.c.obj
LOAD CMakeFiles/glowbit.dir/home/john/pico/pico-sdk/src/rp2_common/pico_cyw43_arch/cyw43_arch_poll.c.obj
LOAD CMakeFiles/glowbit.dir/home/john/pico/pico-sdk/src/rp2_common/pico_cyw43_arch/cyw43_arch_threadsafe_background.c.obj
LOAD CMakeFiles/glowbit.dir/home/john/pico/pico-sdk/src/rp2_common/pico_cyw43_arch/cyw43_arch_freertos.c.obj
LOAD CMakeFiles/glowbit.dir/home/john/pico/pico-sdk/src/rp2_common/pico_unique_id/unique_id.c.obj
LOAD CMakeFiles/glowbit.dir/home/john/pico/pico-sdk/src/rp2_common/hardware_flash/flash.c.obj
LOAD CMakeFiles/glowbit.dir/home/john/pico/pico-sdk/src/rp2_common/pico_cyw43_driver/cyw43_bus_pio_spi.c.obj
LOAD CMakeFiles/glowbit.dir/home/john/pico/pico-sdk/lib/cyw43-driver/src/cyw43_ll.c.obj
LOAD CMakeFiles/glowbit.dir/home/john/pico/pico-sdk/lib/cyw43-driver/src/cyw43_stats.c.obj
LOAD CMakeFiles/glowbit.dir/home/john/pico/pico-sdk/lib/cyw43-driver/src/cyw43_lwip.c.obj
LOAD CMakeFiles/glowbit.dir/home/john/pico/pico-sdk/lib/cyw43-driver/src/cyw43_ctrl.c.obj
LOAD CMakeFiles/glowbit.dir/home/john/pico/pico-sdk/src/rp2_common/pico_cyw43_driver/cybt_shared_bus/cybt_shared_bus.c.obj
LOAD CMakeFiles/glowbit.dir/home/john/pico/pico-sdk/src/rp2_common/pico_cyw43_driver/cybt_shared_bus/cybt_shared_bus_driver.c.obj
LOAD CMakeFiles/glowbit.dir/home/john/pico/pico-sdk/src/rp2_common/hardware_pio/pio.c.obj
LOAD CMakeFiles/glowbit.dir/home/john/pico/pico-sdk/src/rp2_common/hardware_dma/dma.c.obj
LOAD CMakeFiles/glowbit.dir/home/john/pico/pico-sdk/src/rp2_common/hardware_exception/exception.c.obj
LOAD CMakeFiles/glowbit.dir/home/john/pico/pico-sdk/src/rp2_common/pico_cyw43_driver/cyw43_driver.c.obj
LOAD CMakeFiles/glowbit.dir/home/john/pico/pico-sdk/src/rp2_common/pico_async_context/async_context_threadsafe_background.c.obj
LOAD CMakeFiles/glowbit.dir/home/john/pico/pico-sdk/src/rp2_common/pico_async_context/async_context_base.c.obj
LOAD /tmp/cc9IkhGA.o
LOAD /usr/lib/gcc/arm-none-eabi/12.2.1/../../../arm-none-eabi/lib/thumb/v6-m/nofp/libstdc++.a
LOAD /usr/lib/gcc/arm-none-eabi/12.2.1/../../../arm-none-eabi/lib/thumb/v6-m/nofp/libm.a
START GROUP
LOAD /usr/lib/gcc/arm-none-eabi/12.2.1/thumb/v6-m/nofp/libgcc.a
LOAD /usr/lib/gcc/arm-none-eabi/12.2.1/../../../arm-none-eabi/lib/thumb/v6-m/nofp/libg.a
LOAD /usr/lib/gcc/arm-none-eabi/12.2.1/../../../arm-none-eabi/lib/thumb/v6-m/nofp/libc.a
END GROUP
START GROUP
LOAD /usr/lib/gcc/arm-none-eabi/12.2.1/thumb/v6-m/nofp/libgcc.a
LOAD /usr/lib/gcc/arm-none-eabi/12.2.1/../../../arm-none-eabi/lib/thumb/v6-m/nofp/libc.a
LOAD /usr/lib/gcc/arm-none-eabi/12.2.1/../../../arm-none-eabi/lib/thumb/v6-m/nofp/libnosys.a
END GROUP
LOAD /usr/lib/gcc/arm-none-eabi/12.2.1/thumb/v6-m/nofp/crtend.o
LOAD /usr/lib/gcc/arm-none-eabi/12.2.1/thumb/v6-m/nofp/crtn.o
OUTPUT(glowbit.elf elf32-littlearm)
LOAD linker stubs

.ARM.attributes
                0x00000000       0x28
 .ARM.attributes
                0x00000000       0x1e /usr/lib/gcc/arm-none-eabi/12.2.1/thumb/v6-m/nofp/crti.o
 .ARM.attributes
                0x0000001e       0x2c /usr/lib/gcc/arm-none-eabi/12.2.1/thumb/v6-m/nofp/crtbegin.o
 .ARM.attributes
                0x0000004a       0x2c CMakeFiles/glowbit.dir/glowbit.c.obj
 .ARM.attributes
                0x00000076       0x2c CMakeFiles/glowbit.dir/bus_scan.c.obj
 .ARM.attributes
                0x000000a2       0x2c CMakeFiles/glowbit.dir/home/john/pico/pico-sdk/src/rp2_common/hardware_gpio/gpio.c.obj
 .ARM.attributes
                0x000000ce       0x2c CMakeFiles/glowbit.dir/home/john/pico/pico-sdk/src/rp2_common/pico_platform/platform.c.obj
 .ARM.attributes
                0x000000fa       0x2c CMakeFiles/glowbit.dir/home/john/pico/pico-sdk/src/rp2_common/hardware_claim/claim.c.obj
 .ARM.attributes
                0x00000126       0x2c CMakeFiles/glowbit.dir/home/john/pico/pico-sdk/src/rp2_common/hardware_sync/sync.c.obj
 .ARM.attributes
                0x00000152       0x2c CMakeFiles/glowbit.dir/home/john/pico/pico-sdk/src/rp2_common/hardware_irq/irq.c.obj
 .ARM.attributes
                0x0000017e       0x22 CMakeFiles/glowbit.dir/home/john/pico/pico-sdk/src/rp2_common/hardware_irq/irq_handler_chain.S.obj
 .ARM.attributes
                0x000001a0       0x2c CMakeFiles/glowbit.dir/home/john/pico/pico-sdk/src/common/pico_sync/lock_core.c.obj
 .ARM.attributes
                0x000001cc       0x2c CMakeFiles/glowbit.dir/home/john/pico/pico-sdk/src/common/pico_sync/mutex.c.obj
 .ARM.attributes
                0x000001f8       0x2c CMakeFiles/glowbit.dir/home/john/pico/pico-sdk/src/common/pico_time/time.c.obj
 .ARM.attributes
                0x00000224       0x2c CMakeFiles/glowbit.dir/home/john/pico/pico-sdk/src/rp2_common/hardware_timer/timer.c.obj
 .ARM.attributes
                0x00000250       0x2c CMakeFiles/glowbit.dir/home/john/pico/pico-sdk/src/common/pico_util/pheap.c.obj
 .ARM.attributes
                0x0000027c       0x2c CMakeFiles/glowbit.dir/home/john/pico/pico-sdk/src/rp2_common/hardware_uart/uart.c.obj
 .ARM.attributes
                0x000002a8       0x2c CMakeFiles/glowbit.dir/home/john/pico/pico-sdk/src/rp2_common/hardware_clocks/clocks.c.obj
 .ARM.attributes
                0x000002d4       0x2c CMakeFiles/glowbit.dir/home/john/pico/pico-sdk/src/rp2_common/hardware_pll/pll.c.obj
 .ARM.attributes
                0x00000300       0x2c CMakeFiles/glowbit.dir/home/john/pico/pico-sdk/src/rp2_common/hardware_watchdog/watchdog.c.obj
 .ARM.attributes
                0x0000032c       0x2c CMakeFiles/glowbit.dir/home/john/pico/pico-sdk/src/rp2_common/hardware_xosc/xosc.c.obj
 .ARM.attributes
                0x00000358       0x2c CMakeFiles/glowbit.dir/home/john/pico/pico-sdk/src/rp2_common/pico_runtime/runtime.c.obj
 .ARM.attributes
                0x00000384       0x2c CMakeFiles/glowbit.dir/home/john/pico/pico-sdk/src/rp2_common/pico_printf/printf.c.obj
 .ARM.attributes
                0x000003b0       0x22 CMakeFiles/glowbit.dir/home/john/pico/pico-sdk/src/rp2_common/pico_bit_ops/bit_ops_aeabi.S.obj
 .ARM.attributes
                0x000003d2       0x2c CMakeFiles/glowbit.dir/home/john/pico/pico-sdk/src/rp2_common/pico_bootrom/bootrom.c.obj
 .ARM.attributes
                0x000003fe       0x22 CMakeFiles/glowbit.dir/home/john/pico/pico-sdk/src/rp2_common/pico_divider/divider.S.obj
 .ARM.attributes
                0x00000420       0x22 CMakeFiles/glowbit.dir/home/john/pico/pico-sdk/src/rp2_common/pico_double/double_aeabi.S.obj
 .ARM.attributes
                0x00000442       0x2c CMakeFiles/glowbit.dir/home/john/pico/pico-sdk/src/rp2_common/pico_double/double_init_rom.c.obj
 .ARM.attributes
                0x0000046e       0x22 CMakeFiles/glowbit.dir/home/john/pico/pico-sdk/src/rp2_common/pico_double/double_v1_rom_shim.S.obj
 .ARM.attributes
                0x00000490       0x22 CMakeFiles/glowbit.dir/home/john/pico/pico-sdk/src/rp2_common/pico_int64_ops/pico_int64_ops_aeabi.S.obj
 .ARM.attributes
                0x000004b2       0x22 CMakeFiles/glowbit.dir/home/john/pico/pico-sdk/src/rp2_common/pico_float/float_aeabi.S.obj
 .ARM.attributes
                0x000004d4       0x2c CMakeFiles/glowbit.dir/home/john/pico/pico-sdk/src/rp2_common/pico_float/float_init_rom.c.obj
 .ARM.attributes
                0x00000500       0x22 CMakeFiles/glowbit.dir/home/john/pico/pico-sdk/src/rp2_common/pico_mem_ops/mem_ops_aeabi.S.obj
 .ARM.attributes
                0x00000522       0x22 CMakeFiles/glowbit.dir/home/john/pico/pico-sdk/src/rp2_common/pico_standard_link/crt0.S.obj
 .ARM.attributes
                0x00000544       0x2c CMakeFiles/glowbit.dir/home/john/pico/pico-sdk/src/rp2_common/pico_standard_link/binary_info.c.obj
 .ARM.attributes
                0x00000570       0x2c CMakeFiles/glowbit.dir/home/john/pico/pico-sdk/src/rp2_common/pico_stdio/stdio.c.obj
 .ARM.attributes
                0x0000059c       0x2c CMakeFiles/glowbit.dir/home/john/pico/pico-sdk/src/rp2_common/pico_stdio_uart/stdio_uart.c.obj
 .ARM.attributes
                0x000005c8       0x2c CMakeFiles/glowbit.dir/home/john/pico/pico-sdk/src/rp2_common/hardware_i2c/i2c.c.obj
 .ARM.attributes
                0x000005f4       0x2c CMakeFiles/glowbit.dir/home/john/pico/pico-sdk/src/rp2_common/pico_unique_id/unique_id.c.obj
 .ARM.attributes
                0x00000620       0x2c CMakeFiles/glowbit.dir/home/john/pico/pico-sdk/src/rp2_common/hardware_flash/flash.c.obj
 .ARM.attributes
                0x0000064c       0x2c CMakeFiles/glowbit.dir/home/john/pico/pico-sdk/src/rp2_common/hardware_pio/pio.c.obj
 .ARM.attributes
                0x00000678       0x22 /tmp/cc9IkhGA.o
 .ARM.attributes
                0x0000069a       0x1e /usr/lib/gcc/arm-none-eabi/12.2.1/thumb/v6-m/nofp/libgcc.a(_dvmd_tls.o)
 .ARM.attributes
                0x000006b8       0x2c /usr/lib/gcc/arm-none-eabi/12.2.1/../../../arm-none-eabi/lib/thumb/v6-m/nofp/libg.a(lib_a-strlen-stub.o)
 .ARM.attributes
                0x000006e4       0x2c /usr/lib/gcc/arm-none-eabi/12.2.1/thumb/v6-m/nofp/crtend.o

.comment        0x00000000       0x59
 .comment       0x00000000       0x26 /usr/lib/gcc/arm-none-eabi/12.2.1/thumb/v6-m/nofp/crtbegin.o
                                 0x27 (size before relaxing)
 .comment       0x00000026       0x27 CMakeFiles/glowbit.dir/glowbit.c.obj
 .comment       0x00000026       0x27 CMakeFiles/glowbit.dir/bus_scan.c.obj
 .comment       0x00000026       0x27 CMakeFiles/glowbit.dir/home/john/pico/pico-sdk/src/rp2_common/hardware_gpio/gpio.c.obj
 .comment       0x00000026       0x27 CMakeFiles/glowbit.dir/home/john/pico/pico-sdk/src/rp2_common/pico_platform/platform.c.obj
 .comment       0x00000026       0x27 CMakeFiles/glowbit.dir/home/john/pico/pico-sdk/src/rp2_common/hardware_claim/claim.c.obj
 .comment       0x00000026       0x27 CMakeFiles/glowbit.dir/home/john/pico/pico-sdk/src/rp2_common/hardware_sync/sync.c.obj
 .comment       0x00000026       0x27 CMakeFiles/glowbit.dir/home/john/pico/pico-sdk/src/rp2_common/hardware_irq/irq.c.obj
 .comment       0x00000026       0x27 CMakeFiles/glowbit.dir/home/john/pico/pico-sdk/src/common/pico_sync/lock_core.c.obj
 .comment       0x00000026       0x27 CMakeFiles/glowbit.dir/home/john/pico/pico-sdk/src/common/pico_sync/mutex.c.obj
 .comment       0x00000026       0x27 CMakeFiles/glowbit.dir/home/john/pico/pico-sdk/src/common/pico_time/time.c.obj
 .comment       0x00000026       0x27 CMakeFiles/glowbit.dir/home/john/pico/pico-sdk/src/rp2_common/hardware_timer/timer.c.obj
 .comment       0x00000026       0x27 CMakeFiles/glowbit.dir/home/john/pico/pico-sdk/src/common/pico_util/pheap.c.obj
 .comment       0x00000026       0x27 CMakeFiles/glowbit.dir/home/john/pico/pico-sdk/src/rp2_common/hardware_uart/uart.c.obj
 .comment       0x00000026       0x27 CMakeFiles/glowbit.dir/home/john/pico/pico-sdk/src/rp2_common/hardware_clocks/clocks.c.obj
 .comment       0x00000026       0x27 CMakeFiles/glowbit.dir/home/john/pico/pico-sdk/src/rp2_common/hardware_pll/pll.c.obj
 .comment       0x00000026       0x27 CMakeFiles/glowbit.dir/home/john/pico/pico-sdk/src/rp2_common/hardware_watchdog/watchdog.c.obj
 .comment       0x00000026       0x27 CMakeFiles/glowbit.dir/home/john/pico/pico-sdk/src/rp2_common/hardware_xosc/xosc.c.obj
 .comment       0x00000026       0x27 CMakeFiles/glowbit.dir/home/john/pico/pico-sdk/src/rp2_common/pico_runtime/runtime.c.obj
 .comment       0x00000026       0x27 CMakeFiles/glowbit.dir/home/john/pico/pico-sdk/src/rp2_common/pico_printf/printf.c.obj
 .comment       0x00000026       0x27 CMakeFiles/glowbit.dir/home/john/pico/pico-sdk/src/rp2_common/pico_bootrom/bootrom.c.obj
 .comment       0x00000026       0x27 CMakeFiles/glowbit.dir/home/john/pico/pico-sdk/src/rp2_common/pico_double/double_init_rom.c.obj
 .comment       0x00000026       0x27 CMakeFiles/glowbit.dir/home/john/pico/pico-sdk/src/rp2_common/pico_float/float_init_rom.c.obj
 .comment       0x00000026       0x27 CMakeFiles/glowbit.dir/home/john/pico/pico-sdk/src/rp2_common/pico_standard_link/binary_info.c.obj
 .comment       0x00000026       0x27 CMakeFiles/glowbit.dir/home/john/pico/pico-sdk/src/rp2_common/pico_stdio/stdio.c.obj
 .comment       0x00000026       0x27 CMakeFiles/glowbit.dir/home/john/pico/pico-sdk/src/rp2_common/pico_stdio_uart/stdio_uart.c.obj
 .comment       0x00000026       0x27 CMakeFiles/glowbit.dir/home/john/pico/pico-sdk/src/rp2_common/hardware_i2c/i2c.c.obj
 .comment       0x00000026       0x27 CMakeFiles/glowbit.dir/home/john/pico/pico-sdk/src/rp2_common/pico_unique_id/unique_id.c.obj
 .comment       0x00000026       0x27 CMakeFiles/glowbit.dir/home/john/pico/pico-sdk/src/rp2_common/hardware_flash/flash.c.obj
 .comment       0x00000026       0x27 CMakeFiles/glowbit.dir/home/john/pico/pico-sdk/src/rp2_common/hardware_pio/pio.c.obj
 .comment       0x00000026       0x33 /usr/lib/gcc/arm-none-eabi/12.2.1/../../../arm-none-eabi/lib/thumb/v6-m/nofp/libg.a(lib_a-strlen-stub.o)
                                 0x34 (size before relaxing)
 .comment       0x00000059       0x27 /usr/lib/gcc/arm-none-eabi/12.2.1/thumb/v6-m/nofp/crtend.o

.debug_info     0x00000000    0x1a5e3
 .debug_info    0x00000000     0x14fc CMakeFiles/glowbit.dir/glowbit.c.obj
 .debug_info    0x000014fc      0x801 CMakeFiles/glowbit.dir/bus_scan.c.obj
 .debug_info    0x00001cfd     0x17d1 CMakeFiles/glowbit.dir/home/john/pico/pico-sdk/src/rp2_common/hardware_gpio/gpio.c.obj
 .debug_info    0x000034ce      0x1e3 CMakeFiles/glowbit.dir/home/john/pico/pico-sdk/src/rp2_common/pico_platform/platform.c.obj
 .debug_info    0x000036b1      0x682 CMakeFiles/glowbit.dir/home/john/pico/pico-sdk/src/rp2_common/hardware_claim/claim.c.obj
 .debug_info    0x00003d33      0x5c3 CMakeFiles/glowbit.dir/home/john/pico/pico-sdk/src/rp2_common/hardware_sync/sync.c.obj
 .debug_info    0x000042f6     0x1bc3 CMakeFiles/glowbit.dir/home/john/pico/pico-sdk/src/rp2_common/hardware_irq/irq.c.obj
 .debug_info    0x00005eb9      0x197 CMakeFiles/glowbit.dir/home/john/pico/pico-sdk/src/common/pico_sync/lock_core.c.obj
 .debug_info    0x00006050     0x1ce9 CMakeFiles/glowbit.dir/home/john/pico/pico-sdk/src/common/pico_sync/mutex.c.obj
 .debug_info    0x00007d39     0x33ad CMakeFiles/glowbit.dir/home/john/pico/pico-sdk/src/common/pico_time/time.c.obj
 .debug_info    0x0000b0e6     0x13ee CMakeFiles/glowbit.dir/home/john/pico/pico-sdk/src/rp2_common/hardware_timer/timer.c.obj
 .debug_info    0x0000c4d4      0xe63 CMakeFiles/glowbit.dir/home/john/pico/pico-sdk/src/common/pico_util/pheap.c.obj
 .debug_info    0x0000d337      0xd74 CMakeFiles/glowbit.dir/home/john/pico/pico-sdk/src/rp2_common/hardware_uart/uart.c.obj
 .debug_info    0x0000e0ab      0xfb7 CMakeFiles/glowbit.dir/home/john/pico/pico-sdk/src/rp2_common/hardware_clocks/clocks.c.obj
 .debug_info    0x0000f062      0x4ed CMakeFiles/glowbit.dir/home/john/pico/pico-sdk/src/rp2_common/hardware_pll/pll.c.obj
 .debug_info    0x0000f54f      0x4c5 CMakeFiles/glowbit.dir/home/john/pico/pico-sdk/src/rp2_common/hardware_watchdog/watchdog.c.obj
 .debug_info    0x0000fa14      0x1af CMakeFiles/glowbit.dir/home/john/pico/pico-sdk/src/rp2_common/hardware_xosc/xosc.c.obj
 .debug_info    0x0000fbc3      0xf17 CMakeFiles/glowbit.dir/home/john/pico/pico-sdk/src/rp2_common/pico_runtime/runtime.c.obj
 .debug_info    0x00010ada     0x198a CMakeFiles/glowbit.dir/home/john/pico/pico-sdk/src/rp2_common/pico_printf/printf.c.obj
 .debug_info    0x00012464       0x23 CMakeFiles/glowbit.dir/home/john/pico/pico-sdk/src/rp2_common/pico_bit_ops/bit_ops_aeabi.S.obj
 .debug_info    0x00012487      0x301 CMakeFiles/glowbit.dir/home/john/pico/pico-sdk/src/rp2_common/pico_bootrom/bootrom.c.obj
 .debug_info    0x00012788       0x23 CMakeFiles/glowbit.dir/home/john/pico/pico-sdk/src/rp2_common/pico_divider/divider.S.obj
 .debug_info    0x000127ab       0x23 CMakeFiles/glowbit.dir/home/john/pico/pico-sdk/src/rp2_common/pico_double/double_aeabi.S.obj
 .debug_info    0x000127ce      0x335 CMakeFiles/glowbit.dir/home/john/pico/pico-sdk/src/rp2_common/pico_double/double_init_rom.c.obj
 .debug_info    0x00012b03       0x24 CMakeFiles/glowbit.dir/home/john/pico/pico-sdk/src/rp2_common/pico_double/double_v1_rom_shim.S.obj
 .debug_info    0x00012b27       0x24 CMakeFiles/glowbit.dir/home/john/pico/pico-sdk/src/rp2_common/pico_int64_ops/pico_int64_ops_aeabi.S.obj
 .debug_info    0x00012b4b       0x23 CMakeFiles/glowbit.dir/home/john/pico/pico-sdk/src/rp2_common/pico_float/float_aeabi.S.obj
 .debug_info    0x00012b6e      0x316 CMakeFiles/glowbit.dir/home/john/pico/pico-sdk/src/rp2_common/pico_float/float_init_rom.c.obj
 .debug_info    0x00012e84       0x23 CMakeFiles/glowbit.dir/home/john/pico/pico-sdk/src/rp2_common/pico_mem_ops/mem_ops_aeabi.S.obj
 .debug_info    0x00012ea7       0x23 CMakeFiles/glowbit.dir/home/john/pico/pico-sdk/src/rp2_common/pico_standard_link/crt0.S.obj
 .debug_info    0x00012eca      0x2b2 CMakeFiles/glowbit.dir/home/john/pico/pico-sdk/src/rp2_common/pico_standard_link/binary_info.c.obj
 .debug_info    0x0001317c     0x1725 CMakeFiles/glowbit.dir/home/john/pico/pico-sdk/src/rp2_common/pico_stdio/stdio.c.obj
 .debug_info    0x000148a1     0x1003 CMakeFiles/glowbit.dir/home/john/pico/pico-sdk/src/rp2_common/pico_stdio_uart/stdio_uart.c.obj
 .debug_info    0x000158a4     0x157c CMakeFiles/glowbit.dir/home/john/pico/pico-sdk/src/rp2_common/hardware_i2c/i2c.c.obj
 .debug_info    0x00016e20      0x269 CMakeFiles/glowbit.dir/home/john/pico/pico-sdk/src/rp2_common/pico_unique_id/unique_id.c.obj
 .debug_info    0x00017089     0x1240 CMakeFiles/glowbit.dir/home/john/pico/pico-sdk/src/rp2_common/hardware_flash/flash.c.obj
 .debug_info    0x000182c9     0x21f3 CMakeFiles/glowbit.dir/home/john/pico/pico-sdk/src/rp2_common/hardware_pio/pio.c.obj
 .debug_info    0x0001a4bc       0x39 /usr/lib/gcc/arm-none-eabi/12.2.1/thumb/v6-m/nofp/libgcc.a(_dvmd_tls.o)
 .debug_info    0x0001a4f5       0xee /usr/lib/gcc/arm-none-eabi/12.2.1/../../../arm-none-eabi/lib/thumb/v6-m/nofp/libg.a(lib_a-strlen-stub.o)

.debug_abbrev   0x00000000     0x59e0
 .debug_abbrev  0x00000000      0x4f7 CMakeFiles/glowbit.dir/glowbit.c.obj
 .debug_abbrev  0x000004f7      0x291 CMakeFiles/glowbit.dir/bus_scan.c.obj
 .debug_abbrev  0x00000788      0x3a6 CMakeFiles/glowbit.dir/home/john/pico/pico-sdk/src/rp2_common/hardware_gpio/gpio.c.obj
 .debug_abbrev  0x00000b2e       0xf8 CMakeFiles/glowbit.dir/home/john/pico/pico-sdk/src/rp2_common/pico_platform/platform.c.obj
 .debug_abbrev  0x00000c26      0x2ce CMakeFiles/glowbit.dir/home/john/pico/pico-sdk/src/rp2_common/hardware_claim/claim.c.obj
 .debug_abbrev  0x00000ef4      0x249 CMakeFiles/glowbit.dir/home/john/pico/pico-sdk/src/rp2_common/hardware_sync/sync.c.obj